Component: ARM Compiler 6.12 Tool: armlink [5d624300]

==============================================================================

Section Cross References

    startup_stm32g474xx.o(RESET) refers to startup_stm32g474xx.o(STACK) for __initial_sp
    startup_stm32g474xx.o(RESET) refers to startup_stm32g474xx.o(.text) for Reset_Handler
    startup_stm32g474xx.o(RESET) refers to stm32g4xx_it.o(.text.NMI_Handler) for NMI_Handler
    startup_stm32g474xx.o(RESET) refers to stm32g4xx_it.o(.text.HardFault_Handler) for HardFault_Handler
    startup_stm32g474xx.o(RESET) refers to stm32g4xx_it.o(.text.MemManage_Handler) for MemManage_Handler
    startup_stm32g474xx.o(RESET) refers to stm32g4xx_it.o(.text.BusFault_Handler) for BusFault_Handler
    startup_stm32g474xx.o(RESET) refers to stm32g4xx_it.o(.text.UsageFault_Handler) for UsageFault_Handler
    startup_stm32g474xx.o(RESET) refers to stm32g4xx_it.o(.text.SVC_Handler) for SVC_Handler
    startup_stm32g474xx.o(RESET) refers to stm32g4xx_it.o(.text.DebugMon_Handler) for DebugMon_Handler
    startup_stm32g474xx.o(RESET) refers to stm32g4xx_it.o(.text.PendSV_Handler) for PendSV_Handler
    startup_stm32g474xx.o(RESET) refers to stm32g4xx_it.o(.text.SysTick_Handler) for SysTick_Handler
    startup_stm32g474xx.o(RESET) refers to stm32g4xx_it.o(.text.EXTI2_IRQHandler) for EXTI2_IRQHandler
    startup_stm32g474xx.o(RESET) refers to stm32g4xx_it.o(.text.EXTI4_IRQHandler) for EXTI4_IRQHandler
    startup_stm32g474xx.o(RESET) refers to stm32g4xx_it.o(.text.DMA1_Channel1_IRQHandler) for DMA1_Channel1_IRQHandler
    startup_stm32g474xx.o(RESET) refers to stm32g4xx_it.o(.text.DMA1_Channel2_IRQHandler) for DMA1_Channel2_IRQHandler
    startup_stm32g474xx.o(RESET) refers to stm32g4xx_it.o(.text.DMA1_Channel3_IRQHandler) for DMA1_Channel3_IRQHandler
    startup_stm32g474xx.o(RESET) refers to stm32g4xx_it.o(.text.DMA1_Channel4_IRQHandler) for DMA1_Channel4_IRQHandler
    startup_stm32g474xx.o(RESET) refers to stm32g4xx_it.o(.text.ADC1_2_IRQHandler) for ADC1_2_IRQHandler
    startup_stm32g474xx.o(RESET) refers to stm32g4xx_it.o(.text.EXTI9_5_IRQHandler) for EXTI9_5_IRQHandler
    startup_stm32g474xx.o(RESET) refers to stm32g4xx_it.o(.text.I2C2_EV_IRQHandler) for I2C2_EV_IRQHandler
    startup_stm32g474xx.o(RESET) refers to stm32g4xx_it.o(.text.I2C2_ER_IRQHandler) for I2C2_ER_IRQHandler
    startup_stm32g474xx.o(RESET) refers to stm32g4xx_it.o(.text.USART3_IRQHandler) for USART3_IRQHandler
    startup_stm32g474xx.o(RESET) refers to stm32g4xx_it.o(.text.ADC3_IRQHandler) for ADC3_IRQHandler
    startup_stm32g474xx.o(RESET) refers to stm32g4xx_it.o(.text.SPI3_IRQHandler) for SPI3_IRQHandler
    startup_stm32g474xx.o(RESET) refers to stm32g4xx_it.o(.text.TIM6_DAC_IRQHandler) for TIM6_DAC_IRQHandler
    startup_stm32g474xx.o(RESET) refers to stm32g4xx_it.o(.text.TIM7_DAC_IRQHandler) for TIM7_DAC_IRQHandler
    startup_stm32g474xx.o(RESET) refers to stm32g4xx_it.o(.text.ADC4_IRQHandler) for ADC4_IRQHandler
    startup_stm32g474xx.o(RESET) refers to stm32g4xx_it.o(.text.COMP4_5_6_IRQHandler) for COMP4_5_6_IRQHandler
    startup_stm32g474xx.o(.text) refers to system_stm32g4xx.o(.text.SystemInit) for SystemInit
    startup_stm32g474xx.o(.text) refers to entry.o(.ARM.Collect$$$$00000000) for __main
    main.o(.text.HAL_GPIO_EXTI_Callback) refers to stm32g4xx_hal_gpio.o(.text.HAL_GPIO_ReadPin) for HAL_GPIO_ReadPin
    main.o(.text.HAL_GPIO_EXTI_Callback) refers to stm32g4xx_hal_spi.o(.text.HAL_SPI_DeInit) for HAL_SPI_DeInit
    main.o(.text.HAL_GPIO_EXTI_Callback) refers to main.o(.text.reset_rgb_LED) for reset_rgb_LED
    main.o(.text.HAL_GPIO_EXTI_Callback) refers to stm32g4xx_hal_spi.o(.text.HAL_SPI_Init) for HAL_SPI_Init
    main.o(.text.HAL_GPIO_EXTI_Callback) refers to stm32g4xx_hal_gpio.o(.text.HAL_GPIO_WritePin) for HAL_GPIO_WritePin
    main.o(.text.HAL_GPIO_EXTI_Callback) refers to main.o(.bss..L_MergedGlobals.1) for [Anonymous Symbol]
    main.o(.text.HAL_GPIO_EXTI_Callback) refers to main.o(.bss..L_MergedGlobals.5) for [Anonymous Symbol]
    main.o(.text.HAL_GPIO_EXTI_Callback) refers to main.o(.bss..L_MergedGlobals.2) for [Anonymous Symbol]
    main.o(.text.HAL_GPIO_EXTI_Callback) refers to main.o(.bss.hspi3) for hspi3
    main.o(.ARM.exidx.text.HAL_GPIO_EXTI_Callback) refers to main.o(.text.HAL_GPIO_EXTI_Callback) for [Anonymous Symbol]
    main.o(.text.reset_rgb_LED) refers to main.o(.text.set_R_LED) for set_R_LED
    main.o(.text.reset_rgb_LED) refers to main.o(.text.set_G_LED) for set_G_LED
    main.o(.text.reset_rgb_LED) refers to main.o(.text.set_B_LED) for set_B_LED
    main.o(.ARM.exidx.text.reset_rgb_LED) refers to main.o(.text.reset_rgb_LED) for [Anonymous Symbol]
    main.o(.text.HAL_SPI_TxRxCpltCallback) refers to main.o(.text.spi_receive_handler) for spi_receive_handler
    main.o(.text.HAL_SPI_TxRxCpltCallback) refers to main.o(.bss..L_MergedGlobals.1) for [Anonymous Symbol]
[...]
    __arm_cp.14_15                           0x08007da4   Number         4  main.o(.text.main)
    __arm_cp.14_17                           0x08007da8   Number         4  main.o(.text.main)
    __arm_cp.14_18                           0x08007dac   Number         4  main.o(.text.main)
    __arm_cp.14_21                           0x08007db0   Number         4  main.o(.text.main)
    __arm_cp.14_22                           0x08007db4   Number         4  main.o(.text.main)
    __arm_cp.14_23                           0x08007db8   Number         4  main.o(.text.main)
    __arm_cp.14_24                           0x08007dbc   Number         4  main.o(.text.main)
    __arm_cp.14_26                           0x08007dc0   Number         4  main.o(.text.main)
    __arm_cp.14_28                           0x08007dc4   Number         4  main.o(.text.main)
    __arm_cp.14_30                           0x08007dc8   Number         4  main.o(.text.main)
    __arm_cp.14_31                           0x08007dcc   Number         4  main.o(.text.main)
    __arm_cp.14_33                           0x08007dd0   Number         4  main.o(.text.main)
    [Anonymous Symbol]                       0x08007dd4   Section        0  main.o(.text.mode_1_LED)
    [Anonymous Symbol]                       0x08007dec   Section        0  main.o(.text.mode_1_LED_toggle)
    [Anonymous Symbol]                       0x08007e02   Section        0  main.o(.text.mode_2_LED)
    [Anonymous Symbol]                       0x08007e1a   Section        0  main.o(.text.mode_2_LED_toggle)
    [Anonymous Symbol]                       0x08007e2e   Section        0  main.o(.text.mode_3_LED)
    [Anonymous Symbol]                       0x08007e46   Section        0  main.o(.text.mode_3_LED_toggle)
    [Anonymous Symbol]                       0x08007e5a   Section        0  main.o(.text.mode_4_LED)
    [Anonymous Symbol]                       0x08007e72   Section        0  main.o(.text.mode_4_LED_toggle)
    [Anonymous Symbol]                       0x08007e86   Section        0  main.o(.text.reset_rgb_LED)
    [Anonymous Symbol]                       0x08007e9e   Section        0  main.o(.text.set_B_LED)
    [Anonymous Symbol]                       0x08007eb2   Section        0  main.o(.text.set_G_LED)
    [Anonymous Symbol]                       0x08007ec6   Section        0  main.o(.text.set_R_LED)
    [Anonymous Symbol]                       0x08007eda   Section        0  main.o(.text.set_ble_LED)
    [Anonymous Symbol]                       0x08007ef4   Section        0  main.o(.text.spi_receive_handler)
    __arm_cp.3_0                             0x08008054   Number         4  main.o(.text.spi_receive_handler)
    __arm_cp.3_1                             0x08008058   Number         4  main.o(.text.spi_receive_handler)
    [Anonymous Symbol]                       0x0800805c   Section        0  main.o(.text.toggle_B_LED)
    [Anonymous Symbol]                       0x08008066   Section        0  main.o(.text.toggle_G_LED)
    [Anonymous Symbol]                       0x08008070   Section        0  main.o(.text.toggle_R_LED)
    [Anonymous Symbol]                       0x0800807a   Section        0  main.o(.text.toggle_bleMode_LED)
    i.__scatterload_copy                     0x08008090   Section       14  handlers.o(i.__scatterload_copy)
    i.__scatterload_null                     0x0800809e   Section        2  handlers.o(i.__scatterload_null)
    i.__scatterload_zeroinit                 0x080080a0   Section       14  handlers.o(i.__scatterload_zeroinit)
    [Anonymous Symbol]                       0x080080b0   Section        0  stm32g4xx_hal_uart.o(.rodata..Lswitch.table.UART_SetConfig.19)
    .L__const.UARTEx_SetNbDataToProcess.numerator 0x080080f4   Data           8  stm32g4xx_hal_uart_ex.o(.rodata.cst8)
    .L__const.UARTEx_SetNbDataToProcess.denominator 0x080080fc   Data           8  stm32g4xx_hal_uart_ex.o(.rodata.cst8)
    [Anonymous Symbol]                       0x20000000   Section        0  main.o(.data..L_MergedGlobals)
    [Anonymous Symbol]                       0x20000004   Section        0  stm32g4xx_hal.o(.data..L_MergedGlobals)
    HAL_RCC_ADC12_CLK_ENABLED                0x20000010   Data           4  stm32g4xx_hal_msp.o(.bss..L_MergedGlobals)
    [Anonymous Symbol]                       0x20000010   Section        0  stm32g4xx_hal_msp.o(.bss..L_MergedGlobals)
    HAL_RCC_ADC345_CLK_ENABLED               0x20000014   Data           4  stm32g4xx_hal_msp.o(.bss..L_MergedGlobals)
    [Anonymous Symbol]                       0x20000018   Section        0  main.o(.bss..L_MergedGlobals.1)
    [Anonymous Symbol]                       0x20000090   Section        0  main.o(.bss..L_MergedGlobals.2)
    [Anonymous Symbol]                       0x2000010c   Section        0  main.o(.bss..L_MergedGlobals.3)
    [Anonymous Symbol]                       0x20000178   Section        0  main.o(.bss..L_MergedGlobals.4)
    [Anonymous Symbol]                       0x200001e8   Section        0  main.o(.bss..L_MergedGlobals.5)
    STACK                                    0x20000760   Section     1024  startup_stm32g474xx.o(STACK)

    Global Symbols

    Symbol Name                              Value     Ov Type        Size  Object(Section)

    BuildAttributes$$THM_ISAv4$E$P$D$K$B$S$7EM$VFPi3$EXTD16$VFPS$VFMA$PE$A:L22UL41UL21$X:L11$S22US41US21$IEEE1$IW$~IW$USESV6$~STKCKD$USESV7$~SHL$OSPACE$ROPI$EBA8$MICROLIB$REQ8$PRES8$EABIv2 0x00000000   Number         0  anon$$obj.o ABSOLUTE
    __cpp_initialize__aeabi_                  - Undefined Weak Reference
    __cxa_finalize                            - Undefined Weak Reference
    __decompress                              - Undefined Weak Reference
    _clock_init                               - Undefined Weak Reference
    _microlib_exit                            - Undefined Weak Reference
    __Vectors_Size                           0x000001d8   Number         0  startup_stm32g474xx.o ABSOLUTE
    __Vectors                                0x08000000   Data           4  startup_stm32g474xx.o(RESET)
    __Vectors_End                            0x080001d8   Data           0  startup_stm32g474xx.o(RESET)
    __main                                   0x080001d9   Thumb Code     0  entry.o(.ARM.Collect$$$$00000000)
    _main_stk                                0x080001d9   Thumb Code     0  entry2.o(.ARM.Collect$$$$00000001)
    _main_scatterload                        0x080001dd   Thumb Code     0  entry5.o(.ARM.Collect$$$$00000004)
    __main_after_scatterload                 0x080001e1   Thumb Code     0  entry5.o(.ARM.Collect$$$$00000004)
    _main_clock                              0x080001e1   Thumb Code     0  entry7b.o(.ARM.Collect$$$$00000008)
    _main_cpp_init                           0x080001e1   Thumb Code     0  entry8b.o(.ARM.Collect$$$$0000000A)
    _main_init                               0x080001e1   Thumb Code     0  entry9a.o(.ARM.Collect$$$$0000000B)
    __rt_final_cpp                           0x080001e9   Thumb Code     0  entry10a.o(.ARM.Collect$$$$0000000D)
    __rt_final_exit                          0x080001e9   Thumb Code     0  entry11a.o(.ARM.Collect$$$$0000000F)
    Reset_Handler                            0x080001ed   Thumb Code     8  startup_stm32g474xx.o(.text)
    ADC5_IRQHandler                          0x08000207   Thumb Code     0  startup_stm32g474xx.o(.text)
    COMP1_2_3_IRQHandler                     0x08000207   Thumb Code     0  startup_stm32g474xx.o(.text)
    COMP7_IRQHandler                         0x08000207   Thumb Code     0  startup_stm32g474xx.o(.text)
    CORDIC_IRQHandler                        0x08000207   Thumb Code     0  startup_stm32g474xx.o(.text)
    CRS_IRQHandler                           0x08000207   Thumb Code     0  startup_stm32g474xx.o(.text)
    DMA1_Channel5_IRQHandler                 0x08000207   Thumb Code     0  startup_stm32g474xx.o(.text)
    DMA1_Channel6_IRQHandler                 0x08000207   Thumb Code     0  startup_stm32g474xx.o(.text)
    DMA1_Channel7_IRQHandler                 0x08000207   Thumb Code     0  startup_stm32g474xx.o(.text)
    DMA1_Channel8_IRQHandler                 0x08000207   Thumb Code     0  startup_stm32g474xx.o(.text)
    DMA2_Channel1_IRQHandler                 0x08000207   Thumb Code     0  startup_stm32g474xx.o(.text)
    DMA2_Channel2_IRQHandler                 0x08000207   Thumb Code     0  startup_stm32g474xx.o(.text)
    DMA2_Channel3_IRQHandler                 0x08000207   Thumb Code     0  startup_stm32g474xx.o(.text)
    DMA2_Channel4_IRQHandler                 0x08000207   Thumb Code     0  startup_stm32g474xx.o(.text)
    DMA2_Channel5_IRQHandler                 0x08000207   Thumb Code     0  startup_stm32g474xx.o(.text)
    DMA2_Channel6_IRQHandler                 0x08000207   Thumb Code     0  startup_stm32g474xx.o(.text)
    DMA2_Channel7_IRQHandler                 0x08000207   Thumb Code     0  startup_stm32g474xx.o(.text)
    DMA2_Channel8_IRQHandler                 0x08000207   Thumb Code     0  startup_stm32g474xx.o(.text)
    DMAMUX_OVR_IRQHandler                    0x08000207   Thumb Code     0  startup_stm32g474xx.o(.text)
    EXTI0_IRQHandler                         0x08000207   Thumb Code     0  startup_stm32g474xx.o(.text)
    EXTI15_10_IRQHandler                     0x08000207   Thumb Code     0  startup_stm32g474xx.o(.text)
    EXTI1_IRQHandler                         0x08000207   Thumb Code     0  startup_stm32g474xx.o(.text)
    EXTI3_IRQHandler                         0x08000207   Thumb Code     0  startup_stm32g474xx.o(.text)
    FDCAN1_IT0_IRQHandler                    0x08000207   Thumb Code     0  startup_stm32g474xx.o(.text)
    FDCAN1_IT1_IRQHandler                    0x08000207   Thumb Code     0  startup_stm32g474xx.o(.text)
    FDCAN2_IT0_IRQHandler                    0x08000207   Thumb Code     0  startup_stm32g474xx.o(.text)
    FDCAN2_IT1_IRQHandler                    0x08000207   Thumb Code     0  startup_stm32g474xx.o(.text)
    FDCAN3_IT0_IRQHandler                    0x08000207   Thumb Code     0  startup_stm32g474xx.o(.text)
    FDCAN3_IT1_IRQHandler                    0x08000207   Thumb Code     0  startup_stm32g474xx.o(.text)
    FLASH_IRQHandler                         0x08000207   Thumb Code     0  startup_stm32g474xx.o(.text)
    FMAC_IRQHandler                          0x08000207   Thumb Code     0  startup_stm32g474xx.o(.text)
    FMC_IRQHandler                           0x08000207   Thumb Code     0  startup_stm32g474xx.o(.text)
    FPU_IRQHandler                           0x08000207   Thumb Code     0  startup_stm32g474xx.o(.text)
    HRTIM1_FLT_IRQHandler                    0x08000207   Thumb Code     0  startup_stm32g474xx.o(.text)
    HRTIM1_Master_IRQHandler                 0x08000207   Thumb Code     0  startup_stm32g474xx.o(.text)
    HRTIM1_TIMA_IRQHandler                   0x08000207   Thumb Code     0  startup_stm32g474xx.o(.text)
    HRTIM1_TIMB_IRQHandler                   0x08000207   Thumb Code     0  startup_stm32g474xx.o(.text)
    HRTIM1_TIMC_IRQHandler                   0x08000207   Thumb Code     0  startup_stm32g474xx.o(.text)
    HRTIM1_TIMD_IRQHandler                   0x08000207   Thumb Code     0  startup_stm32g474xx.o(.text)
    HRTIM1_TIME_IRQHandler                   0x08000207   Thumb Code     0  startup_stm32g474xx.o(.text)
    HRTIM1_TIMF_IRQHandler                   0x08000207   Thumb Code     0  startup_stm32g474xx.o(.text)
    I2C1_ER_IRQHandler                       0x08000207   Thumb Code     0  startup_stm32g474xx.o(.text)
    I2C1_EV_IRQHandler                       0x08000207   Thumb Code     0  startup_stm32g474xx.o(.text)
    I2C3_ER_IRQHandler                       0x08000207   Thumb Code     0  startup_stm32g474xx.o(.text)
    I2C3_EV_IRQHandler                       0x08000207   Thumb Code     0  startup_stm32g474xx.o(.text)
    I2C4_ER_IRQHandler                       0x08000207   Thumb Code     0  startup_stm32g474xx.o(.text)
    I2C4_EV_IRQHandler                       0x08000207   Thumb Code     0  startup_stm32g474xx.o(.text)
    LPTIM1_IRQHandler                        0x08000207   Thumb Code     0  startup_stm32g474xx.o(.text)
    LPUART1_IRQHandler                       0x08000207   Thumb Code     0  startup_stm32g474xx.o(.text)
    PVD_PVM_IRQHandler                       0x08000207   Thumb Code     0  startup_stm32g474xx.o(.text)
    QUADSPI_IRQHandler                       0x08000207   Thumb Code     0  startup_stm32g474xx.o(.text)
    RCC_IRQHandler                           0x08000207   Thumb Code     0  startup_stm32g474xx.o(.text)
    RNG_IRQHandler                           0x08000207   Thumb Code     0  startup_stm32g474xx.o(.text)
    RTC_Alarm_IRQHandler                     0x08000207   Thumb Code     0  startup_stm32g474xx.o(.text)
    RTC_TAMP_LSECSS_IRQHandler               0x08000207   Thumb Code     0  startup_stm32g474xx.o(.text)
    RTC_WKUP_IRQHandler                      0x08000207   Thumb Code     0  startup_stm32g474xx.o(.text)
    SAI1_IRQHandler                          0x08000207   Thumb Code     0  startup_stm32g474xx.o(.text)
    SPI1_IRQHandler                          0x08000207   Thumb Code     0  startup_stm32g474xx.o(.text)
    SPI2_IRQHandler                          0x08000207   Thumb Code     0  startup_stm32g474xx.o(.text)
    SPI4_IRQHandler                          0x08000207   Thumb Code     0  startup_stm32g474xx.o(.text)
    TIM1_BRK_TIM15_IRQHandler                0x08000207   Thumb Code     0  startup_stm32g474xx.o(.text)
    TIM1_CC_IRQHandler                       0x08000207   Thumb Code     0  startup_stm32g474xx.o(.text)
    TIM1_TRG_COM_TIM17_IRQHandler            0x08000207   Thumb Code     0  startup_stm32g474xx.o(.text)
    TIM1_UP_TIM16_IRQHandler                 0x08000207   Thumb Code     0  startup_stm32g474xx.o(.text)
    TIM20_BRK_IRQHandler                     0x08000207   Thumb Code     0  startup_stm32g474xx.o(.text)
    TIM20_CC_IRQHandler                      0x08000207   Thumb Code     0  startup_stm32g474xx.o(.text)
    TIM20_TRG_COM_IRQHandler                 0x08000207   Thumb Code     0  startup_stm32g474xx.o(.text)
    TIM20_UP_IRQHandler                      0x08000207   Thumb Code     0  startup_stm32g474xx.o(.text)
    TIM2_IRQHandler                          0x08000207   Thumb Code     0  startup_stm32g474xx.o(.text)
    TIM3_IRQHandler                          0x08000207   Thumb Code     0  startup_stm32g474xx.o(.text)
    TIM4_IRQHandler                          0x08000207   Thumb Code     0  startup_stm32g474xx.o(.text)
    TIM5_IRQHandler                          0x08000207   Thumb Code     0  startup_stm32g474xx.o(.text)
    TIM8_BRK_IRQHandler                      0x08000207   Thumb Code     0  startup_stm32g474xx.o(.text)
    TIM8_CC_IRQHandler                       0x08000207   Thumb Code     0  startup_stm32g474xx.o(.text)
    TIM8_TRG_COM_IRQHandler                  0x08000207   Thumb Code     0  startup_stm32g474xx.o(.text)
    TIM8_UP_IRQHandler                       0x08000207   Thumb Code     0  startup_stm32g474xx.o(.text)
    UART4_IRQHandler                         0x08000207   Thumb Code     0  startup_stm32g474xx.o(.text)
    UART5_IRQHandler                         0x08000207   Thumb Code     0  startup_stm32g474xx.o(.text)
    UCPD1_IRQHandler                         0x08000207   Thumb Code     0  startup_stm32g474xx.o(.text)
    USART1_IRQHandler                        0x08000207   Thumb Code     0  startup_stm32g474xx.o(.text)
    USART2_IRQHandler                        0x08000207   Thumb Code     0  startup_stm32g474xx.o(.text)
    USBWakeUp_IRQHandler                     0x08000207   Thumb Code     0  startup_stm32g474xx.o(.text)
    USB_HP_IRQHandler                        0x08000207   Thumb Code     0  startup_stm32g474xx.o(.text)
    USB_LP_IRQHandler                        0x08000207   Thumb Code     0  startup_stm32g474xx.o(.text)
    WWDG_IRQHandler                          0x08000207   Thumb Code     0  startup_stm32g474xx.o(.text)
    __aeabi_uldivmod                         0x08000211   Thumb Code    98  uldiv.o(.text)
    __aeabi_memset                           0x08000273   Thumb Code    14  memseta.o(.text)
    __aeabi_memset4                          0x08000273   Thumb Code     0  memseta.o(.text)
    __aeabi_memset8                          0x08000273   Thumb Code     0  memseta.o(.text)
    __aeabi_memclr                           0x08000281   Thumb Code     4  memseta.o(.text)
    __aeabi_memclr4                          0x08000281   Thumb Code     0  memseta.o(.text)
    __aeabi_memclr8                          0x08000281   Thumb Code     0  memseta.o(.text)
    _memset$wrapper                          0x08000285   Thumb Code    18  memseta.o(.text)
    __aeabi_dadd                             0x08000297   Thumb Code   322  dadd.o(.text)
    __aeabi_dsub                             0x080003d9   Thumb Code     6  dadd.o(.text)
    __aeabi_drsub                            0x080003df   Thumb Code     6  dadd.o(.text)
    __aeabi_dmul                             0x080003e5   Thumb Code   228  dmul.o(.text)
    __aeabi_dcmple                           0x080004c9   Thumb Code    54  dcmple.o(.text)
    __aeabi_dcmplt                           0x080004ff   Thumb Code    54  dcmplt.o(.text)
    __aeabi_dcmpge                           0x08000535   Thumb Code    54  dcmpge.o(.text)
    __aeabi_dcmpgt                           0x0800056b   Thumb Code    54  dcmpgt.o(.text)
    __aeabi_ui2d                             0x080005a1   Thumb Code    26  dfltui.o(.text)
    __aeabi_d2iz                             0x080005bb   Thumb Code    62  dfixi.o(.text)
    __aeabi_llsl                             0x080005f9   Thumb Code    30  llshl.o(.text)
    _ll_shift_l                              0x080005f9   Thumb Code     0  llshl.o(.text)
    __aeabi_llsr                             0x08000617   Thumb Code    32  llushr.o(.text)
    _ll_ushift_r                             0x08000617   Thumb Code     0  llushr.o(.text)
    __aeabi_lasr                             0x08000637   Thumb Code    36  llsshr.o(.text)
    _ll_sshift_r                             0x08000637   Thumb Code     0  llsshr.o(.text)
    __I$use$fp                               0x0800065b   Thumb Code     0  iusefp.o(.text)
    _double_round                            0x0800065b   Thumb Code    30  depilogue.o(.text)
    _double_epilogue                         0x08000679   Thumb Code   156  depilogue.o(.text)
    __scatterload                            0x08000715   Thumb Code    28  init.o(.text)
    __scatterload_rt2                        0x08000715   Thumb Code     0  init.o(.text)
    ADC1_2_IRQHandler                        0x08000739   Thumb Code    28  stm32g4xx_it.o(.text.ADC1_2_IRQHandler)
    ADC3_IRQHandler                          0x08000755   Thumb Code    12  stm32g4xx_it.o(.text.ADC3_IRQHandler)
    ADC4_IRQHandler                          0x08000761   Thumb Code    12  stm32g4xx_it.o(.text.ADC4_IRQHandler)
    ADC_ConversionStop                       0x0800076d   Thumb Code   196  stm32g4xx_hal_adc.o(.text.ADC_ConversionStop)
    ADC_Disable                              0x0800082d   Thumb Code   104  stm32g4xx_hal_adc.o(.text.ADC_Disable)
    ADC_Enable                               0x08000891   Thumb Code   104  stm32g4xx_hal_adc.o(.text.ADC_Enable)
    BusFault_Handler                         0x080008f9   Thumb Code     2  stm32g4xx_it.o(.text.BusFault_Handler)
    COMP4_5_6_IRQHandler                     0x080008fd   Thumb Code    12  stm32g4xx_it.o(.text.COMP4_5_6_IRQHandler)
    DEV_I2C_ReadByte                         0x08000909   Thumb Code    44  main.o(.text.DEV_I2C_ReadByte)
    DEV_I2C_ReadWord                         0x08000931   Thumb Code    52  main.o(.text.DEV_I2C_ReadWord)
    DEV_I2C_WriteByte                        0x08000961   Thumb Code    40  main.o(.text.DEV_I2C_WriteByte)
    DMA1_Channel1_IRQHandler                 0x08000989   Thumb Code    12  stm32g4xx_it.o(.text.DMA1_Channel1_IRQHandler)
    DMA1_Channel2_IRQHandler                 0x08000995   Thumb Code    12  stm32g4xx_it.o(.text.DMA1_Channel2_IRQHandler)
    DMA1_Channel3_IRQHandler                 0x080009a1   Thumb Code    12  stm32g4xx_it.o(.text.DMA1_Channel3_IRQHandler)
    DMA1_Channel4_IRQHandler                 0x080009ad   Thumb Code    12  stm32g4xx_it.o(.text.DMA1_Channel4_IRQHandler)
    DebugMon_Handler                         0x08000a6b   Thumb Code     2  stm32g4xx_it.o(.text.DebugMon_Handler)
    EXTI2_IRQHandler                         0x08000a6d   Thumb Code     6  stm32g4xx_it.o(.text.EXTI2_IRQHandler)
    EXTI4_IRQHandler                         0x08000a73   Thumb Code     6  stm32g4xx_it.o(.text.EXTI4_IRQHandler)
    EXTI9_5_IRQHandler                       0x08000a79   Thumb Code    28  stm32g4xx_it.o(.text.EXTI9_5_IRQHandler)
    Error_Handler                            0x08000a95   Thumb Code     2  main.o(.text.Error_Handler)
    HAL_ADCEx_Calibration_Start              0x08000a99   Thumb Code   140  stm32g4xx_hal_adc_ex.o(.text.HAL_ADCEx_Calibration_Start)
    HAL_ADCEx_EndOfSamplingCallback          0x08000b25   Thumb Code     2  stm32g4xx_hal_adc_ex.o(.text.HAL_ADCEx_EndOfSamplingCallback)
    HAL_ADCEx_InjectedConvCpltCallback       0x08000b27   Thumb Code     2  stm32g4xx_hal_adc_ex.o(.text.HAL_ADCEx_InjectedConvCpltCallback)
    HAL_ADCEx_InjectedQueueOverflowCallback  0x08000b29   Thumb Code     2  stm32g4xx_hal_adc_ex.o(.text.HAL_ADCEx_InjectedQueueOverflowCallback)
    HAL_ADCEx_LevelOutOfWindow2Callback      0x08000b2b   Thumb Code     2  stm32g4xx_hal_adc_ex.o(.text.HAL_ADCEx_LevelOutOfWindow2Callback)
    HAL_ADCEx_LevelOutOfWindow3Callback      0x08000b2d   Thumb Code     2  stm32g4xx_hal_adc_ex.o(.text.HAL_ADCEx_LevelOutOfWindow3Callback)
    HAL_ADCEx_MultiModeConfigChannel         0x08000b31   Thumb Code   268  stm32g4xx_hal_adc_ex.o(.text.HAL_ADCEx_MultiModeConfigChannel)
    HAL_ADC_ConfigChannel                    0x08000c39   Thumb Code   816  stm32g4xx_hal_adc.o(.text.HAL_ADC_ConfigChannel)
    HAL_ADC_ConvCpltCallback                 0x08000f69   Thumb Code   716  main.o(.text.HAL_ADC_ConvCpltCallback)
    HAL_ADC_ErrorCallback                    0x08001235   Thumb Code     2  stm32g4xx_hal_adc.o(.text.HAL_ADC_ErrorCallback)
    HAL_ADC_GetValue                         0x08001237   Thumb Code     6  stm32g4xx_hal_adc.o(.text.HAL_ADC_GetValue)
    HAL_ADC_IRQHandler                       0x0800123d   Thumb Code   660  stm32g4xx_hal_adc.o(.text.HAL_ADC_IRQHandler)
    HAL_ADC_Init                             0x080014d1   Thumb Code   516  stm32g4xx_hal_adc.o(.text.HAL_ADC_Init)
    HAL_ADC_LevelOutOfWindowCallback         0x080016d5   Thumb Code     2  stm32g4xx_hal_adc.o(.text.HAL_ADC_LevelOutOfWindowCallback)
    HAL_ADC_MspInit                          0x080016d9   Thumb Code   500  stm32g4xx_hal_msp.o(.text.HAL_ADC_MspInit)
    HAL_ADC_Start_IT                         0x080018cd   Thumb Code   392  stm32g4xx_hal_adc.o(.text.HAL_ADC_Start_IT)
    HAL_ADC_Stop_IT                          0x08001a55   Thumb Code    72  stm32g4xx_hal_adc.o(.text.HAL_ADC_Stop_IT)
    HAL_COMP_GetOutputLevel                  0x08001a9d   Thumb Code    10  stm32g4xx_hal_comp.o(.text.HAL_COMP_GetOutputLevel)
    HAL_COMP_IRQHandler                      0x08001aa9   Thumb Code   132  stm32g4xx_hal_comp.o(.text.HAL_COMP_IRQHandler)
    HAL_COMP_Init                            0x08001b21   Thumb Code   508  stm32g4xx_hal_comp.o(.text.HAL_COMP_Init)
    HAL_COMP_MspInit                         0x08001d1d   Thumb Code   264  stm32g4xx_hal_msp.o(.text.HAL_COMP_MspInit)
    HAL_COMP_Start                           0x08001e25   Thumb Code    84  stm32g4xx_hal_comp.o(.text.HAL_COMP_Start)
    HAL_COMP_TriggerCallback                 0x08001e79   Thumb Code     2  stm32g4xx_hal_comp.o(.text.HAL_COMP_TriggerCallback)
    HAL_DMA_Abort_IT                         0x08001e7b   Thumb Code   122  stm32g4xx_hal_dma.o(.text.HAL_DMA_Abort_IT)
    HAL_DMA_GetState                         0x08001ef5   Thumb Code     6  stm32g4xx_hal_dma.o(.text.HAL_DMA_GetState)
    HAL_DMA_IRQHandler                       0x08001efb   Thumb Code   164  stm32g4xx_hal_dma.o(.text.HAL_DMA_IRQHandler)
    HAL_DMA_Init                             0x08001fa1   Thumb Code   192  stm32g4xx_hal_dma.o(.text.HAL_DMA_Init)
    HAL_DMA_Start_IT                         0x08002061   Thumb Code   136  stm32g4xx_hal_dma.o(.text.HAL_DMA_Start_IT)
    HAL_Delay                                0x080020e9   Thumb Code    36  stm32g4xx_hal.o(.text.HAL_Delay)
    HAL_GPIO_DeInit                          0x0800210d   Thumb Code   232  stm32g4xx_hal_gpio.o(.text.HAL_GPIO_DeInit)
    HAL_GPIO_EXTI_Callback                   0x080021e9   Thumb Code   388  main.o(.text.HAL_GPIO_EXTI_Callback)
    HAL_GPIO_EXTI_IRQHandler                 0x0800236d   Thumb Code    20  stm32g4xx_hal_gpio.o(.text.HAL_GPIO_EXTI_IRQHandler)
    HAL_GPIO_Init                            0x08002381   Thumb Code   388  stm32g4xx_hal_gpio.o(.text.HAL_GPIO_Init)
    HAL_GPIO_ReadPin                         0x08002505   Thumb Code    10  stm32g4xx_hal_gpio.o(.text.HAL_GPIO_ReadPin)
    HAL_GPIO_TogglePin                       0x0800250f   Thumb Code    14  stm32g4xx_hal_gpio.o(.text.HAL_GPIO_TogglePin)
    HAL_GPIO_WritePin                        0x0800251d   Thumb Code    12  stm32g4xx_hal_gpio.o(.text.HAL_GPIO_WritePin)
    HAL_GetTick                              0x08002529   Thumb Code    12  stm32g4xx_hal.o(.text.HAL_GetTick)
    HAL_I2CEx_ConfigAnalogFilter             0x08002535   Thumb Code    74  stm32g4xx_hal_i2c_ex.o(.text.HAL_I2CEx_ConfigAnalogFilter)
    HAL_I2CEx_ConfigDigitalFilter            0x0800257f   Thumb Code    72  stm32g4xx_hal_i2c_ex.o(.text.HAL_I2CEx_ConfigDigitalFilter)
    HAL_I2C_AbortCpltCallback                0x080025c7   Thumb Code     2  stm32g4xx_hal_i2c.o(.text.HAL_I2C_AbortCpltCallback)
    HAL_I2C_AddrCallback                     0x080025c9   Thumb Code     2  stm32g4xx_hal_i2c.o(.text.HAL_I2C_AddrCallback)
    HAL_I2C_ER_IRQHandler                    0x080025cb   Thumb Code    96  stm32g4xx_hal_i2c.o(.text.HAL_I2C_ER_IRQHandler)
    HAL_I2C_EV_IRQHandler                    0x0800262b   Thumb Code    14  stm32g4xx_hal_i2c.o(.text.HAL_I2C_EV_IRQHandler)
    HAL_I2C_ErrorCallback                    0x08002639   Thumb Code     2  stm32g4xx_hal_i2c.o(.text.HAL_I2C_ErrorCallback)
    HAL_I2C_Init                             0x0800263d   Thumb Code   160  stm32g4xx_hal_i2c.o(.text.HAL_I2C_Init)
    HAL_I2C_ListenCpltCallback               0x080026dd   Thumb Code     2  stm32g4xx_hal_i2c.o(.text.HAL_I2C_ListenCpltCallback)
    HAL_I2C_MasterRxCpltCallback             0x080026df   Thumb Code     2  stm32g4xx_hal_i2c.o(.text.HAL_I2C_MasterRxCpltCallback)
    HAL_I2C_MasterTxCpltCallback             0x080026e1   Thumb Code     2  stm32g4xx_hal_i2c.o(.text.HAL_I2C_MasterTxCpltCallback)
    HAL_I2C_MemRxCpltCallback                0x080026e3   Thumb Code     2  stm32g4xx_hal_i2c.o(.text.HAL_I2C_MemRxCpltCallback)
    HAL_I2C_MemTxCpltCallback                0x080026e5   Thumb Code     2  stm32g4xx_hal_i2c.o(.text.HAL_I2C_MemTxCpltCallback)
    HAL_I2C_Mem_Read                         0x080026e9   Thumb Code   380  stm32g4xx_hal_i2c.o(.text.HAL_I2C_Mem_Read)
    HAL_I2C_Mem_Read_DMA                     0x0800285d   Thumb Code   316  stm32g4xx_hal_i2c.o(.text.HAL_I2C_Mem_Read_DMA)
    HAL_I2C_Mem_Write                        0x0800298d   Thumb Code   376  stm32g4xx_hal_i2c.o(.text.HAL_I2C_Mem_Write)
    HAL_I2C_Mem_Write_DMA                    0x08002b05   Thumb Code   312  stm32g4xx_hal_i2c.o(.text.HAL_I2C_Mem_Write_DMA)
    HAL_I2C_MspInit                          0x08002c3d   Thumb Code   248  stm32g4xx_hal_msp.o(.text.HAL_I2C_MspInit)
    HAL_I2C_SlaveRxCpltCallback              0x08002d35   Thumb Code     2  stm32g4xx_hal_i2c.o(.text.HAL_I2C_SlaveRxCpltCallback)
    HAL_I2C_SlaveTxCpltCallback              0x08002d37   Thumb Code     2  stm32g4xx_hal_i2c.o(.text.HAL_I2C_SlaveTxCpltCallback)
    HAL_IncTick                              0x08002d39   Thumb Code    24  stm32g4xx_hal.o(.text.HAL_IncTick)
    HAL_Init                                 0x08002d4d   Thumb Code    28  stm32g4xx_hal.o(.text.HAL_Init)
    HAL_InitTick                             0x08002d69   Thumb Code    72  stm32g4xx_hal.o(.text.HAL_InitTick)
    HAL_MspInit                              0x08002dad   Thumb Code    64  stm32g4xx_hal_msp.o(.text.HAL_MspInit)
    HAL_NVIC_DisableIRQ                      0x08002ded   Thumb Code    36  stm32g4xx_hal_cortex.o(.text.HAL_NVIC_DisableIRQ)
    HAL_NVIC_EnableIRQ                       0x08002e11   Thumb Code    28  stm32g4xx_hal_cortex.o(.text.HAL_NVIC_EnableIRQ)
    HAL_NVIC_SetPriority                     0x08002e2d   Thumb Code    64  stm32g4xx_hal_cortex.o(.text.HAL_NVIC_SetPriority)
    HAL_NVIC_SetPriorityGrouping             0x08002e69   Thumb Code    32  stm32g4xx_hal_cortex.o(.text.HAL_NVIC_SetPriorityGrouping)
    HAL_PWREx_ControlVoltageScaling          0x08002e89   Thumb Code   176  stm32g4xx_hal_pwr_ex.o(.text.HAL_PWREx_ControlVoltageScaling)
    HAL_RCCEx_PeriphCLKConfig                0x08002f35   Thumb Code   664  stm32g4xx_hal_rcc_ex.o(.text.HAL_RCCEx_PeriphCLKConfig)
    HAL_RCC_ClockConfig                      0x080031cd   Thumb Code   480  stm32g4xx_hal_rcc.o(.text.HAL_RCC_ClockConfig)
    HAL_RCC_GetPCLK1Freq                     0x080033a1   Thumb Code    36  stm32g4xx_hal_rcc.o(.text.HAL_RCC_GetPCLK1Freq)
    HAL_RCC_GetPCLK2Freq                     0x080033b9   Thumb Code    36  stm32g4xx_hal_rcc.o(.text.HAL_RCC_GetPCLK2Freq)
    HAL_RCC_GetSysClockFreq                  0x080033d9   Thumb Code    92  stm32g4xx_hal_rcc.o(.text.HAL_RCC_GetSysClockFreq)
    HAL_RCC_OscConfig                        0x08003435   Thumb Code  1084  stm32g4xx_hal_rcc.o(.text.HAL_RCC_OscConfig)
    HAL_SPI_DeInit                           0x08003871   Thumb Code    46  stm32g4xx_hal_spi.o(.text.HAL_SPI_DeInit)
    HAL_SPI_ErrorCallback                    0x0800389f   Thumb Code     2  stm32g4xx_hal_spi.o(.text.HAL_SPI_ErrorCallback)
    HAL_SPI_IRQHandler                       0x080038a1   Thumb Code   264  stm32g4xx_hal_spi.o(.text.HAL_SPI_IRQHandler)
    HAL_SPI_Init                             0x080039a9   Thumb Code   172  stm32g4xx_hal_spi.o(.text.HAL_SPI_Init)
    HAL_SPI_MspDeInit                        0x08003a55   Thumb Code    64  stm32g4xx_hal_msp.o(.text.HAL_SPI_MspDeInit)
    HAL_SPI_MspInit                          0x08003a89   Thumb Code   164  stm32g4xx_hal_msp.o(.text.HAL_SPI_MspInit)
    HAL_SPI_RxCpltCallback                   0x08003b2d   Thumb Code     2  stm32g4xx_hal_spi.o(.text.HAL_SPI_RxCpltCallback)
    HAL_SPI_TransmitReceive_IT               0x08003b31   Thumb Code   248  stm32g4xx_hal_spi.o(.text.HAL_SPI_TransmitReceive_IT)
    HAL_SPI_TxRxCpltCallback                 0x08003c29   Thumb Code    32  main.o(.text.HAL_SPI_TxRxCpltCallback)
    HAL_SYSTICK_Config                       0x08003c49   Thumb Code    40  stm32g4xx_hal_cortex.o(.text.HAL_SYSTICK_Config)
    HAL_TIMEx_Break2Callback                 0x08003c71   Thumb Code     2  stm32g4xx_hal_tim_ex.o(.text.HAL_TIMEx_Break2Callback)
    HAL_TIMEx_BreakCallback                  0x08003c73   Thumb Code     2  stm32g4xx_hal_tim_ex.o(.text.HAL_TIMEx_BreakCallback)
    HAL_TIMEx_CommutCallback                 0x08003c75   Thumb Code     2  stm32g4xx_hal_tim_ex.o(.text.HAL_TIMEx_CommutCallback)
    HAL_TIMEx_DirectionChangeCallback        0x08003c77   Thumb Code     2  stm32g4xx_hal_tim_ex.o(.text.HAL_TIMEx_DirectionChangeCallback)
    HAL_TIMEx_EncoderIndexCallback           0x08003c79   Thumb Code     2  stm32g4xx_hal_tim_ex.o(.text.HAL_TIMEx_EncoderIndexCallback)
    HAL_TIMEx_IndexErrorCallback             0x08003c7b   Thumb Code     2  stm32g4xx_hal_tim_ex.o(.text.HAL_TIMEx_IndexErrorCallback)
    HAL_TIMEx_MasterConfigSynchronization    0x08003c7d   Thumb Code   176  stm32g4xx_hal_tim_ex.o(.text.HAL_TIMEx_MasterConfigSynchronization)
    HAL_TIMEx_TransitionErrorCallback        0x08003d2d   Thumb Code     2  stm32g4xx_hal_tim_ex.o(.text.HAL_TIMEx_TransitionErrorCallback)
    HAL_TIM_Base_Init                        0x08003d2f   Thumb Code    96  stm32g4xx_hal_tim.o(.text.HAL_TIM_Base_Init)
    HAL_TIM_Base_MspInit                     0x08003d91   Thumb Code   112  stm32g4xx_hal_msp.o(.text.HAL_TIM_Base_MspInit)
    HAL_TIM_IC_CaptureCallback               0x08003e01   Thumb Code     2  stm32g4xx_hal_tim.o(.text.HAL_TIM_IC_CaptureCallback)
    HAL_TIM_IRQHandler                       0x08003e03   Thumb Code   512  stm32g4xx_hal_tim.o(.text.HAL_TIM_IRQHandler)
    HAL_TIM_OC_DelayElapsedCallback          0x08004003   Thumb Code     2  stm32g4xx_hal_tim.o(.text.HAL_TIM_OC_DelayElapsedCallback)
    HAL_TIM_PWM_PulseFinishedCallback        0x08004005   Thumb Code     2  stm32g4xx_hal_tim.o(.text.HAL_TIM_PWM_PulseFinishedCallback)
    HAL_TIM_PeriodElapsedCallback            0x08004007   Thumb Code     2  main.o(.text.HAL_TIM_PeriodElapsedCallback)
    HAL_TIM_TriggerCallback                  0x08004009   Thumb Code     2  stm32g4xx_hal_tim.o(.text.HAL_TIM_TriggerCallback)
    HAL_UARTEx_DisableFifoMode               0x0800400b   Thumb Code    54  stm32g4xx_hal_uart_ex.o(.text.HAL_UARTEx_DisableFifoMode)
    HAL_UARTEx_RxFifoFullCallback            0x08004041   Thumb Code     2  stm32g4xx_hal_uart_ex.o(.text.HAL_UARTEx_RxFifoFullCallback)
    HAL_UARTEx_SetRxFifoThreshold            0x08004043   Thumb Code    74  stm32g4xx_hal_uart_ex.o(.text.HAL_UARTEx_SetRxFifoThreshold)
    HAL_UARTEx_SetTxFifoThreshold            0x0800408d   Thumb Code    74  stm32g4xx_hal_uart_ex.o(.text.HAL_UARTEx_SetTxFifoThreshold)
    HAL_UARTEx_TxFifoEmptyCallback           0x080040d7   Thumb Code     2  stm32g4xx_hal_uart_ex.o(.text.HAL_UARTEx_TxFifoEmptyCallback)
    HAL_UARTEx_WakeupCallback                0x080040d9   Thumb Code     2  stm32g4xx_hal_uart_ex.o(.text.HAL_UARTEx_WakeupCallback)
    HAL_UART_ErrorCallback                   0x080040db   Thumb Code     2  stm32g4xx_hal_uart.o(.text.HAL_UART_ErrorCallback)
    HAL_UART_IRQHandler                      0x080040dd   Thumb Code   428  stm32g4xx_hal_uart.o(.text.HAL_UART_IRQHandler)
    HAL_UART_Init                            0x08004289   Thumb Code   100  stm32g4xx_hal_uart.o(.text.HAL_UART_Init)
    HAL_UART_MspInit                         0x080042ed   Thumb Code   120  stm32g4xx_hal_msp.o(.text.HAL_UART_MspInit)
    HAL_UART_Receive_IT                      0x08004365   Thumb Code   236  stm32g4xx_hal_uart.o(.text.HAL_UART_Receive_IT)
    HAL_UART_RxCpltCallback                  0x08004451   Thumb Code   396  main.o(.text.HAL_UART_RxCpltCallback)
    HAL_UART_Transmit_IT                     0x080045d5   Thumb Code   156  stm32g4xx_hal_uart.o(.text.HAL_UART_Transmit_IT)
    HAL_UART_TxCpltCallback                  0x08004671   Thumb Code   100  main.o(.text.HAL_UART_TxCpltCallback)
    HardFault_Handler                        0x080046d5   Thumb Code     2  stm32g4xx_it.o(.text.HardFault_Handler)
    I2C2_ER_IRQHandler                       0x080046d9   Thumb Code    12  stm32g4xx_it.o(.text.I2C2_ER_IRQHandler)
    I2C2_EV_IRQHandler                       0x080046e1   Thumb Code    12  stm32g4xx_it.o(.text.I2C2_EV_IRQHandler)
    I2C_READBUF                              0x08004ed5   Thumb Code    36  main.o(.text.I2C_READBUF)
    I2C_WRITEBUF                             0x08005245   Thumb Code    36  main.o(.text.I2C_WRITEBUF)
    KalArm_BLEC_Tx_BATT_Board                0x08005361   Thumb Code    80  main.o(.text.KalArm_BLEC_Tx_BATT_Board)
    KalArm_BLEC_Tx_CAL_INFO                  0x080053ad   Thumb Code    92  main.o(.text.KalArm_BLEC_Tx_CAL_INFO)
    KalArm_BLEC_Tx_CLINICIAN_ACK             0x08005401   Thumb Code    48  main.o(.text.KalArm_BLEC_Tx_CLINICIAN_ACK)
    KalArm_BLEC_Tx_CUST_GRIP_TEST_STAT_RES   0x0800542d   Thumb Code    48  main.o(.text.KalArm_BLEC_Tx_CUST_GRIP_TEST_STAT_RES)
    KalArm_BLEC_Tx_EMG_Viz                   0x08005455   Thumb Code    76  main.o(.text.KalArm_BLEC_Tx_EMG_Viz)
    KalArm_BLEC_Tx_GEN_GRIP_TEST_STAT_RES    0x0800549d   Thumb Code    48  main.o(.text.KalArm_BLEC_Tx_GEN_GRIP_TEST_STAT_RES)
    MemManage_Handler                        0x080054ed   Thumb Code     2  stm32g4xx_it.o(.text.MemManage_Handler)
    NMI_Handler                              0x080054ef   Thumb Code     2  stm32g4xx_it.o(.text.NMI_Handler)
    PendSV_Handler                           0x080054f1   Thumb Code     2  stm32g4xx_it.o(.text.PendSV_Handler)
    SPI3_IRQHandler                          0x080054f5   Thumb Code    12  stm32g4xx_it.o(.text.SPI3_IRQHandler)
    SVC_Handler                              0x080057a9   Thumb Code     2  stm32g4xx_it.o(.text.SVC_Handler)
    SysTick_Handler                          0x080057ab   Thumb Code     4  stm32g4xx_it.o(.text.SysTick_Handler)
    SystemClock_Config                       0x080057b1   Thumb Code   128  main.o(.text.SystemClock_Config)
    SystemInit                               0x08005831   Thumb Code    28  system_stm32g4xx.o(.text.SystemInit)
    TCS34725_Calibrate                       0x0800584d   Thumb Code    28  main.o(.text.TCS34725_Calibrate)
    TCS34725_Enable                          0x08005869   Thumb Code    34  main.o(.text.TCS34725_Enable)
    TCS34725_Get_RGBData                     0x0800588d   Thumb Code   348  main.o(.text.TCS34725_Get_RGBData)
    TCS34725_Interrupt_Enable                0x080059e5   Thumb Code    22  main.o(.text.TCS34725_Interrupt_Enable)
    TCS34725_Set_Gain                        0x080059fd   Thumb Code    24  main.o(.text.TCS34725_Set_Gain)
    TCS34725_Set_Integration_Time            0x08005a11   Thumb Code    24  main.o(.text.TCS34725_Set_Integration_Time)
    TCS34725_Set_Interrupt_Persistence_Reg   0x08005a29   Thumb Code    16  main.o(.text.TCS34725_Set_Interrupt_Persistence_Reg)
    TCS34725_Set_Interrupt_Threshold         0x08005a39   Thumb Code    44  main.o(.text.TCS34725_Set_Interrupt_Threshold)
    TIM6_DAC_IRQHandler                      0x08005a69   Thumb Code  1284  stm32g4xx_it.o(.text.TIM6_DAC_IRQHandler)
    TIM7_DAC_IRQHandler                      0x08005f61   Thumb Code   780  stm32g4xx_it.o(.text.TIM7_DAC_IRQHandler)
    TIM_Base_SetConfig                       0x0800626d   Thumb Code   216  stm32g4xx_hal_tim.o(.text.TIM_Base_SetConfig)
    UART_AdvFeatureConfig                    0x08006399   Thumb Code   210  stm32g4xx_hal_uart.o(.text.UART_AdvFeatureConfig)
    UART_CheckIdleState                      0x0800646b   Thumb Code   100  stm32g4xx_hal_uart.o(.text.UART_CheckIdleState)
    UART_SetConfig                           0x08006705   Thumb Code  1200  stm32g4xx_hal_uart.o(.text.UART_SetConfig)
    UART_WaitOnFlagUntilTimeout              0x08006cd5   Thumb Code   106  stm32g4xx_hal_uart.o(.text.UART_WaitOnFlagUntilTimeout)
    USART3_IRQHandler                        0x08006d41   Thumb Code    12  stm32g4xx_it.o(.text.USART3_IRQHandler)
    UsageFault_Handler                       0x08006d4d   Thumb Code     2  stm32g4xx_it.o(.text.UsageFault_Handler)
    bat_charge_100_LED                       0x08006d75   Thumb Code     4  main.o(.text.bat_charge_100_LED)
    bat_charge_75_LED                        0x08006d79   Thumb Code    14  main.o(.text.bat_charge_75_LED)
    battery_temperature_config_init          0x08006d89   Thumb Code    48  main.o(.text.battery_temperature_config_init)
    battery_voltage_config_init              0x08006db9   Thumb Code    48  main.o(.text.battery_voltage_config_init)
    cal_fail_LED                             0x08006de9   Thumb Code    24  main.o(.text.cal_fail_LED)
    cal_in_progress_LED                      0x08006e01   Thumb Code    24  main.o(.text.cal_in_progress_LED)
    calibration_request                      0x08006e19   Thumb Code   176  main.o(.text.calibration_request)
    clinician_parameters_load                0x08006eb5   Thumb Code   112  main.o(.text.clinician_parameters_load)
    custom_grip_test                         0x08006f1d   Thumb Code   596  main.o(.text.custom_grip_test)
    emg_control                              0x08007171   Thumb Code   268  main.o(.text.emg_control)
    emg_sensor_close_config_init             0x08007279   Thumb Code    48  main.o(.text.emg_sensor_close_config_init)
    emg_sensor_open_config_init              0x080072a9   Thumb Code    48  main.o(.text.emg_sensor_open_config_init)
    general_grip_test                        0x080072d9   Thumb Code   244  main.o(.text.general_grip_test)
    i2c_thumb_sensor_setup                   0x080073cd   Thumb Code    68  main.o(.text.i2c_thumb_sensor_setup)
    main                                     0x08007411   Thumb Code  2504  main.o(.text.main)
    mode_1_LED                               0x08007dd5   Thumb Code    24  main.o(.text.mode_1_LED)
    mode_1_LED_toggle                        0x08007ded   Thumb Code    22  main.o(.text.mode_1_LED_toggle)
    mode_2_LED                               0x08007e03   Thumb Code    24  main.o(.text.mode_2_LED)
    mode_2_LED_toggle                        0x08007e1b   Thumb Code    20  main.o(.text.mode_2_LED_toggle)
    mode_3_LED                               0x08007e2f   Thumb Code    24  main.o(.text.mode_3_LED)
    mode_3_LED_toggle                        0x08007e47   Thumb Code    20  main.o(.text.mode_3_LED_toggle)
    mode_4_LED                               0x08007e5b   Thumb Code    24  main.o(.text.mode_4_LED)
    mode_4_LED_toggle                        0x08007e73   Thumb Code    20  main.o(.text.mode_4_LED_toggle)
    reset_rgb_LED                            0x08007e87   Thumb Code    24  main.o(.text.reset_rgb_LED)
    set_B_LED                                0x08007e9f   Thumb Code    20  main.o(.text.set_B_LED)
    set_G_LED                                0x08007eb3   Thumb Code    20  main.o(.text.set_G_LED)
    set_R_LED                                0x08007ec7   Thumb Code    20  main.o(.text.set_R_LED)
    set_ble_LED                              0x08007edb   Thumb Code    24  main.o(.text.set_ble_LED)
    spi_receive_handler                      0x08007ef5   Thumb Code   360  main.o(.text.spi_receive_handler)
    toggle_B_LED                             0x0800805d   Thumb Code    10  main.o(.text.toggle_B_LED)
    toggle_G_LED                             0x08008067   Thumb Code    10  main.o(.text.toggle_G_LED)
    toggle_R_LED                             0x08008071   Thumb Code    10  main.o(.text.toggle_R_LED)
    toggle_bleMode_LED                       0x0800807b   Thumb Code    22  main.o(.text.toggle_bleMode_LED)
    __scatterload_copy                       0x08008091   Thumb Code    14  handlers.o(i.__scatterload_copy)
    __scatterload_null                       0x0800809f   Thumb Code     2  handlers.o(i.__scatterload_null)
    __scatterload_zeroinit                   0x080080a1   Thumb Code    14  handlers.o(i.__scatterload_zeroinit)
    AHBPrescTable                            0x080080dc   Data          16  system_stm32g4xx.o(.rodata.AHBPrescTable)
    APBPrescTable                            0x080080ec   Data           8  system_stm32g4xx.o(.rodata.APBPrescTable)
    Region$$Table$$Base                      0x08008104   Number         0  anon$$obj.o(Region$$Table)
    Region$$Table$$Limit                     0x08008124   Number         0  anon$$obj.o(Region$$Table)
    IntegrationTime_t                        0x20000000   Data           1  main.o(.data..L_MergedGlobals)
    Gain_t                                   0x20000001   Data           1  main.o(.data..L_MergedGlobals)
    uwTickPrio                               0x20000004   Data           4  stm32g4xx_hal.o(.data..L_MergedGlobals)
    uwTickFreq                               0x20000008   Data           4  stm32g4xx_hal.o(.data..L_MergedGlobals)
    SystemCoreClock                          0x2000000c   Data           4  system_stm32g4xx.o(.data.SystemCoreClock)
    KalArm_CHG_DET                           0x20000018   Data           1  main.o(.bss..L_MergedGlobals.1)
    uart_send                                0x20000019   Data           1  main.o(.bss..L_MergedGlobals.1)
    debounceFlag                             0x2000001a   Data           1  main.o(.bss..L_MergedGlobals.1)
    thumb_sensor_detected                    0x2000001b   Data           1  main.o(.bss..L_MergedGlobals.1)
    B                                        0x2000001c   Data           1  main.o(.bss..L_MergedGlobals.1)
    G                                        0x2000001d   Data           1  main.o(.bss..L_MergedGlobals.1)
    R                                        0x2000001e   Data           1  main.o(.bss..L_MergedGlobals.1)
    board_temp_flag                          0x2000001f   Data           1  main.o(.bss..L_MergedGlobals.1)
    KalArm_LAST_BLE_COMMAND_STATE            0x20000020   Data           1  main.o(.bss..L_MergedGlobals.1)
    color_detected                           0x20000021   Data           1  main.o(.bss..L_MergedGlobals.1)
    C                                        0x20000022   Data           1  main.o(.bss..L_MergedGlobals.1)
    cust_grip_execute_id                     0x20000023   Data           1  main.o(.bss..L_MergedGlobals.1)
    i                                        0x20000024   Data           2  main.o(.bss..L_MergedGlobals.1)
    j                                        0x20000026   Data           2  main.o(.bss..L_MergedGlobals.1)
    spi_status_flags                         0x20000028   Data           2  main.o(.bss..L_MergedGlobals.1)
    KalArm_MODE                              0x2000002a   Data           2  main.o(.bss..L_MergedGlobals.1)
    msTicks_T_7                              0x2000002c   Data           2  main.o(.bss..L_MergedGlobals.1)
    integration_state_number                 0x2000002e   Data           2  main.o(.bss..L_MergedGlobals.1)
    KalArm_GRIP                              0x20000030   Data           2  main.o(.bss..L_MergedGlobals.1)
    KalArm_TS                                0x20000034   Data           3  main.o(.bss..L_MergedGlobals.1)
    KalArm_BLE                               0x20000037   Data           4  main.o(.bss..L_MergedGlobals.1)
    txData_SPI                               0x2000003b   Data           4  main.o(.bss..L_MergedGlobals.1)
    rxData_SPI                               0x2000003f   Data           4  main.o(.bss..L_MergedGlobals.1)
    TCS34725_G_Offset                        0x20000044   Data           4  main.o(.bss..L_MergedGlobals.1)
    TCS34725_R_Offset                        0x20000048   Data           4  main.o(.bss..L_MergedGlobals.1)
    TCS34725_B_Offset                        0x2000004c   Data           4  main.o(.bss..L_MergedGlobals.1)
    KalArm_GEN_GRIP_STAT_RES                 0x20000050   Data           7  main.o(.bss..L_MergedGlobals.1)
    KalArm_CUST_GRIP_STAT_RES                0x20000058   Data          11  main.o(.bss..L_MergedGlobals.1)
    KalArm_PATTERN_RECOGNITION_SUITE_PARAMS  0x20000064   Data          12  main.o(.bss..L_MergedGlobals.1)
    KalArm_CALIBRATION_INFO                  0x20000070   Data          13  main.o(.bss..L_MergedGlobals.1)
    KalArm_CUST_GRIP_DATA                    0x2000007d   Data          16  main.o(.bss..L_MergedGlobals.1)
    rxData_UART                              0x20000090   Data          19  main.o(.bss..L_MergedGlobals.2)
    txData_UART                              0x200000a3   Data          19  main.o(.bss..L_MergedGlobals.2)
    KalArm_MFSW                              0x200000b8   Data          20  main.o(.bss..L_MergedGlobals.2)
    KalArm_EMG_OPEN                          0x200000cc   Data          32  main.o(.bss..L_MergedGlobals.2)
    KalArm_EMG_CLOSE                         0x200000ec   Data          32  main.o(.bss..L_MergedGlobals.2)
    KalArm_CLINICIAN_DATA                    0x2000010c   Data          36  main.o(.bss..L_MergedGlobals.3)
    hcomp2                                   0x20000130   Data          36  main.o(.bss..L_MergedGlobals.3)
    hcomp1                                   0x20000154   Data          36  main.o(.bss..L_MergedGlobals.3)
    hcomp4                                   0x20000178   Data          36  main.o(.bss..L_MergedGlobals.4)
    hcomp6                                   0x2000019c   Data          36  main.o(.bss..L_MergedGlobals.4)
    hcomp7                                   0x200001c0   Data          36  main.o(.bss..L_MergedGlobals.4)
    KalArm_SPI_RECEIVE_FLAGS                 0x200001e8   Data          46  main.o(.bss..L_MergedGlobals.5)
    KalArm_BATTERY                           0x20000218   Data          56  main.o(.bss..L_MergedGlobals.5)
    hadc1                                    0x20000250   Data         108  main.o(.bss.hadc1)
    hadc2                                    0x200002bc   Data         108  main.o(.bss.hadc2)
    hadc3                                    0x20000328   Data         108  main.o(.bss.hadc3)
    hadc4                                    0x20000394   Data         108  main.o(.bss.hadc4)
    hdma_adc3                                0x20000400   Data          96  main.o(.bss.hdma_adc3)
    hdma_adc4                                0x20000460   Data          96  main.o(.bss.hdma_adc4)
    hdma_i2c2_rx                             0x200004c0   Data          96  main.o(.bss.hdma_i2c2_rx)
    hdma_i2c2_tx                             0x20000520   Data          96  main.o(.bss.hdma_i2c2_tx)
    hi2c2                                    0x20000580   Data          76  main.o(.bss.hi2c2)
    hspi3                                    0x200005cc   Data         100  main.o(.bss.hspi3)
    htim6                                    0x20000630   Data          76  main.o(.bss.htim6)
    htim7                                    0x2000067c   Data          76  main.o(.bss.htim7)
    huart3                                   0x200006c8   Data         140  main.o(.bss.huart3)
    update_event_close                       0x20000754   Data           1  main.o(.bss.update_event_close)
    update_event_open                        0x20000755   Data           1  main.o(.bss.update_event_open)
    uwTick                                   0x20000758   Data           4  stm32g4xx_hal.o(.bss.uwTick)
    __initial_sp                             0x20000b60   Data           0  startup_stm32g474xx.o(STACK)



==============================================================================

Memory Map of the image

  Image Entry point : 0x080001d9

  Load Region LR_IROM1 (Base: 0x08000000, Size: 0x00008138, Max: 0x00080000, ABSOLUTE)

    Execution Region ER_IROM1 (Exec base: 0x08000000, Load base: 0x08000000, Size: 0x00008124, Max: 0x00080000, ABSOLUTE)

    Exec Addr    Load Addr    Size         Type   Attr      Idx    E Section Name        Object

    0x08000000   0x08000000   0x000001d8   Data   RO            3    RESET               startup_stm32g474xx.o
    0x080001d8   0x080001d8   0x00000000   Code   RO         1891  * .ARM.Collect$$$$00000000  mc_w.l(entry.o)
    0x080001d8   0x080001d8   0x00000004   Code   RO         1914    .ARM.Collect$$$$00000001  mc_w.l(entry2.o)
    0x080001dc   0x080001dc   0x00000004   Code   RO         1917    .ARM.Collect$$$$00000004  mc_w.l(entry5.o)
    0x080001e0   0x080001e0   0x00000000   Code   RO         1919    .ARM.Collect$$$$00000008  mc_w.l(entry7b.o)
    0x080001e0   0x080001e0   0x00000000   Code   RO         1921    .ARM.Collect$$$$0000000A  mc_w.l(entry8b.o)
    0x080001e0   0x080001e0   0x00000008   Code   RO         1922    .ARM.Collect$$$$0000000B  mc_w.l(entry9a.o)
    0x080001e8   0x080001e8   0x00000000   Code   RO         1924    .ARM.Collect$$$$0000000D  mc_w.l(entry10a.o)
    0x080001e8   0x080001e8   0x00000000   Code   RO         1926    .ARM.Collect$$$$0000000F  mc_w.l(entry11a.o)
    0x080001e8   0x080001e8   0x00000004   Code   RO         1915    .ARM.Collect$$$$00002712  mc_w.l(entry2.o)
    0x080001ec   0x080001ec   0x00000024   Code   RO            4    .text               startup_stm32g474xx.o
    0x08000210   0x08000210   0x00000062   Code   RO         1894    .text               mc_w.l(uldiv.o)
    0x08000272   0x08000272   0x00000024   Code   RO         1896    .text               mc_w.l(memseta.o)
    0x08000296   0x08000296   0x0000014e   Code   RO         1898    .text               mf_w.l(dadd.o)
    0x080003e4   0x080003e4   0x000000e4   Code   RO         1900    .text               mf_w.l(dmul.o)
    0x080004c8   0x080004c8   0x00000036   Code   RO         1902    .text               mf_w.l(dcmple.o)
    0x080004fe   0x080004fe   0x00000036   Code   RO         1904    .text               mf_w.l(dcmplt.o)
    0x08000534   0x08000534   0x00000036   Code   RO         1906    .text               mf_w.l(dcmpge.o)
    0x0800056a   0x0800056a   0x00000036   Code   RO         1908    .text               mf_w.l(dcmpgt.o)
    0x080005a0   0x080005a0   0x0000001a   Code   RO         1910    .text               mf_w.l(dfltui.o)
    0x080005ba   0x080005ba   0x0000003e   Code   RO         1912    .text               mf_w.l(dfixi.o)
    0x080005f8   0x080005f8   0x0000001e   Code   RO         1928    .text               mc_w.l(llshl.o)
    0x08000616   0x08000616   0x00000020   Code   RO         1930    .text               mc_w.l(llushr.o)
    0x08000636   0x08000636   0x00000024   Code   RO         1932    .text               mc_w.l(llsshr.o)
    0x0800065a   0x0800065a   0x00000000   Code   RO         1934    .text               mc_w.l(iusefp.o)
    0x0800065a   0x0800065a   0x000000ba   Code   RO         1935    .text               mf_w.l(depilogue.o)
    0x08000714   0x08000714   0x00000024   Code   RO         1937    .text               mc_w.l(init.o)
    0x08000738   0x08000738   0x0000001c   Code   RO          229    .text.ADC1_2_IRQHandler  stm32g4xx_it.o
    0x08000754   0x08000754   0x0000000c   Code   RO          239    .text.ADC3_IRQHandler  stm32g4xx_it.o
    0x08000760   0x08000760   0x0000000c   Code   RO          247    .text.ADC4_IRQHandler  stm32g4xx_it.o
    0x0800076c   0x0800076c   0x000000c0   Code   RO          326    .text.ADC_ConversionStop  stm32g4xx_hal_adc.o
    0x0800082c   0x0800082c   0x00000064   Code   RO          328    .text.ADC_Disable   stm32g4xx_hal_adc.o
    0x08000890   0x08000890   0x00000068   Code   RO          334    .text.ADC_Enable    stm32g4xx_hal_adc.o
    0x080008f8   0x080008f8   0x00000002   Code   RO          205    .text.BusFault_Handler  stm32g4xx_it.o
    0x080008fa   0x080008fa   0x00000002   PAD
    0x080008fc   0x080008fc   0x0000000c   Code   RO          249    .text.COMP4_5_6_IRQHandler  stm32g4xx_it.o
    0x08000908   0x08000908   0x00000028   Code   RO           77    .text.DEV_I2C_ReadByte  main.o
    0x08000930   0x08000930   0x00000030   Code   RO           97    .text.DEV_I2C_ReadWord  main.o
    0x08000960   0x08000960   0x00000028   Code   RO           79    .text.DEV_I2C_WriteByte  main.o
    0x08000988   0x08000988   0x0000000c   Code   RO          221    .text.DMA1_Channel1_IRQHandler  stm32g4xx_it.o
    0x08000994   0x08000994   0x0000000c   Code   RO          223    .text.DMA1_Channel2_IRQHandler  stm32g4xx_it.o
    0x080009a0   0x080009a0   0x0000000c   Code   RO          225    .text.DMA1_Channel3_IRQHandler  stm32g4xx_it.o
    0x080009ac   0x080009ac   0x0000000c   Code   RO          227    .text.DMA1_Channel4_IRQHandler  stm32g4xx_it.o
    0x080009b8   0x080009b8   0x00000048   Code   RO          730    .text.DMA_CalcDMAMUXChannelBaseAndMask  stm32g4xx_hal_dma.o
    0x08000a00   0x08000a00   0x00000024   Code   RO          732    .text.DMA_CalcDMAMUXRequestGenBaseAndMask  stm32g4xx_hal_dma.o
    0x08000a24   0x08000a24   0x00000046   Code   RO          738    .text.DMA_SetConfig  stm32g4xx_hal_dma.o
    0x08000a6a   0x08000a6a   0x00000002   Code   RO          211    .text.DebugMon_Handler  stm32g4xx_it.o
    0x08000a6c   0x08000a6c   0x00000006   Code   RO          217    .text.EXTI2_IRQHandler  stm32g4xx_it.o
    0x08000a72   0x08000a72   0x00000006   Code   RO          219    .text.EXTI4_IRQHandler  stm32g4xx_it.o
    0x08000a78   0x08000a78   0x0000001c   Code   RO          231    .text.EXTI9_5_IRQHandler  stm32g4xx_it.o
    0x08000a94   0x08000a94   0x00000002   Code   RO           57    .text.Error_Handler  main.o
    0x08000a96   0x08000a96   0x00000002   PAD
    0x08000a98   0x08000a98   0x0000008c   Code   RO          393    .text.HAL_ADCEx_Calibration_Start  stm32g4xx_hal_adc_ex.o
    0x08000b24   0x08000b24   0x00000002   Code   RO          425    .text.HAL_ADCEx_EndOfSamplingCallback  stm32g4xx_hal_adc_ex.o
    0x08000b26   0x08000b26   0x00000002   Code   RO          417    .text.HAL_ADCEx_InjectedConvCpltCallback  stm32g4xx_hal_adc_ex.o
    0x08000b28   0x08000b28   0x00000002   Code   RO          419    .text.HAL_ADCEx_InjectedQueueOverflowCallback  stm32g4xx_hal_adc_ex.o
    0x08000b2a   0x08000b2a   0x00000002   Code   RO          421    .text.HAL_ADCEx_LevelOutOfWindow2Callback  stm32g4xx_hal_adc_ex.o
    0x08000b2c   0x08000b2c   0x00000002   Code   RO          423    .text.HAL_ADCEx_LevelOutOfWindow3Callback  stm32g4xx_hal_adc_ex.o
    0x08000b2e   0x08000b2e   0x00000002   PAD
    0x08000b30   0x08000b30   0x00000108   Code   RO          439    .text.HAL_ADCEx_MultiModeConfigChannel  stm32g4xx_hal_adc_ex.o
    0x08000c38   0x08000c38   0x00000330   Code   RO          372    .text.HAL_ADC_ConfigChannel  stm32g4xx_hal_adc.o
    0x08000f68   0x08000f68   0x000002cc   Code   RO           37    .text.HAL_ADC_ConvCpltCallback  main.o
    0x08001234   0x08001234   0x00000002   Code   RO          368    .text.HAL_ADC_ErrorCallback  stm32g4xx_hal_adc.o
    0x08001236   0x08001236   0x00000006   Code   RO          356    .text.HAL_ADC_GetValue  stm32g4xx_hal_adc.o
    0x0800123c   0x0800123c   0x00000294   Code   RO          362    .text.HAL_ADC_IRQHandler  stm32g4xx_hal_adc.o
    0x080014d0   0x080014d0   0x00000204   Code   RO          320    .text.HAL_ADC_Init  stm32g4xx_hal_adc.o
    0x080016d4   0x080016d4   0x00000002   Code   RO          366    .text.HAL_ADC_LevelOutOfWindowCallback  stm32g4xx_hal_adc.o
    0x080016d6   0x080016d6   0x00000002   PAD
    0x080016d8   0x080016d8   0x000001f4   Code   RO          261    .text.HAL_ADC_MspInit  stm32g4xx_hal_msp.o
    0x080018cc   0x080018cc   0x00000188   Code   RO          342    .text.HAL_ADC_Start_IT  stm32g4xx_hal_adc.o
    0x08001a54   0x08001a54   0x00000048   Code   RO          344    .text.HAL_ADC_Stop_IT  stm32g4xx_hal_adc.o
    0x08001a9c   0x08001a9c   0x0000000a   Code   RO          977    .text.HAL_COMP_GetOutputLevel  stm32g4xx_hal_comp.o
    0x08001aa6   0x08001aa6   0x00000002   PAD
    0x08001aa8   0x08001aa8   0x00000078   Code   RO          971    .text.HAL_COMP_IRQHandler  stm32g4xx_hal_comp.o
    0x08001b20   0x08001b20   0x000001fc   Code   RO          959    .text.HAL_COMP_Init  stm32g4xx_hal_comp.o
    0x08001d1c   0x08001d1c   0x00000108   Code   RO          265    .text.HAL_COMP_MspInit  stm32g4xx_hal_msp.o
    0x08001e24   0x08001e24   0x00000054   Code   RO          967    .text.HAL_COMP_Start  stm32g4xx_hal_comp.o
    0x08001e78   0x08001e78   0x00000002   Code   RO          973    .text.HAL_COMP_TriggerCallback  stm32g4xx_hal_comp.o
    0x08001e7a   0x08001e7a   0x0000007a   Code   RO          744    .text.HAL_DMA_Abort_IT  stm32g4xx_hal_dma.o
    0x08001ef4   0x08001ef4   0x00000006   Code   RO          754    .text.HAL_DMA_GetState  stm32g4xx_hal_dma.o
    0x08001efa   0x08001efa   0x000000a4   Code   RO          748    .text.HAL_DMA_IRQHandler  stm32g4xx_hal_dma.o
    0x08001f9e   0x08001f9e   0x00000002   PAD
    0x08001fa0   0x08001fa0   0x000000c0   Code   RO          728    .text.HAL_DMA_Init  stm32g4xx_hal_dma.o
    0x08002060   0x08002060   0x00000088   Code   RO          740    .text.HAL_DMA_Start_IT  stm32g4xx_hal_dma.o
    0x080020e8   0x080020e8   0x00000024   Code   RO          479    .text.HAL_Delay     stm32g4xx_hal.o
    0x0800210c   0x0800210c   0x000000dc   Code   RO          297    .text.HAL_GPIO_DeInit  stm32g4xx_hal_gpio.o
    0x080021e8   0x080021e8   0x00000184   Code   RO           11    .text.HAL_GPIO_EXTI_Callback  main.o
    0x0800236c   0x0800236c   0x00000014   Code   RO          307    .text.HAL_GPIO_EXTI_IRQHandler  stm32g4xx_hal_gpio.o
    0x08002380   0x08002380   0x00000184   Code   RO          295    .text.HAL_GPIO_Init  stm32g4xx_hal_gpio.o
    0x08002504   0x08002504   0x0000000a   Code   RO          299    .text.HAL_GPIO_ReadPin  stm32g4xx_hal_gpio.o
    0x0800250e   0x0800250e   0x0000000e   Code   RO          303    .text.HAL_GPIO_TogglePin  stm32g4xx_hal_gpio.o
    0x0800251c   0x0800251c   0x0000000c   Code   RO          301    .text.HAL_GPIO_WritePin  stm32g4xx_hal_gpio.o
    0x08002528   0x08002528   0x0000000c   Code   RO          471    .text.HAL_GetTick   stm32g4xx_hal.o
    0x08002534   0x08002534   0x0000004a   Code   RO         1159    .text.HAL_I2CEx_ConfigAnalogFilter  stm32g4xx_hal_i2c_ex.o
    0x0800257e   0x0800257e   0x00000048   Code   RO         1161    .text.HAL_I2CEx_ConfigDigitalFilter  stm32g4xx_hal_i2c_ex.o
    0x080025c6   0x080025c6   0x00000002   Code   RO         1124    .text.HAL_I2C_AbortCpltCallback  stm32g4xx_hal_i2c.o
    0x080025c8   0x080025c8   0x00000002   Code   RO         1114    .text.HAL_I2C_AddrCallback  stm32g4xx_hal_i2c.o
    0x080025ca   0x080025ca   0x00000060   Code   RO         1102    .text.HAL_I2C_ER_IRQHandler  stm32g4xx_hal_i2c.o
    0x0800262a   0x0800262a   0x0000000e   Code   RO         1100    .text.HAL_I2C_EV_IRQHandler  stm32g4xx_hal_i2c.o
    0x08002638   0x08002638   0x00000002   Code   RO         1122    .text.HAL_I2C_ErrorCallback  stm32g4xx_hal_i2c.o
    0x0800263a   0x0800263a   0x00000002   PAD
    0x0800263c   0x0800263c   0x000000a0   Code   RO          992    .text.HAL_I2C_Init  stm32g4xx_hal_i2c.o
    0x080026dc   0x080026dc   0x00000002   Code   RO         1116    .text.HAL_I2C_ListenCpltCallback  stm32g4xx_hal_i2c.o
    0x080026de   0x080026de   0x00000002   Code   RO         1108    .text.HAL_I2C_MasterRxCpltCallback  stm32g4xx_hal_i2c.o
    0x080026e0   0x080026e0   0x00000002   Code   RO         1106    .text.HAL_I2C_MasterTxCpltCallback  stm32g4xx_hal_i2c.o
    0x080026e2   0x080026e2   0x00000002   Code   RO         1120    .text.HAL_I2C_MemRxCpltCallback  stm32g4xx_hal_i2c.o
    0x080026e4   0x080026e4   0x00000002   Code   RO         1118    .text.HAL_I2C_MemTxCpltCallback  stm32g4xx_hal_i2c.o
    0x080026e6   0x080026e6   0x00000002   PAD
    0x080026e8   0x080026e8   0x00000174   Code   RO         1058    .text.HAL_I2C_Mem_Read  stm32g4xx_hal_i2c.o
    0x0800285c   0x0800285c   0x00000130   Code   RO         1068    .text.HAL_I2C_Mem_Read_DMA  stm32g4xx_hal_i2c.o
    0x0800298c   0x0800298c   0x00000178   Code   RO         1054    .text.HAL_I2C_Mem_Write  stm32g4xx_hal_i2c.o
    0x08002b04   0x08002b04   0x00000138   Code   RO         1066    .text.HAL_I2C_Mem_Write_DMA  stm32g4xx_hal_i2c.o
    0x08002c3c   0x08002c3c   0x000000f8   Code   RO          269    .text.HAL_I2C_MspInit  stm32g4xx_hal_msp.o
    0x08002d34   0x08002d34   0x00000002   Code   RO         1112    .text.HAL_I2C_SlaveRxCpltCallback  stm32g4xx_hal_i2c.o
    0x08002d36   0x08002d36   0x00000002   Code   RO         1110    .text.HAL_I2C_SlaveTxCpltCallback  stm32g4xx_hal_i2c.o
    0x08002d38   0x08002d38   0x00000014   Code   RO          469    .text.HAL_IncTick   stm32g4xx_hal.o
    0x08002d4c   0x08002d4c   0x0000001c   Code   RO          459    .text.HAL_Init      stm32g4xx_hal.o
    0x08002d68   0x08002d68   0x00000044   Code   RO          461    .text.HAL_InitTick  stm32g4xx_hal.o
    0x08002dac   0x08002dac   0x00000040   Code   RO          259    .text.HAL_MspInit   stm32g4xx_hal_msp.o
    0x08002dec   0x08002dec   0x00000024   Code   RO          918    .text.HAL_NVIC_DisableIRQ  stm32g4xx_hal_cortex.o
    0x08002e10   0x08002e10   0x0000001c   Code   RO          916    .text.HAL_NVIC_EnableIRQ  stm32g4xx_hal_cortex.o
    0x08002e2c   0x08002e2c   0x0000003c   Code   RO          912    .text.HAL_NVIC_SetPriority  stm32g4xx_hal_cortex.o
    0x08002e68   0x08002e68   0x00000020   Code   RO          910    .text.HAL_NVIC_SetPriorityGrouping  stm32g4xx_hal_cortex.o
    0x08002e88   0x08002e88   0x000000ac   Code   RO          829    .text.HAL_PWREx_ControlVoltageScaling  stm32g4xx_hal_pwr_ex.o
    0x08002f34   0x08002f34   0x00000298   Code   RO          579    .text.HAL_RCCEx_PeriphCLKConfig  stm32g4xx_hal_rcc_ex.o
    0x080031cc   0x080031cc   0x000001d4   Code   RO          544    .text.HAL_RCC_ClockConfig  stm32g4xx_hal_rcc.o
    0x080033a0   0x080033a0   0x00000018   Code   RO          552    .text.HAL_RCC_GetPCLK1Freq  stm32g4xx_hal_rcc.o
    0x080033b8   0x080033b8   0x00000020   Code   RO          554    .text.HAL_RCC_GetPCLK2Freq  stm32g4xx_hal_rcc.o
    0x080033d8   0x080033d8   0x0000005c   Code   RO          546    .text.HAL_RCC_GetSysClockFreq  stm32g4xx_hal_rcc.o
    0x08003434   0x08003434   0x0000043c   Code   RO          542    .text.HAL_RCC_OscConfig  stm32g4xx_hal_rcc.o
    0x08003870   0x08003870   0x0000002e   Code   RO         1184    .text.HAL_SPI_DeInit  stm32g4xx_hal_spi.o
    0x0800389e   0x0800389e   0x00000002   Code   RO         1268    .text.HAL_SPI_ErrorCallback  stm32g4xx_hal_spi.o
    0x080038a0   0x080038a0   0x00000108   Code   RO         1264    .text.HAL_SPI_IRQHandler  stm32g4xx_hal_spi.o
    0x080039a8   0x080039a8   0x000000ac   Code   RO         1180    .text.HAL_SPI_Init  stm32g4xx_hal_spi.o
    0x08003a54   0x08003a54   0x00000034   Code   RO          275    .text.HAL_SPI_MspDeInit  stm32g4xx_hal_msp.o
    0x08003a88   0x08003a88   0x000000a4   Code   RO          273    .text.HAL_SPI_MspInit  stm32g4xx_hal_msp.o
    0x08003b2c   0x08003b2c   0x00000002   Code   RO         1272    .text.HAL_SPI_RxCpltCallback  stm32g4xx_hal_spi.o
    0x08003b2e   0x08003b2e   0x00000002   PAD
    0x08003b30   0x08003b30   0x000000f8   Code   RO         1206    .text.HAL_SPI_TransmitReceive_IT  stm32g4xx_hal_spi.o
    0x08003c28   0x08003c28   0x00000020   Code   RO           15    .text.HAL_SPI_TxRxCpltCallback  main.o
    0x08003c48   0x08003c48   0x00000028   Code   RO          924    .text.HAL_SYSTICK_Config  stm32g4xx_hal_cortex.o
    0x08003c70   0x08003c70   0x00000002   Code   RO         1680    .text.HAL_TIMEx_Break2Callback  stm32g4xx_hal_tim_ex.o
    0x08003c72   0x08003c72   0x00000002   Code   RO         1678    .text.HAL_TIMEx_BreakCallback  stm32g4xx_hal_tim_ex.o
    0x08003c74   0x08003c74   0x00000002   Code   RO         1674    .text.HAL_TIMEx_CommutCallback  stm32g4xx_hal_tim_ex.o
    0x08003c76   0x08003c76   0x00000002   Code   RO         1684    .text.HAL_TIMEx_DirectionChangeCallback  stm32g4xx_hal_tim_ex.o
    0x08003c78   0x08003c78   0x00000002   Code   RO         1682    .text.HAL_TIMEx_EncoderIndexCallback  stm32g4xx_hal_tim_ex.o
    0x08003c7a   0x08003c7a   0x00000002   Code   RO         1686    .text.HAL_TIMEx_IndexErrorCallback  stm32g4xx_hal_tim_ex.o
    0x08003c7c   0x08003c7c   0x000000b0   Code   RO         1624    .text.HAL_TIMEx_MasterConfigSynchronization  stm32g4xx_hal_tim_ex.o
    0x08003d2c   0x08003d2c   0x00000002   Code   RO         1688    .text.HAL_TIMEx_TransitionErrorCallback  stm32g4xx_hal_tim_ex.o
    0x08003d2e   0x08003d2e   0x00000060   Code   RO         1311    .text.HAL_TIM_Base_Init  stm32g4xx_hal_tim.o
    0x08003d8e   0x08003d8e   0x00000002   PAD
    0x08003d90   0x08003d90   0x00000070   Code   RO          277    .text.HAL_TIM_Base_MspInit  stm32g4xx_hal_msp.o
    0x08003e00   0x08003e00   0x00000002   Code   RO         1447    .text.HAL_TIM_IC_CaptureCallback  stm32g4xx_hal_tim.o
    0x08003e02   0x08003e02   0x00000200   Code   RO         1445    .text.HAL_TIM_IRQHandler  stm32g4xx_hal_tim.o
    0x08004002   0x08004002   0x00000002   Code   RO         1449    .text.HAL_TIM_OC_DelayElapsedCallback  stm32g4xx_hal_tim.o
    0x08004004   0x08004004   0x00000002   Code   RO         1451    .text.HAL_TIM_PWM_PulseFinishedCallback  stm32g4xx_hal_tim.o
    0x08004006   0x08004006   0x00000002   Code   RO           35    .text.HAL_TIM_PeriodElapsedCallback  main.o
    0x08004008   0x08004008   0x00000002   Code   RO         1455    .text.HAL_TIM_TriggerCallback  stm32g4xx_hal_tim.o
    0x0800400a   0x0800400a   0x00000036   Code   RO         1860    .text.HAL_UARTEx_DisableFifoMode  stm32g4xx_hal_uart_ex.o
    0x08004040   0x08004040   0x00000002   Code   RO         1844    .text.HAL_UARTEx_RxFifoFullCallback  stm32g4xx_hal_uart_ex.o
    0x08004042   0x08004042   0x0000004a   Code   RO         1864    .text.HAL_UARTEx_SetRxFifoThreshold  stm32g4xx_hal_uart_ex.o
    0x0800408c   0x0800408c   0x0000004a   Code   RO         1862    .text.HAL_UARTEx_SetTxFifoThreshold  stm32g4xx_hal_uart_ex.o
    0x080040d6   0x080040d6   0x00000002   Code   RO         1846    .text.HAL_UARTEx_TxFifoEmptyCallback  stm32g4xx_hal_uart_ex.o
    0x080040d8   0x080040d8   0x00000002   Code   RO         1842    .text.HAL_UARTEx_WakeupCallback  stm32g4xx_hal_uart_ex.o
    0x080040da   0x080040da   0x00000002   Code   RO         1804    .text.HAL_UART_ErrorCallback  stm32g4xx_hal_uart.o
    0x080040dc   0x080040dc   0x000001ac   Code   RO         1800    .text.HAL_UART_IRQHandler  stm32g4xx_hal_uart.o
    0x08004288   0x08004288   0x00000064   Code   RO         1704    .text.HAL_UART_Init  stm32g4xx_hal_uart.o
    0x080042ec   0x080042ec   0x00000078   Code   RO          281    .text.HAL_UART_MspInit  stm32g4xx_hal_msp.o
    0x08004364   0x08004364   0x000000ec   Code   RO         1740    .text.HAL_UART_Receive_IT  stm32g4xx_hal_uart.o
    0x08004450   0x08004450   0x00000184   Code   RO           33    .text.HAL_UART_RxCpltCallback  main.o
    0x080045d4   0x080045d4   0x0000009c   Code   RO         1730    .text.HAL_UART_Transmit_IT  stm32g4xx_hal_uart.o
    0x08004670   0x08004670   0x00000064   Code   RO           19    .text.HAL_UART_TxCpltCallback  main.o
    0x080046d4   0x080046d4   0x00000002   Code   RO          201    .text.HardFault_Handler  stm32g4xx_it.o
    0x080046d6   0x080046d6   0x00000002   PAD
    0x080046d8   0x080046d8   0x00000008   Code   RO          235    .text.I2C2_ER_IRQHandler  stm32g4xx_it.o
    0x080046e0   0x080046e0   0x0000000c   Code   RO          233    .text.I2C2_EV_IRQHandler  stm32g4xx_it.o
    0x080046ec   0x080046ec   0x00000016   Code   RO         1086    .text.I2C_DMAAbort  stm32g4xx_hal_i2c.o
    0x08004702   0x08004702   0x00000012   Code   RO         1038    .text.I2C_DMAError  stm32g4xx_hal_i2c.o
    0x08004714   0x08004714   0x00000054   Code   RO         1042    .text.I2C_DMAMasterReceiveCplt  stm32g4xx_hal_i2c.o
    0x08004768   0x08004768   0x00000054   Code   RO         1036    .text.I2C_DMAMasterTransmitCplt  stm32g4xx_hal_i2c.o
    0x080047bc   0x080047bc   0x0000005e   Code   RO         1084    .text.I2C_Disable_IRQ  stm32g4xx_hal_i2c.o
    0x0800481a   0x0800481a   0x00000002   PAD
    0x0800481c   0x0800481c   0x00000068   Code   RO         1022    .text.I2C_Enable_IRQ  stm32g4xx_hal_i2c.o
    0x08004884   0x08004884   0x0000001c   Code   RO         1132    .text.I2C_Flush_TXDR  stm32g4xx_hal_i2c.o
    0x080048a0   0x080048a0   0x0000009e   Code   RO         1144    .text.I2C_ITAddrCplt  stm32g4xx_hal_i2c.o
    0x0800493e   0x0800493e   0x00000002   PAD
    0x08004940   0x08004940   0x000000dc   Code   RO         1104    .text.I2C_ITError   stm32g4xx_hal_i2c.o
    0x08004a1c   0x08004a1c   0x00000060   Code   RO         1140    .text.I2C_ITListenCplt  stm32g4xx_hal_i2c.o
    0x08004a7c   0x08004a7c   0x000000e8   Code   RO         1136    .text.I2C_ITMasterCplt  stm32g4xx_hal_i2c.o
    0x08004b64   0x08004b64   0x00000050   Code   RO         1134    .text.I2C_ITMasterSeqCplt  stm32g4xx_hal_i2c.o
    0x08004bb4   0x08004bb4   0x00000140   Code   RO         1138    .text.I2C_ITSlaveCplt  stm32g4xx_hal_i2c.o
    0x08004cf4   0x08004cf4   0x0000007c   Code   RO         1142    .text.I2C_ITSlaveSeqCplt  stm32g4xx_hal_i2c.o
    0x08004d70   0x08004d70   0x0000006c   Code   RO         1148    .text.I2C_IsAcknowledgeFailed  stm32g4xx_hal_i2c.o
    0x08004ddc   0x08004ddc   0x000000f6   Code   RO         1034    .text.I2C_Master_ISR_DMA  stm32g4xx_hal_i2c.o
    0x08004ed2   0x08004ed2   0x00000002   PAD
    0x08004ed4   0x08004ed4   0x00000020   Code   RO           69    .text.I2C_READBUF   main.o
    0x08004ef4   0x08004ef4   0x00000068   Code   RO         1060    .text.I2C_RequestMemoryRead  stm32g4xx_hal_i2c.o
    0x08004f5c   0x08004f5c   0x00000070   Code   RO         1056    .text.I2C_RequestMemoryWrite  stm32g4xx_hal_i2c.o
    0x08004fcc   0x08004fcc   0x0000012c   Code   RO         1046    .text.I2C_Slave_ISR_DMA  stm32g4xx_hal_i2c.o
    0x080050f8   0x080050f8   0x00000100   Code   RO         1028    .text.I2C_Slave_ISR_IT  stm32g4xx_hal_i2c.o
    0x080051f8   0x080051f8   0x00000024   Code   RO         1004    .text.I2C_TransferConfig  stm32g4xx_hal_i2c.o
    0x0800521c   0x0800521c   0x00000026   Code   RO         1146    .text.I2C_TreatErrorCallback  stm32g4xx_hal_i2c.o
    0x08005242   0x08005242   0x00000002   PAD
    0x08005244   0x08005244   0x00000024   Code   RO           67    .text.I2C_WRITEBUF  main.o
    0x08005268   0x08005268   0x00000060   Code   RO         1002    .text.I2C_WaitOnFlagUntilTimeout  stm32g4xx_hal_i2c.o
    0x080052c8   0x080052c8   0x00000048   Code   RO         1008    .text.I2C_WaitOnSTOPFlagUntilTimeout  stm32g4xx_hal_i2c.o
    0x08005310   0x08005310   0x00000050   Code   RO         1006    .text.I2C_WaitOnTXISFlagUntilTimeout  stm32g4xx_hal_i2c.o
    0x08005360   0x08005360   0x0000004c   Code   RO           23    .text.KalArm_BLEC_Tx_BATT_Board  main.o
    0x080053ac   0x080053ac   0x00000054   Code   RO           27    .text.KalArm_BLEC_Tx_CAL_INFO  main.o
    0x08005400   0x08005400   0x0000002c   Code   RO           21    .text.KalArm_BLEC_Tx_CLINICIAN_ACK  main.o
    0x0800542c   0x0800542c   0x00000028   Code   RO           31    .text.KalArm_BLEC_Tx_CUST_GRIP_TEST_STAT_RES  main.o
    0x08005454   0x08005454   0x00000048   Code   RO           25    .text.KalArm_BLEC_Tx_EMG_Viz  main.o
    0x0800549c   0x0800549c   0x00000030   Code   RO           29    .text.KalArm_BLEC_Tx_GEN_GRIP_TEST_STAT_RES  main.o
    0x080054cc   0x080054cc   0x00000020   Code   RO          374    .text.LL_ADC_SetChannelSamplingTime  stm32g4xx_hal_adc.o
    0x080054ec   0x080054ec   0x00000002   Code   RO          203    .text.MemManage_Handler  stm32g4xx_it.o
    0x080054ee   0x080054ee   0x00000002   Code   RO          199    .text.NMI_Handler   stm32g4xx_it.o
    0x080054f0   0x080054f0   0x00000002   Code   RO          213    .text.PendSV_Handler  stm32g4xx_it.o
    0x080054f2   0x080054f2   0x00000002   PAD
    0x080054f4   0x080054f4   0x0000000c   Code   RO          241    .text.SPI3_IRQHandler  stm32g4xx_it.o
    0x08005500   0x08005500   0x0000002e   Code   RO         1212    .text.SPI_2linesRxISR_16BIT  stm32g4xx_hal_spi.o
    0x0800552e   0x0800552e   0x00000060   Code   RO         1216    .text.SPI_2linesRxISR_8BIT  stm32g4xx_hal_spi.o
    0x0800558e   0x0800558e   0x0000002a   Code   RO         1214    .text.SPI_2linesTxISR_16BIT  stm32g4xx_hal_spi.o
    0x080055b8   0x080055b8   0x00000048   Code   RO         1218    .text.SPI_2linesTxISR_8BIT  stm32g4xx_hal_spi.o
    0x08005600   0x08005600   0x0000005c   Code   RO         1286    .text.SPI_CloseRxTx_ISR  stm32g4xx_hal_spi.o
    0x0800565c   0x0800565c   0x0000000e   Code   RO         1266    .text.SPI_DMAAbortOnError  stm32g4xx_hal_spi.o
    0x0800566a   0x0800566a   0x00000042   Code   RO         1190    .text.SPI_EndRxTxTransaction  stm32g4xx_hal_spi.o
    0x080056ac   0x080056ac   0x00000086   Code   RO         1246    .text.SPI_WaitFifoStateUntilTimeout  stm32g4xx_hal_spi.o
    0x08005732   0x08005732   0x00000076   Code   RO         1248    .text.SPI_WaitFlagStateUntilTimeout  stm32g4xx_hal_spi.o
    0x080057a8   0x080057a8   0x00000002   Code   RO          209    .text.SVC_Handler   stm32g4xx_it.o
    0x080057aa   0x080057aa   0x00000004   Code   RO          215    .text.SysTick_Handler  stm32g4xx_it.o
    0x080057ae   0x080057ae   0x00000002   PAD
    0x080057b0   0x080057b0   0x00000080   Code   RO           41    .text.SystemClock_Config  main.o
    0x08005830   0x08005830   0x0000001c   Code   RO         1876    .text.SystemInit    system_stm32g4xx.o
    0x0800584c   0x0800584c   0x0000001c   Code   RO           53    .text.TCS34725_Calibrate  main.o
    0x08005868   0x08005868   0x00000022   Code   RO           91    .text.TCS34725_Enable  main.o
    0x0800588a   0x0800588a   0x00000002   PAD
    0x0800588c   0x0800588c   0x00000158   Code   RO           99    .text.TCS34725_Get_RGBData  main.o
    0x080059e4   0x080059e4   0x00000016   Code   RO           89    .text.TCS34725_Interrupt_Enable  main.o
    0x080059fa   0x080059fa   0x00000002   PAD
    0x080059fc   0x080059fc   0x00000014   Code   RO           87    .text.TCS34725_Set_Gain  main.o
    0x08005a10   0x08005a10   0x00000018   Code   RO           85    .text.TCS34725_Set_Integration_Time  main.o
    0x08005a28   0x08005a28   0x00000010   Code   RO           93    .text.TCS34725_Set_Interrupt_Persistence_Reg  main.o
    0x08005a38   0x08005a38   0x0000002c   Code   RO           95    .text.TCS34725_Set_Interrupt_Threshold  main.o
    0x08005a64   0x08005a64   0x00000004   PAD
    0x08005a68   0x08005a68   0x000004f8   Code   RO          243    .text.TIM6_DAC_IRQHandler  stm32g4xx_it.o
    0x08005f60   0x08005f60   0x0000030c   Code   RO          245    .text.TIM7_DAC_IRQHandler  stm32g4xx_it.o
    0x0800626c   0x0800626c   0x000000d8   Code   RO         1315    .text.TIM_Base_SetConfig  stm32g4xx_hal_tim.o
    0x08006344   0x08006344   0x00000054   Code   RO         1858    .text.UARTEx_SetNbDataToProcess  stm32g4xx_hal_uart_ex.o
    0x08006398   0x08006398   0x000000d2   Code   RO         1710    .text.UART_AdvFeatureConfig  stm32g4xx_hal_uart.o
    0x0800646a   0x0800646a   0x00000064   Code   RO         1712    .text.UART_CheckIdleState  stm32g4xx_hal_uart.o
    0x080064ce   0x080064ce   0x00000010   Code   RO         1802    .text.UART_DMAAbortOnError  stm32g4xx_hal_uart.o
    0x080064de   0x080064de   0x00000002   PAD
    0x080064e0   0x080064e0   0x00000020   Code   RO         1772    .text.UART_EndRxTransfer  stm32g4xx_hal_uart.o
    0x08006500   0x08006500   0x00000056   Code   RO         1746    .text.UART_RxISR_16BIT  stm32g4xx_hal_uart.o
    0x08006556   0x08006556   0x00000002   PAD
    0x08006558   0x08006558   0x000000a4   Code   RO         1742    .text.UART_RxISR_16BIT_FIFOEN  stm32g4xx_hal_uart.o
    0x080065fc   0x080065fc   0x0000005a   Code   RO         1748    .text.UART_RxISR_8BIT  stm32g4xx_hal_uart.o
    0x08006656   0x08006656   0x00000002   PAD
    0x08006658   0x08006658   0x000000ac   Code   RO         1744    .text.UART_RxISR_8BIT_FIFOEN  stm32g4xx_hal_uart.o
    0x08006704   0x08006704   0x000004b0   Code   RO         1708    .text.UART_SetConfig  stm32g4xx_hal_uart.o
    0x08006bb4   0x08006bb4   0x00000040   Code   RO         1736    .text.UART_TxISR_16BIT  stm32g4xx_hal_uart.o
    0x08006bf4   0x08006bf4   0x00000054   Code   RO         1732    .text.UART_TxISR_16BIT_FIFOEN  stm32g4xx_hal_uart.o
    0x08006c48   0x08006c48   0x0000003c   Code   RO         1738    .text.UART_TxISR_8BIT  stm32g4xx_hal_uart.o
    0x08006c84   0x08006c84   0x00000050   Code   RO         1734    .text.UART_TxISR_8BIT_FIFOEN  stm32g4xx_hal_uart.o
    0x08006cd4   0x08006cd4   0x0000006a   Code   RO         1726    .text.UART_WaitOnFlagUntilTimeout  stm32g4xx_hal_uart.o
    0x08006d3e   0x08006d3e   0x00000002   PAD
    0x08006d40   0x08006d40   0x0000000c   Code   RO          237    .text.USART3_IRQHandler  stm32g4xx_it.o
    0x08006d4c   0x08006d4c   0x00000002   Code   RO          207    .text.UsageFault_Handler  stm32g4xx_it.o
    0x08006d4e   0x08006d4e   0x00000002   PAD
    0x08006d50   0x08006d50   0x00000024   Code   RO          914    .text.__NVIC_SetPriority  stm32g4xx_hal_cortex.o
    0x08006d74   0x08006d74   0x00000004   Code   RO          141    .text.bat_charge_100_LED  main.o
    0x08006d78   0x08006d78   0x0000000e   Code   RO          139    .text.bat_charge_75_LED  main.o
    0x08006d86   0x08006d86   0x00000002   PAD
    0x08006d88   0x08006d88   0x00000030   Code   RO           45    .text.battery_temperature_config_init  main.o
    0x08006db8   0x08006db8   0x00000030   Code   RO           43    .text.battery_voltage_config_init  main.o
    0x08006de8   0x08006de8   0x00000018   Code   RO          123    .text.cal_fail_LED  main.o
    0x08006e00   0x08006e00   0x00000018   Code   RO          125    .text.cal_in_progress_LED  main.o
    0x08006e18   0x08006e18   0x0000009c   Code   RO           55    .text.calibration_request  main.o
    0x08006eb4   0x08006eb4   0x00000068   Code   RO           59    .text.clinician_parameters_load  main.o
    0x08006f1c   0x08006f1c   0x00000254   Code   RO           63    .text.custom_grip_test  main.o
    0x08007170   0x08007170   0x00000108   Code   RO           61    .text.emg_control   main.o
    0x08007278   0x08007278   0x00000030   Code   RO           49    .text.emg_sensor_close_config_init  main.o
    0x080072a8   0x080072a8   0x00000030   Code   RO           51    .text.emg_sensor_open_config_init  main.o
    0x080072d8   0x080072d8   0x000000f4   Code   RO           65    .text.general_grip_test  main.o
    0x080073cc   0x080073cc   0x00000044   Code   RO           47    .text.i2c_thumb_sensor_setup  main.o
    0x08007410   0x08007410   0x000009c4   Code   RO           39    .text.main          main.o
    0x08007dd4   0x08007dd4   0x00000018   Code   RO          143    .text.mode_1_LED    main.o
    0x08007dec   0x08007dec   0x00000016   Code   RO          145    .text.mode_1_LED_toggle  main.o
    0x08007e02   0x08007e02   0x00000018   Code   RO          147    .text.mode_2_LED    main.o
    0x08007e1a   0x08007e1a   0x00000014   Code   RO          149    .text.mode_2_LED_toggle  main.o
    0x08007e2e   0x08007e2e   0x00000018   Code   RO          151    .text.mode_3_LED    main.o
    0x08007e46   0x08007e46   0x00000014   Code   RO          153    .text.mode_3_LED_toggle  main.o
    0x08007e5a   0x08007e5a   0x00000018   Code   RO          155    .text.mode_4_LED    main.o
    0x08007e72   0x08007e72   0x00000014   Code   RO          157    .text.mode_4_LED_toggle  main.o
    0x08007e86   0x08007e86   0x00000018   Code   RO           13    .text.reset_rgb_LED  main.o
    0x08007e9e   0x08007e9e   0x00000014   Code   RO          109    .text.set_B_LED     main.o
    0x08007eb2   0x08007eb2   0x00000014   Code   RO          107    .text.set_G_LED     main.o
    0x08007ec6   0x08007ec6   0x00000014   Code   RO          105    .text.set_R_LED     main.o
    0x08007eda   0x08007eda   0x00000018   Code   RO          115    .text.set_ble_LED   main.o
    0x08007ef2   0x08007ef2   0x00000002   PAD
    0x08007ef4   0x08007ef4   0x00000168   Code   RO           17    .text.spi_receive_handler  main.o
    0x0800805c   0x0800805c   0x0000000a   Code   RO          119    .text.toggle_B_LED  main.o
    0x08008066   0x08008066   0x0000000a   Code   RO          137    .text.toggle_G_LED  main.o
    0x08008070   0x08008070   0x0000000a   Code   RO          133    .text.toggle_R_LED  main.o
    0x0800807a   0x0800807a   0x00000016   Code   RO          117    .text.toggle_bleMode_LED  main.o
    0x08008090   0x08008090   0x0000000e   Code   RO         1941    i.__scatterload_copy  mc_w.l(handlers.o)
    0x0800809e   0x0800809e   0x00000002   Code   RO         1942    i.__scatterload_null  mc_w.l(handlers.o)
    0x080080a0   0x080080a0   0x0000000e   Code   RO         1943    i.__scatterload_zeroinit  mc_w.l(handlers.o)
    0x080080ae   0x080080ae   0x00000002   PAD
    0x080080b0   0x080080b0   0x0000002c   Data   RO         1830    .rodata..Lswitch.table.UART_SetConfig.19  stm32g4xx_hal_uart.o
    0x080080dc   0x080080dc   0x00000010   Data   RO         1881    .rodata.AHBPrescTable  system_stm32g4xx.o
    0x080080ec   0x080080ec   0x00000008   Data   RO         1882    .rodata.APBPrescTable  system_stm32g4xx.o
    0x080080f4   0x080080f4   0x00000010   Data   RO         1866    .rodata.cst8        stm32g4xx_hal_uart_ex.o
    0x08008104   0x08008104   0x00000020   Data   RO         1940    Region$$Table       anon$$obj.o


    Execution Region RW_IRAM1 (Exec base: 0x20000000, Load base: 0x08008128, Size: 0x00000b60, Max: 0x00020000, ABSOLUTE)

    Exec Addr    Load Addr    Size         Type   Attr      Idx    E Section Name        Object

    0x20000000   0x08008128   0x00000002   Data   RW          184    .data..L_MergedGlobals  main.o
    0x20000002   0x0800812a   0x00000002   PAD
    0x20000004   0x0800812c   0x00000008   Data   RW          530    .data..L_MergedGlobals  stm32g4xx_hal.o
    0x2000000c   0x08008134   0x00000004   Data   RW         1880    .data.SystemCoreClock  system_stm32g4xx.o
    0x20000010        -       0x00000008   Zero   RW          285    .bss..L_MergedGlobals  stm32g4xx_hal_msp.o
    0x20000018        -       0x00000075   Zero   RW          185    .bss..L_MergedGlobals.1  main.o
    0x2000008d   0x08008138   0x00000003   PAD
    0x20000090        -       0x0000007c   Zero   RW          186    .bss..L_MergedGlobals.2  main.o
    0x2000010c        -       0x0000006c   Zero   RW          187    .bss..L_MergedGlobals.3  main.o
    0x20000178        -       0x0000006c   Zero   RW          188    .bss..L_MergedGlobals.4  main.o
    0x200001e4   0x08008138   0x00000004   PAD
    0x200001e8        -       0x00000068   Zero   RW          189    .bss..L_MergedGlobals.5  main.o
    0x20000250        -       0x0000006c   Zero   RW          164    .bss.hadc1          main.o
    0x200002bc        -       0x0000006c   Zero   RW          163    .bss.hadc2          main.o
    0x20000328        -       0x0000006c   Zero   RW          161    .bss.hadc3          main.o
    0x20000394        -       0x0000006c   Zero   RW          162    .bss.hadc4          main.o
    0x20000400        -       0x00000060   Zero   RW          166    .bss.hdma_adc3      main.o
    0x20000460        -       0x00000060   Zero   RW          167    .bss.hdma_adc4      main.o
    0x200004c0        -       0x00000060   Zero   RW          168    .bss.hdma_i2c2_rx   main.o
    0x20000520        -       0x00000060   Zero   RW          169    .bss.hdma_i2c2_tx   main.o
    0x20000580        -       0x0000004c   Zero   RW          165    .bss.hi2c2          main.o
    0x200005cc        -       0x00000064   Zero   RW          159    .bss.hspi3          main.o
    0x20000630        -       0x0000004c   Zero   RW          170    .bss.htim6          main.o
    0x2000067c        -       0x0000004c   Zero   RW          171    .bss.htim7          main.o
    0x200006c8        -       0x0000008c   Zero   RW          160    .bss.huart3         main.o
    0x20000754        -       0x00000001   Zero   RW          177    .bss.update_event_close  main.o
    0x20000755        -       0x00000001   Zero   RW          176    .bss.update_event_open  main.o
    0x20000756   0x08008138   0x00000002   PAD
    0x20000758        -       0x00000004   Zero   RW          529    .bss.uwTick         stm32g4xx_hal.o
    0x2000075c   0x08008138   0x00000004   PAD
    0x20000760        -       0x00000400   Zero   RW            1    STACK               startup_stm32g474xx.o


==============================================================================

Image component sizes


      Code (inc. data)   RO Data    RW Data    ZI Data      Debug   Object Name

      7736        580          0          2       1847      40496   main.o
        36          8        472          0       1024        856   startup_stm32g474xx.o
       164         16          0          8          4       9236   stm32g4xx_hal.o
      2894        112          0          0          0      24800   stm32g4xx_hal_adc.o
       414         16          0          0          0      22034   stm32g4xx_hal_adc_ex.o
       724         66          0          0          0       6785   stm32g4xx_hal_comp.o
       232         32          0          0          0      10236   stm32g4xx_hal_cortex.o
       798         16          0          0          0       7736   stm32g4xx_hal_dma.o
       664         24          0          0          0       5055   stm32g4xx_hal_gpio.o
      4766        118          0          0          0      34943   stm32g4xx_hal_i2c.o
       146          0          0          0          0       6206   stm32g4xx_hal_i2c_ex.o
      1524        114          0          0          8      18463   stm32g4xx_hal_msp.o
       172          8          0          0          0       8590   stm32g4xx_hal_pwr_ex.o
      1700         56          0          0          0       9092   stm32g4xx_hal_rcc.o
       664          8          0          0          0      10404   stm32g4xx_hal_rcc_ex.o
      1414         20          0          0          0      20799   stm32g4xx_hal_spi.o
       832         40          0          0          0      43359   stm32g4xx_hal_tim.o
       190         32          0          0          0      23428   stm32g4xx_hal_tim_ex.o
      3386        266         44          0          0      22013   stm32g4xx_hal_uart.o
       292          8         16          0          0       7479   stm32g4xx_hal_uart_ex.o
      2268        202          0          0          0       4981   stm32g4xx_it.o
        28          4         24          4          0       2747   system_stm32g4xx.o

    ----------------------------------------------------------------------
     31100       1750        588         16       2896     339738   Object Totals
         0          0         32          0          0          0   (incl. Generated)
        56          4          0          2         13          0   (incl. Padding)

    ----------------------------------------------------------------------

      Code (inc. data)   RO Data    RW Data    ZI Data      Debug   Library Member Name

         0          0          0          0          0          0   entry.o
         0          0          0          0          0          0   entry10a.o
         0          0          0          0          0          0   entry11a.o
         8          4          0          0          0          0   entry2.o
         4          0          0          0          0          0   entry5.o
         0          0          0          0          0          0   entry7b.o
         0          0          0          0          0          0   entry8b.o
         8          4          0          0          0          0   entry9a.o
        30          0          0          0          0          0   handlers.o
        36          8          0          0          0         68   init.o
         0          0          0          0          0          0   iusefp.o
        30          0          0          0          0         68   llshl.o
        36          0          0          0          0         68   llsshr.o
        32          0          0          0          0         68   llushr.o
        36          0          0          0          0        108   memseta.o
        98          0          0          0          0         92   uldiv.o
       334          0          0          0          0        148   dadd.o
        54          0          0          0          0         80   dcmpge.o
        54          0          0          0          0         80   dcmpgt.o
        54          0          0          0          0         80   dcmple.o
        54          0          0          0          0         80   dcmplt.o
       186          0          0          0          0        176   depilogue.o
        62          0          0          0          0         80   dfixi.o
        26          0          0          0          0         76   dfltui.o
       228          0          0          0          0         96   dmul.o

    ----------------------------------------------------------------------
      1372         16          0          0          0       1368   Library Totals
         2          0          0          0          0          0   (incl. Padding)

    ----------------------------------------------------------------------

      Code (inc. data)   RO Data    RW Data    ZI Data      Debug   Library Name

       318         16          0          0          0        472   mc_w.l
      1052          0          0          0          0        896   mf_w.l

    ----------------------------------------------------------------------
      1372         16          0          0          0       1368   Library Totals

    ----------------------------------------------------------------------

==============================================================================


      Code (inc. data)   RO Data    RW Data    ZI Data      Debug   

     32472       1766        588         16       2896     340314   Grand Totals
     32472       1766        588         16       2896     340314   ELF Image Totals
     32472       1766        588         16          0          0   ROM Totals

==============================================================================

    Total RO  Size (Code + RO Data)                33060 (  32.29kB)
    Total RW  Size (RW Data + ZI Data)              2912 (   2.84kB)
    Total ROM Size (Code + RO Data + RW Data)      33076 (  32.30kB)

==============================================================================

