Component: ARM Compiler 5.06 update 6 (build 750) Tool: armlink [4d35ed]

==============================================================================

Section Cross References

    startup_stm32g474xx.o(RESET) refers to startup_stm32g474xx.o(STACK) for __initial_sp
    startup_stm32g474xx.o(RESET) refers to startup_stm32g474xx.o(.text) for Reset_Handler
    startup_stm32g474xx.o(RESET) refers to stm32g4xx_it.o(i.NMI_Handler) for NMI_Handler
    startup_stm32g474xx.o(RESET) refers to stm32g4xx_it.o(i.HardFault_Handler) for HardFault_Handler
    startup_stm32g474xx.o(RESET) refers to stm32g4xx_it.o(i.MemManage_Handler) for MemManage_Handler
    startup_stm32g474xx.o(RESET) refers to stm32g4xx_it.o(i.BusFault_Handler) for BusFault_Handler
    startup_stm32g474xx.o(RESET) refers to stm32g4xx_it.o(i.UsageFault_Handler) for UsageFault_Handler
    startup_stm32g474xx.o(RESET) refers to stm32g4xx_it.o(i.SVC_Handler) for SVC_Handler
    startup_stm32g474xx.o(RESET) refers to stm32g4xx_it.o(i.DebugMon_Handler) for DebugMon_Handler
    startup_stm32g474xx.o(RESET) refers to stm32g4xx_it.o(i.PendSV_Handler) for PendSV_Handler
    startup_stm32g474xx.o(RESET) refers to stm32g4xx_it.o(i.SysTick_Handler) for SysTick_Handler
    startup_stm32g474xx.o(RESET) refers to stm32g4xx_it.o(i.EXTI1_IRQHandler) for EXTI1_IRQHandler
    startup_stm32g474xx.o(RESET) refers to stm32g4xx_it.o(i.EXTI2_IRQHandler) for EXTI2_IRQHandler
    startup_stm32g474xx.o(RESET) refers to stm32g4xx_it.o(i.DMA1_Channel1_IRQHandler) for DMA1_Channel1_IRQHandler
    startup_stm32g474xx.o(RESET) refers to stm32g4xx_it.o(i.DMA1_Channel2_IRQHandler) for DMA1_Channel2_IRQHandler
    startup_stm32g474xx.o(RESET) refers to stm32g4xx_it.o(i.DMA1_Channel3_IRQHandler) for DMA1_Channel3_IRQHandler
    startup_stm32g474xx.o(RESET) refers to stm32g4xx_it.o(i.DMA1_Channel4_IRQHandler) for DMA1_Channel4_IRQHandler
    startup_stm32g474xx.o(RESET) refers to stm32g4xx_it.o(i.ADC1_2_IRQHandler) for ADC1_2_IRQHandler
    startup_stm32g474xx.o(RESET) refers to stm32g4xx_it.o(i.TIM1_BRK_TIM15_IRQHandler) for TIM1_BRK_TIM15_IRQHandler
    startup_stm32g474xx.o(RESET) refers to stm32g4xx_it.o(i.TIM1_UP_TIM16_IRQHandler) for TIM1_UP_TIM16_IRQHandler
    startup_stm32g474xx.o(RESET) refers to stm32g4xx_it.o(i.TIM1_TRG_COM_TIM17_IRQHandler) for TIM1_TRG_COM_TIM17_IRQHandler
    startup_stm32g474xx.o(RESET) refers to stm32g4xx_it.o(i.TIM1_CC_IRQHandler) for TIM1_CC_IRQHandler
    startup_stm32g474xx.o(RESET) refers to stm32g4xx_it.o(i.TIM2_IRQHandler) for TIM2_IRQHandler
    startup_stm32g474xx.o(RESET) refers to stm32g4xx_it.o(i.TIM3_IRQHandler) for TIM3_IRQHandler
    startup_stm32g474xx.o(RESET) refers to stm32g4xx_it.o(i.EXTI15_10_IRQHandler) for EXTI15_10_IRQHandler
    startup_stm32g474xx.o(RESET) refers to stm32g4xx_it.o(i.TIM8_UP_IRQHandler) for TIM8_UP_IRQHandler
    startup_stm32g474xx.o(RESET) refers to stm32g4xx_it.o(i.TIM8_CC_IRQHandler) for TIM8_CC_IRQHandler
    startup_stm32g474xx.o(RESET) refers to stm32g4xx_it.o(i.ADC3_IRQHandler) for ADC3_IRQHandler
    startup_stm32g474xx.o(RESET) refers to stm32g4xx_it.o(i.SPI3_IRQHandler) for SPI3_IRQHandler
    startup_stm32g474xx.o(RESET) refers to stm32g4xx_it.o(i.TIM6_DAC_IRQHandler) for TIM6_DAC_IRQHandler
    startup_stm32g474xx.o(RESET) refers to stm32g4xx_it.o(i.TIM7_DAC_IRQHandler) for TIM7_DAC_IRQHandler
    startup_stm32g474xx.o(RESET) refers to stm32g4xx_it.o(i.ADC5_IRQHandler) for ADC5_IRQHandler
    startup_stm32g474xx.o(.text) refers to system_stm32g4xx.o(i.SystemInit) for SystemInit
    startup_stm32g474xx.o(.text) refers to entry.o(.ARM.Collect$$$$00000000) for __main
    main.o(i.HAL_SPI_TxRxCpltCallback) refers to stm32g4xx_hal_gpio.o(i.HAL_GPIO_ReadPin) for HAL_GPIO_ReadPin
    main.o(i.HAL_SPI_TxRxCpltCallback) refers to stm32g4xx_hal_gpio.o(i.HAL_GPIO_WritePin) for HAL_GPIO_WritePin
    main.o(i.HAL_SPI_TxRxCpltCallback) refers to main.o(i.spi_receive_handler) for spi_receive_handler
    main.o(i.HAL_SPI_TxRxCpltCallback) refers to stm32g4xx_hal_spi.o(i.HAL_SPI_TransmitReceive_IT) for HAL_SPI_TransmitReceive_IT
    main.o(i.HAL_SPI_TxRxCpltCallback) refers to main.o(.data) for .data
    main.o(i.HAL_SPI_TxRxCpltCallback) refers to main.o(.bss) for .bss
    main.o(i.HAL_TIMEx_EncoderIndexCallback) refers to main.o(i.motor_4_reset) for motor_4_reset
    main.o(i.HAL_TIMEx_EncoderIndexCallback) refers to main.o(i.motor_3_reset) for motor_3_reset
    main.o(i.HAL_TIMEx_EncoderIndexCallback) refers to main.o(i.motor_2_reset) for motor_2_reset
    main.o(i.HAL_TIMEx_EncoderIndexCallback) refers to main.o(i.motor_1_reset) for motor_1_reset
    main.o(i.HAL_TIMEx_EncoderIndexCallback) refers to main.o(.bss) for .bss
    main.o(i.HAL_TIMEx_EncoderIndexCallback) refers to main.o(.data) for .data
    main.o(i.KalArm_MODE_2_OPPOSED_CLOSE_ROUTINE) refers to main.o(i.motor_4_set) for motor_4_set
[...]
    i.ADC_ConversionStop                     0x0800028c   Section        0  stm32g4xx_hal_adc.o(i.ADC_ConversionStop)
    i.ADC_DMAConvCplt                        0x08000368   Section        0  stm32g4xx_hal_adc.o(i.ADC_DMAConvCplt)
    i.ADC_DMAError                           0x080003d0   Section        0  stm32g4xx_hal_adc.o(i.ADC_DMAError)
    i.ADC_DMAHalfConvCplt                    0x080003ea   Section        0  stm32g4xx_hal_adc.o(i.ADC_DMAHalfConvCplt)
    i.ADC_Disable                            0x080003f4   Section        0  stm32g4xx_hal_adc.o(i.ADC_Disable)
    i.ADC_Enable                             0x0800045c   Section        0  stm32g4xx_hal_adc.o(i.ADC_Enable)
    i.BusFault_Handler                       0x080004c4   Section        0  stm32g4xx_it.o(i.BusFault_Handler)
    i.DMA1_Channel1_IRQHandler               0x080004c8   Section        0  stm32g4xx_it.o(i.DMA1_Channel1_IRQHandler)
    i.DMA1_Channel2_IRQHandler               0x080004d4   Section        0  stm32g4xx_it.o(i.DMA1_Channel2_IRQHandler)
    i.DMA1_Channel3_IRQHandler               0x080004e0   Section        0  stm32g4xx_it.o(i.DMA1_Channel3_IRQHandler)
    i.DMA1_Channel4_IRQHandler               0x080004ec   Section        0  stm32g4xx_it.o(i.DMA1_Channel4_IRQHandler)
    i.DMA_CalcDMAMUXChannelBaseAndMask       0x080004f8   Section        0  stm32g4xx_hal_dma.o(i.DMA_CalcDMAMUXChannelBaseAndMask)
    DMA_CalcDMAMUXChannelBaseAndMask         0x080004f9   Thumb Code    54  stm32g4xx_hal_dma.o(i.DMA_CalcDMAMUXChannelBaseAndMask)
    i.DMA_CalcDMAMUXRequestGenBaseAndMask    0x08000538   Section        0  stm32g4xx_hal_dma.o(i.DMA_CalcDMAMUXRequestGenBaseAndMask)
    DMA_CalcDMAMUXRequestGenBaseAndMask      0x08000539   Thumb Code    30  stm32g4xx_hal_dma.o(i.DMA_CalcDMAMUXRequestGenBaseAndMask)
    i.DMA_SetConfig                          0x0800055c   Section        0  stm32g4xx_hal_dma.o(i.DMA_SetConfig)
    DMA_SetConfig                            0x0800055d   Thumb Code    62  stm32g4xx_hal_dma.o(i.DMA_SetConfig)
    i.DebugMon_Handler                       0x0800059a   Section        0  stm32g4xx_it.o(i.DebugMon_Handler)
    i.EXTI15_10_IRQHandler                   0x0800059c   Section        0  stm32g4xx_it.o(i.EXTI15_10_IRQHandler)
    i.EXTI1_IRQHandler                       0x080005a4   Section        0  stm32g4xx_it.o(i.EXTI1_IRQHandler)
    i.EXTI2_IRQHandler                       0x080005aa   Section        0  stm32g4xx_it.o(i.EXTI2_IRQHandler)
    i.Error_Handler                          0x080005b0   Section        0  main.o(i.Error_Handler)
    i.HAL_ADCEx_Calibration_Start            0x080005b4   Section        0  stm32g4xx_hal_adc_ex.o(i.HAL_ADCEx_Calibration_Start)
    i.HAL_ADCEx_EndOfSamplingCallback        0x08000648   Section        0  stm32g4xx_hal_adc_ex.o(i.HAL_ADCEx_EndOfSamplingCallback)
    i.HAL_ADCEx_InjectedConvCpltCallback     0x0800064a   Section        0  stm32g4xx_hal_adc_ex.o(i.HAL_ADCEx_InjectedConvCpltCallback)
    i.HAL_ADCEx_InjectedQueueOverflowCallback 0x0800064c   Section        0  stm32g4xx_hal_adc_ex.o(i.HAL_ADCEx_InjectedQueueOverflowCallback)
    i.HAL_ADCEx_LevelOutOfWindow2Callback    0x0800064e   Section        0  stm32g4xx_hal_adc_ex.o(i.HAL_ADCEx_LevelOutOfWindow2Callback)
    i.HAL_ADCEx_LevelOutOfWindow3Callback    0x08000650   Section        0  stm32g4xx_hal_adc_ex.o(i.HAL_ADCEx_LevelOutOfWindow3Callback)
    i.HAL_ADCEx_MultiModeConfigChannel       0x08000654   Section        0  stm32g4xx_hal_adc_ex.o(i.HAL_ADCEx_MultiModeConfigChannel)
    i.HAL_ADC_ConfigChannel                  0x080007ac   Section        0  stm32g4xx_hal_adc.o(i.HAL_ADC_ConfigChannel)
    i.HAL_ADC_ConvCpltCallback               0x08000c14   Section        0  stm32g4xx_hal_adc.o(i.HAL_ADC_ConvCpltCallback)
    i.HAL_ADC_ConvHalfCpltCallback           0x08000c16   Section        0  stm32g4xx_hal_adc.o(i.HAL_ADC_ConvHalfCpltCallback)
    i.HAL_ADC_ErrorCallback                  0x08000c18   Section        0  stm32g4xx_hal_adc.o(i.HAL_ADC_ErrorCallback)
    i.HAL_ADC_IRQHandler                     0x08000c1c   Section        0  stm32g4xx_hal_adc.o(i.HAL_ADC_IRQHandler)
    i.HAL_ADC_Init                           0x08000ed4   Section        0  stm32g4xx_hal_adc.o(i.HAL_ADC_Init)
    i.HAL_ADC_LevelOutOfWindowCallback       0x08001108   Section        0  stm32g4xx_hal_adc.o(i.HAL_ADC_LevelOutOfWindowCallback)
    i.HAL_ADC_MspInit                        0x0800110c   Section        0  stm32g4xx_hal_msp.o(i.HAL_ADC_MspInit)
    i.HAL_ADC_Start_DMA                      0x08001298   Section        0  stm32g4xx_hal_adc.o(i.HAL_ADC_Start_DMA)
    i.HAL_ADC_Stop_DMA                       0x080013ac   Section        0  stm32g4xx_hal_adc.o(i.HAL_ADC_Stop_DMA)
    i.HAL_DMA_Abort                          0x08001426   Section        0  stm32g4xx_hal_dma.o(i.HAL_DMA_Abort)
    i.HAL_DMA_Abort_IT                       0x08001490   Section        0  stm32g4xx_hal_dma.o(i.HAL_DMA_Abort_IT)
    i.HAL_DMA_IRQHandler                     0x08001508   Section        0  stm32g4xx_hal_dma.o(i.HAL_DMA_IRQHandler)
    i.HAL_DMA_Init                           0x080015c4   Section        0  stm32g4xx_hal_dma.o(i.HAL_DMA_Init)
    i.HAL_DMA_Start_IT                       0x08001684   Section        0  stm32g4xx_hal_dma.o(i.HAL_DMA_Start_IT)
    i.HAL_Delay                              0x08001710   Section        0  stm32g4xx_hal.o(i.HAL_Delay)
    i.HAL_GPIO_DeInit                        0x08001734   Section        0  stm32g4xx_hal_gpio.o(i.HAL_GPIO_DeInit)
    i.HAL_GPIO_EXTI_Callback                 0x08001880   Section        0  stm32g4xx_hal_gpio.o(i.HAL_GPIO_EXTI_Callback)
    i.HAL_GPIO_EXTI_IRQHandler               0x08001884   Section        0  stm32g4xx_hal_gpio.o(i.HAL_GPIO_EXTI_IRQHandler)
    i.HAL_GPIO_Init                          0x0800189c   Section        0  stm32g4xx_hal_gpio.o(i.HAL_GPIO_Init)
    i.HAL_GPIO_ReadPin                       0x08001a64   Section        0  stm32g4xx_hal_gpio.o(i.HAL_GPIO_ReadPin)
    i.HAL_GPIO_WritePin                      0x08001a6e   Section        0  stm32g4xx_hal_gpio.o(i.HAL_GPIO_WritePin)
    i.HAL_GetTick                            0x08001a78   Section        0  stm32g4xx_hal.o(i.HAL_GetTick)
    i.HAL_IncTick                            0x08001a84   Section        0  stm32g4xx_hal.o(i.HAL_IncTick)
    i.HAL_Init                               0x08001a94   Section        0  stm32g4xx_hal.o(i.HAL_Init)
    i.HAL_InitTick                           0x08001ab4   Section        0  stm32g4xx_hal.o(i.HAL_InitTick)
    i.HAL_MspInit                            0x08001af8   Section        0  stm32g4xx_hal_msp.o(i.HAL_MspInit)
    i.HAL_NVIC_EnableIRQ                     0x08001b30   Section        0  stm32g4xx_hal_cortex.o(i.HAL_NVIC_EnableIRQ)
    i.HAL_NVIC_SetPriority                   0x08001b4c   Section        0  stm32g4xx_hal_cortex.o(i.HAL_NVIC_SetPriority)
    i.HAL_NVIC_SetPriorityGrouping           0x08001b8c   Section        0  stm32g4xx_hal_cortex.o(i.HAL_NVIC_SetPriorityGrouping)
    i.HAL_OPAMP_DeInit                       0x08001bb0   Section        0  stm32g4xx_hal_opamp.o(i.HAL_OPAMP_DeInit)
    i.HAL_OPAMP_Init                         0x08001bf0   Section        0  stm32g4xx_hal_opamp.o(i.HAL_OPAMP_Init)
    i.HAL_OPAMP_MspDeInit                    0x08001ce4   Section        0  stm32g4xx_hal_msp.o(i.HAL_OPAMP_MspDeInit)
    i.HAL_OPAMP_MspInit                      0x08001d28   Section        0  stm32g4xx_hal_msp.o(i.HAL_OPAMP_MspInit)
    i.HAL_OPAMP_SelfCalibrate                0x08001dd8   Section        0  stm32g4xx_hal_opamp.o(i.HAL_OPAMP_SelfCalibrate)
    i.HAL_OPAMP_Start                        0x08001f2c   Section        0  stm32g4xx_hal_opamp.o(i.HAL_OPAMP_Start)
    i.HAL_PWREx_ControlVoltageScaling        0x08001f58   Section        0  stm32g4xx_hal_pwr_ex.o(i.HAL_PWREx_ControlVoltageScaling)
    i.HAL_RCCEx_PeriphCLKConfig              0x08002014   Section        0  stm32g4xx_hal_rcc_ex.o(i.HAL_RCCEx_PeriphCLKConfig)
    i.HAL_RCC_ClockConfig                    0x08002314   Section        0  stm32g4xx_hal_rcc.o(i.HAL_RCC_ClockConfig)
    i.HAL_RCC_GetSysClockFreq                0x080024dc   Section        0  stm32g4xx_hal_rcc.o(i.HAL_RCC_GetSysClockFreq)
    i.HAL_RCC_OscConfig                      0x08002534   Section        0  stm32g4xx_hal_rcc.o(i.HAL_RCC_OscConfig)
    i.HAL_SPI_ErrorCallback                  0x08002940   Section        0  stm32g4xx_hal_spi.o(i.HAL_SPI_ErrorCallback)
    i.HAL_SPI_IRQHandler                     0x08002944   Section        0  stm32g4xx_hal_spi.o(i.HAL_SPI_IRQHandler)
    i.HAL_SPI_Init                           0x08002a40   Section        0  stm32g4xx_hal_spi.o(i.HAL_SPI_Init)
    i.HAL_SPI_MspInit                        0x08002af8   Section        0  stm32g4xx_hal_msp.o(i.HAL_SPI_MspInit)
    i.HAL_SPI_RxCpltCallback                 0x08002bbc   Section        0  stm32g4xx_hal_spi.o(i.HAL_SPI_RxCpltCallback)
    i.HAL_SPI_TransmitReceive_IT             0x08002bc0   Section        0  stm32g4xx_hal_spi.o(i.HAL_SPI_TransmitReceive_IT)
    i.HAL_SPI_TxRxCpltCallback               0x08002c84   Section        0  main.o(i.HAL_SPI_TxRxCpltCallback)
    i.HAL_SYSTICK_Config                     0x08002cd0   Section        0  stm32g4xx_hal_cortex.o(i.HAL_SYSTICK_Config)
    i.HAL_TIMEx_Break2Callback               0x08002cf8   Section        0  stm32g4xx_hal_tim_ex.o(i.HAL_TIMEx_Break2Callback)
    i.HAL_TIMEx_BreakCallback                0x08002cfa   Section        0  stm32g4xx_hal_tim_ex.o(i.HAL_TIMEx_BreakCallback)
    i.HAL_TIMEx_CommutCallback               0x08002cfc   Section        0  stm32g4xx_hal_tim_ex.o(i.HAL_TIMEx_CommutCallback)
    i.HAL_TIMEx_ConfigBreakDeadTime          0x08002d00   Section        0  stm32g4xx_hal_tim_ex.o(i.HAL_TIMEx_ConfigBreakDeadTime)
    i.HAL_TIMEx_ConfigEncoderIndex           0x08002dcc   Section        0  stm32g4xx_hal_tim_ex.o(i.HAL_TIMEx_ConfigEncoderIndex)
    i.HAL_TIMEx_DirectionChangeCallback      0x08002e1c   Section        0  stm32g4xx_hal_tim_ex.o(i.HAL_TIMEx_DirectionChangeCallback)
    i.HAL_TIMEx_EncoderIndexCallback         0x08002e20   Section        0  main.o(i.HAL_TIMEx_EncoderIndexCallback)
    i.HAL_TIMEx_IndexErrorCallback           0x0800301c   Section        0  stm32g4xx_hal_tim_ex.o(i.HAL_TIMEx_IndexErrorCallback)
    i.HAL_TIMEx_MasterConfigSynchronization  0x08003020   Section        0  stm32g4xx_hal_tim_ex.o(i.HAL_TIMEx_MasterConfigSynchronization)
    i.HAL_TIMEx_TransitionErrorCallback      0x080030d8   Section        0  stm32g4xx_hal_tim_ex.o(i.HAL_TIMEx_TransitionErrorCallback)
    i.HAL_TIM_Base_Init                      0x080030da   Section        0  stm32g4xx_hal_tim.o(i.HAL_TIM_Base_Init)
    i.HAL_TIM_Base_MspInit                   0x0800313c   Section        0  stm32g4xx_hal_msp.o(i.HAL_TIM_Base_MspInit)
    i.HAL_TIM_Base_Start_IT                  0x080031f0   Section        0  stm32g4xx_hal_tim.o(i.HAL_TIM_Base_Start_IT)
    i.HAL_TIM_Base_Stop_IT                   0x08003230   Section        0  stm32g4xx_hal_tim.o(i.HAL_TIM_Base_Stop_IT)
    i.HAL_TIM_Encoder_Init                   0x08003260   Section        0  stm32g4xx_hal_tim.o(i.HAL_TIM_Encoder_Init)
    i.HAL_TIM_Encoder_MspInit                0x08003308   Section        0  stm32g4xx_hal_msp.o(i.HAL_TIM_Encoder_MspInit)
    i.HAL_TIM_Encoder_Start_IT               0x0800355c   Section        0  stm32g4xx_hal_tim.o(i.HAL_TIM_Encoder_Start_IT)
    i.HAL_TIM_Encoder_Stop_IT                0x08003612   Section        0  stm32g4xx_hal_tim.o(i.HAL_TIM_Encoder_Stop_IT)
    i.HAL_TIM_IC_CaptureCallback             0x080036a2   Section        0  stm32g4xx_hal_tim.o(i.HAL_TIM_IC_CaptureCallback)
    i.HAL_TIM_IRQHandler                     0x080036a4   Section        0  stm32g4xx_hal_tim.o(i.HAL_TIM_IRQHandler)
    i.HAL_TIM_OC_DelayElapsedCallback        0x080038a0   Section        0  stm32g4xx_hal_tim.o(i.HAL_TIM_OC_DelayElapsedCallback)
    i.HAL_TIM_PWM_PulseFinishedCallback      0x080038a2   Section        0  stm32g4xx_hal_tim.o(i.HAL_TIM_PWM_PulseFinishedCallback)
    i.HAL_TIM_PeriodElapsedCallback          0x080038a4   Section        0  stm32g4xx_hal_tim.o(i.HAL_TIM_PeriodElapsedCallback)
    i.HAL_TIM_TriggerCallback                0x080038a6   Section        0  stm32g4xx_hal_tim.o(i.HAL_TIM_TriggerCallback)
    i.HardFault_Handler                      0x080038a8   Section        0  stm32g4xx_it.o(i.HardFault_Handler)
    i.KalArm_MODE_2_OPPOSED_CLOSE_ROUTINE    0x080038ac   Section        0  main.o(i.KalArm_MODE_2_OPPOSED_CLOSE_ROUTINE)
    i.LL_ADC_GetOffsetChannel                0x08003950   Section        0  stm32g4xx_hal_adc.o(i.LL_ADC_GetOffsetChannel)
    LL_ADC_GetOffsetChannel                  0x08003951   Thumb Code    12  stm32g4xx_hal_adc.o(i.LL_ADC_GetOffsetChannel)
    i.LL_ADC_INJ_IsConversionOngoing         0x0800395c   Section        0  stm32g4xx_hal_adc.o(i.LL_ADC_INJ_IsConversionOngoing)
    LL_ADC_INJ_IsConversionOngoing           0x0800395d   Thumb Code     8  stm32g4xx_hal_adc.o(i.LL_ADC_INJ_IsConversionOngoing)
    i.LL_ADC_REG_IsConversionOngoing         0x08003964   Section        0  stm32g4xx_hal_adc.o(i.LL_ADC_REG_IsConversionOngoing)
    LL_ADC_REG_IsConversionOngoing           0x08003965   Thumb Code     8  stm32g4xx_hal_adc.o(i.LL_ADC_REG_IsConversionOngoing)
    i.LL_ADC_REG_IsConversionOngoing         0x0800396c   Section        0  stm32g4xx_hal_adc_ex.o(i.LL_ADC_REG_IsConversionOngoing)
    LL_ADC_REG_IsConversionOngoing           0x0800396d   Thumb Code     8  stm32g4xx_hal_adc_ex.o(i.LL_ADC_REG_IsConversionOngoing)
    i.LL_ADC_REG_IsTriggerSourceSWStart      0x08003974   Section        0  stm32g4xx_hal_adc.o(i.LL_ADC_REG_IsTriggerSourceSWStart)
    LL_ADC_REG_IsTriggerSourceSWStart        0x08003975   Thumb Code    16  stm32g4xx_hal_adc.o(i.LL_ADC_REG_IsTriggerSourceSWStart)
    i.LL_ADC_SetChannelSamplingTime          0x08003984   Section        0  stm32g4xx_hal_adc.o(i.LL_ADC_SetChannelSamplingTime)
    LL_ADC_SetChannelSamplingTime            0x08003985   Thumb Code    30  stm32g4xx_hal_adc.o(i.LL_ADC_SetChannelSamplingTime)
    i.LL_ADC_SetOffsetState                  0x080039a2   Section        0  stm32g4xx_hal_adc.o(i.LL_ADC_SetOffsetState)
    LL_ADC_SetOffsetState                    0x080039a3   Thumb Code    16  stm32g4xx_hal_adc.o(i.LL_ADC_SetOffsetState)
    i.MX_ADC1_Init                           0x080039b4   Section        0  main.o(i.MX_ADC1_Init)
    MX_ADC1_Init                             0x080039b5   Thumb Code   118  main.o(i.MX_ADC1_Init)
    i.MX_ADC2_Init                           0x08003a34   Section        0  main.o(i.MX_ADC2_Init)
    MX_ADC2_Init                             0x08003a35   Thumb Code   100  main.o(i.MX_ADC2_Init)
    i.MX_ADC3_Init                           0x08003aa4   Section        0  main.o(i.MX_ADC3_Init)
    MX_ADC3_Init                             0x08003aa5   Thumb Code   116  main.o(i.MX_ADC3_Init)
    i.MX_ADC5_Init                           0x08003b24   Section        0  main.o(i.MX_ADC5_Init)
    MX_ADC5_Init                             0x08003b25   Thumb Code   100  main.o(i.MX_ADC5_Init)
    i.MX_DMA_Init                            0x08003b94   Section        0  main.o(i.MX_DMA_Init)
    MX_DMA_Init                              0x08003b95   Thumb Code   104  main.o(i.MX_DMA_Init)
    i.MX_GPIO_Init                           0x08003c00   Section        0  main.o(i.MX_GPIO_Init)
    MX_GPIO_Init                             0x08003c01   Thumb Code   332  main.o(i.MX_GPIO_Init)
    i.MX_OPAMP1_Init                         0x08003d5c   Section        0  main.o(i.MX_OPAMP1_Init)
    MX_OPAMP1_Init                           0x08003d5d   Thumb Code    92  main.o(i.MX_OPAMP1_Init)
    i.MX_OPAMP2_Init                         0x08003dc0   Section        0  main.o(i.MX_OPAMP2_Init)
    MX_OPAMP2_Init                           0x08003dc1   Thumb Code    92  main.o(i.MX_OPAMP2_Init)
    i.MX_OPAMP3_Init                         0x08003e24   Section        0  main.o(i.MX_OPAMP3_Init)
    MX_OPAMP3_Init                           0x08003e25   Thumb Code    92  main.o(i.MX_OPAMP3_Init)
    i.MX_OPAMP4_Init                         0x08003e88   Section        0  main.o(i.MX_OPAMP4_Init)
    MX_OPAMP4_Init                           0x08003e89   Thumb Code    92  main.o(i.MX_OPAMP4_Init)
    i.MX_SPI3_Init                           0x08003eec   Section        0  main.o(i.MX_SPI3_Init)
    MX_SPI3_Init                             0x08003eed   Thumb Code    42  main.o(i.MX_SPI3_Init)
    i.MX_TIM1_Init                           0x08003f20   Section        0  main.o(i.MX_TIM1_Init)
    MX_TIM1_Init                             0x08003f21   Thumb Code   142  main.o(i.MX_TIM1_Init)
    i.MX_TIM2_Init                           0x08003fb8   Section        0  main.o(i.MX_TIM2_Init)
    MX_TIM2_Init                             0x08003fb9   Thumb Code   120  main.o(i.MX_TIM2_Init)
    i.MX_TIM3_Init                           0x08004034   Section        0  main.o(i.MX_TIM3_Init)
    MX_TIM3_Init                             0x08004035   Thumb Code   118  main.o(i.MX_TIM3_Init)
    i.MX_TIM6_Init                           0x080040b4   Section        0  main.o(i.MX_TIM6_Init)
    MX_TIM6_Init                             0x080040b5   Thumb Code    64  main.o(i.MX_TIM6_Init)
    i.MX_TIM8_Init                           0x080040fc   Section        0  main.o(i.MX_TIM8_Init)
    MX_TIM8_Init                             0x080040fd   Thumb Code   142  main.o(i.MX_TIM8_Init)
    i.MemManage_Handler                      0x08004194   Section        0  stm32g4xx_it.o(i.MemManage_Handler)
    i.NMI_Handler                            0x08004196   Section        0  stm32g4xx_it.o(i.NMI_Handler)
    i.PendSV_Handler                         0x08004198   Section        0  stm32g4xx_it.o(i.PendSV_Handler)
    i.SPI3_IRQHandler                        0x0800419c   Section        0  stm32g4xx_it.o(i.SPI3_IRQHandler)
    i.SPI_2linesRxISR_16BIT                  0x080041a8   Section        0  stm32g4xx_hal_spi.o(i.SPI_2linesRxISR_16BIT)
    SPI_2linesRxISR_16BIT                    0x080041a9   Thumb Code    54  stm32g4xx_hal_spi.o(i.SPI_2linesRxISR_16BIT)
    i.SPI_2linesRxISR_8BIT                   0x080041de   Section        0  stm32g4xx_hal_spi.o(i.SPI_2linesRxISR_8BIT)
    SPI_2linesRxISR_8BIT                     0x080041df   Thumb Code   102  stm32g4xx_hal_spi.o(i.SPI_2linesRxISR_8BIT)
    i.SPI_2linesTxISR_16BIT                  0x08004244   Section        0  stm32g4xx_hal_spi.o(i.SPI_2linesTxISR_16BIT)
    SPI_2linesTxISR_16BIT                    0x08004245   Thumb Code    50  stm32g4xx_hal_spi.o(i.SPI_2linesTxISR_16BIT)
    i.SPI_2linesTxISR_8BIT                   0x08004276   Section        0  stm32g4xx_hal_spi.o(i.SPI_2linesTxISR_8BIT)
    SPI_2linesTxISR_8BIT                     0x08004277   Thumb Code    72  stm32g4xx_hal_spi.o(i.SPI_2linesTxISR_8BIT)
    i.SPI_CloseRxTx_ISR                      0x080042be   Section        0  stm32g4xx_hal_spi.o(i.SPI_CloseRxTx_ISR)
    SPI_CloseRxTx_ISR                        0x080042bf   Thumb Code    82  stm32g4xx_hal_spi.o(i.SPI_CloseRxTx_ISR)
    i.SPI_DMAAbortOnError                    0x08004310   Section        0  stm32g4xx_hal_spi.o(i.SPI_DMAAbortOnError)
    SPI_DMAAbortOnError                      0x08004311   Thumb Code    18  stm32g4xx_hal_spi.o(i.SPI_DMAAbortOnError)
    i.SPI_EndRxTxTransaction                 0x08004322   Section        0  stm32g4xx_hal_spi.o(i.SPI_EndRxTxTransaction)
    SPI_EndRxTxTransaction                   0x08004323   Thumb Code    72  stm32g4xx_hal_spi.o(i.SPI_EndRxTxTransaction)
    i.SPI_WaitFifoStateUntilTimeout          0x0800436a   Section        0  stm32g4xx_hal_spi.o(i.SPI_WaitFifoStateUntilTimeout)
    SPI_WaitFifoStateUntilTimeout            0x0800436b   Thumb Code   150  stm32g4xx_hal_spi.o(i.SPI_WaitFifoStateUntilTimeout)
    i.SPI_WaitFlagStateUntilTimeout          0x08004400   Section        0  stm32g4xx_hal_spi.o(i.SPI_WaitFlagStateUntilTimeout)
    SPI_WaitFlagStateUntilTimeout            0x08004401   Thumb Code   148  stm32g4xx_hal_spi.o(i.SPI_WaitFlagStateUntilTimeout)
    i.SVC_Handler                            0x08004494   Section        0  stm32g4xx_it.o(i.SVC_Handler)
    i.SysTick_Handler                        0x08004496   Section        0  stm32g4xx_it.o(i.SysTick_Handler)
    i.SystemClock_Config                     0x0800449a   Section        0  main.o(i.SystemClock_Config)
    i.SystemInit                             0x08004514   Section        0  system_stm32g4xx.o(i.SystemInit)
    i.TIM1_BRK_TIM15_IRQHandler              0x08004530   Section        0  stm32g4xx_it.o(i.TIM1_BRK_TIM15_IRQHandler)
    i.TIM1_CC_IRQHandler                     0x0800453c   Section        0  stm32g4xx_it.o(i.TIM1_CC_IRQHandler)
    i.TIM1_TRG_COM_TIM17_IRQHandler          0x08004548   Section        0  stm32g4xx_it.o(i.TIM1_TRG_COM_TIM17_IRQHandler)
    i.TIM1_UP_TIM16_IRQHandler               0x08004564   Section        0  stm32g4xx_it.o(i.TIM1_UP_TIM16_IRQHandler)
    i.TIM2_IRQHandler                        0x08004580   Section        0  stm32g4xx_it.o(i.TIM2_IRQHandler)
    i.TIM3_IRQHandler                        0x0800458c   Section        0  stm32g4xx_it.o(i.TIM3_IRQHandler)
    i.TIM6_DAC_IRQHandler                    0x08004598   Section        0  stm32g4xx_it.o(i.TIM6_DAC_IRQHandler)
    i.TIM7_DAC_IRQHandler                    0x080045bc   Section        0  stm32g4xx_it.o(i.TIM7_DAC_IRQHandler)
    i.TIM8_CC_IRQHandler                     0x08004748   Section        0  stm32g4xx_it.o(i.TIM8_CC_IRQHandler)
    i.TIM8_UP_IRQHandler                     0x08004754   Section        0  stm32g4xx_it.o(i.TIM8_UP_IRQHandler)
    i.TIM_Base_SetConfig                     0x08004760   Section        0  stm32g4xx_hal_tim.o(i.TIM_Base_SetConfig)
    i.TIM_CCxChannelCmd                      0x08004834   Section        0  stm32g4xx_hal_tim.o(i.TIM_CCxChannelCmd)
    i.TIM_ETR_SetConfig                      0x0800484e   Section        0  stm32g4xx_hal_tim.o(i.TIM_ETR_SetConfig)
    i.UsageFault_Handler                     0x08004862   Section        0  stm32g4xx_it.o(i.UsageFault_Handler)
    i.__NVIC_SetPriority                     0x08004864   Section        0  stm32g4xx_hal_cortex.o(i.__NVIC_SetPriority)
    __NVIC_SetPriority                       0x08004865   Thumb Code    32  stm32g4xx_hal_cortex.o(i.__NVIC_SetPriority)
    i.__scatterload_copy                     0x08004884   Section       14  handlers.o(i.__scatterload_copy)
    i.__scatterload_null                     0x08004892   Section        2  handlers.o(i.__scatterload_null)
    i.__scatterload_zeroinit                 0x08004894   Section       14  handlers.o(i.__scatterload_zeroinit)
    i.adaptive_filter                        0x080048a4   Section        0  main.o(i.adaptive_filter)
    i.adaptive_routine                       0x080049e0   Section        0  main.o(i.adaptive_routine)
    i.calibration_filter                     0x08004a0c   Section        0  main.o(i.calibration_filter)
    i.calibration_routine                    0x08004b80   Section        0  main.o(i.calibration_routine)
    i.current_sense_init                     0x08004df4   Section        0  main.o(i.current_sense_init)
    i.execute_custom_grip                    0x08004e08   Section        0  main.o(i.execute_custom_grip)
    i.finger_current_cutoff                  0x08005128   Section        0  main.o(i.finger_current_cutoff)
    i.grip_test_1_                           0x080052ac   Section        0  main.o(i.grip_test_1_)
    i.grip_test_2_                           0x080055dc   Section        0  main.o(i.grip_test_2_)
    i.grip_test_3_                           0x08005934   Section        0  main.o(i.grip_test_3_)
    i.grip_test_4_                           0x08005be4   Section        0  main.o(i.grip_test_4_)
    i.grip_test_5_                           0x08005f44   Section        0  main.o(i.grip_test_5_)
    i.grip_test_6_                           0x0800625c   Section        0  main.o(i.grip_test_6_)
    i.grip_test_7_                           0x08006448   Section        0  main.o(i.grip_test_7_)
    i.grip_test_8_                           0x080067bc   Section        0  main.o(i.grip_test_8_)
    i.main                                   0x08006ac4   Section        0  main.o(i.main)
    i.motor_1_current_config_init            0x08008374   Section        0  main.o(i.motor_1_current_config_init)
    i.motor_1_encoder_config_init            0x080083bc   Section        0  main.o(i.motor_1_encoder_config_init)
    i.motor_1_reset                          0x080083f0   Section        0  main.o(i.motor_1_reset)
    i.motor_1_set                            0x08008434   Section        0  main.o(i.motor_1_set)
    i.motor_2_current_config_init            0x080084d4   Section        0  main.o(i.motor_2_current_config_init)
    i.motor_2_encoder_config_init            0x0800851c   Section        0  main.o(i.motor_2_encoder_config_init)
    i.motor_2_reset                          0x08008550   Section        0  main.o(i.motor_2_reset)
    i.motor_2_set                            0x08008598   Section        0  main.o(i.motor_2_set)
    i.motor_3_current_config_init            0x0800863c   Section        0  main.o(i.motor_3_current_config_init)
    i.motor_3_encoder_config_init            0x08008684   Section        0  main.o(i.motor_3_encoder_config_init)
    i.motor_3_reset                          0x080086b8   Section        0  main.o(i.motor_3_reset)
    i.motor_3_set                            0x08008700   Section        0  main.o(i.motor_3_set)
    i.motor_4_current_config_init            0x080087b0   Section        0  main.o(i.motor_4_current_config_init)
    i.motor_4_encoder_config_init            0x080087f8   Section        0  main.o(i.motor_4_encoder_config_init)
    i.motor_4_reset                          0x0800882c   Section        0  main.o(i.motor_4_reset)
    i.motor_4_set                            0x08008870   Section        0  main.o(i.motor_4_set)
    i.motors_init                            0x08008910   Section        0  main.o(i.motors_init)
    i.prep_arm                               0x08008944   Section        0  main.o(i.prep_arm)
    i.spi_receive_handler                    0x0800898c   Section        0  main.o(i.spi_receive_handler)
    .constdata                               0x08008b44   Section       16  system_stm32g4xx.o(.constdata)
    .data                                    0x20000000   Section       75  main.o(.data)
    .data                                    0x2000004c   Section        8  stm32g4xx_hal_msp.o(.data)
    HAL_RCC_ADC12_CLK_ENABLED                0x2000004c   Data           4  stm32g4xx_hal_msp.o(.data)
    HAL_RCC_ADC345_CLK_ENABLED               0x20000050   Data           4  stm32g4xx_hal_msp.o(.data)
    .data                                    0x20000054   Section       12  stm32g4xx_hal.o(.data)
    .data                                    0x20000060   Section        4  system_stm32g4xx.o(.data)
    .bss                                     0x20000064   Section     1892  main.o(.bss)
    .bss                                     0x200007c8   Section       96  main.o(.bss)
    .bss                                     0x20000828   Section       96  main.o(.bss)
    .bss                                     0x20000888   Section       96  main.o(.bss)
    .bss                                     0x200008e8   Section       96  main.o(.bss)
    STACK                                    0x20000948   Section     1024  startup_stm32g474xx.o(STACK)

    Global Symbols

    Symbol Name                              Value     Ov Type        Size  Object(Section)

    BuildAttributes$$THM_ISAv4$E$P$D$K$B$S$7EM$VFPi3$EXTD16$VFPS$VFMA$PE$A:L22UL41UL21$X:L11$S22US41US21$IEEE1$IW$USESV6$~STKCKD$USESV7$~SHL$OSPACE$EBA8$MICROLIB$REQ8$PRES8$EABIv2 0x00000000   Number         0  anon$$obj.o ABSOLUTE
    __ARM_use_no_argv                        0x00000000   Number         0  main.o ABSOLUTE
    __cpp_initialize__aeabi_                  - Undefined Weak Reference
    __cxa_finalize                            - Undefined Weak Reference
    __decompress                              - Undefined Weak Reference
    _clock_init                               - Undefined Weak Reference
    _microlib_exit                            - Undefined Weak Reference
    __Vectors_Size                           0x000001d8   Number         0  startup_stm32g474xx.o ABSOLUTE
    __Vectors                                0x08000000   Data           4  startup_stm32g474xx.o(RESET)
    __Vectors_End                            0x080001d8   Data           0  startup_stm32g474xx.o(RESET)
    __main                                   0x080001d9   Thumb Code     0  entry.o(.ARM.Collect$$$$00000000)
    _main_stk                                0x080001d9   Thumb Code     0  entry2.o(.ARM.Collect$$$$00000001)
    _main_scatterload                        0x080001dd   Thumb Code     0  entry5.o(.ARM.Collect$$$$00000004)
    __main_after_scatterload                 0x080001e1   Thumb Code     0  entry5.o(.ARM.Collect$$$$00000004)
    _main_clock                              0x080001e1   Thumb Code     0  entry7b.o(.ARM.Collect$$$$00000008)
    _main_cpp_init                           0x080001e1   Thumb Code     0  entry8b.o(.ARM.Collect$$$$0000000A)
    _main_init                               0x080001e1   Thumb Code     0  entry9a.o(.ARM.Collect$$$$0000000B)
    __rt_final_cpp                           0x080001e9   Thumb Code     0  entry10a.o(.ARM.Collect$$$$0000000D)
    __rt_final_exit                          0x080001e9   Thumb Code     0  entry11a.o(.ARM.Collect$$$$0000000F)
    Reset_Handler                            0x080001ed   Thumb Code     8  startup_stm32g474xx.o(.text)
    ADC4_IRQHandler                          0x08000207   Thumb Code     0  startup_stm32g474xx.o(.text)
    COMP1_2_3_IRQHandler                     0x08000207   Thumb Code     0  startup_stm32g474xx.o(.text)
    COMP4_5_6_IRQHandler                     0x08000207   Thumb Code     0  startup_stm32g474xx.o(.text)
    COMP7_IRQHandler                         0x08000207   Thumb Code     0  startup_stm32g474xx.o(.text)
    CORDIC_IRQHandler                        0x08000207   Thumb Code     0  startup_stm32g474xx.o(.text)
    CRS_IRQHandler                           0x08000207   Thumb Code     0  startup_stm32g474xx.o(.text)
    DMA1_Channel5_IRQHandler                 0x08000207   Thumb Code     0  startup_stm32g474xx.o(.text)
    DMA1_Channel6_IRQHandler                 0x08000207   Thumb Code     0  startup_stm32g474xx.o(.text)
    DMA1_Channel7_IRQHandler                 0x08000207   Thumb Code     0  startup_stm32g474xx.o(.text)
    DMA1_Channel8_IRQHandler                 0x08000207   Thumb Code     0  startup_stm32g474xx.o(.text)
    DMA2_Channel1_IRQHandler                 0x08000207   Thumb Code     0  startup_stm32g474xx.o(.text)
    DMA2_Channel2_IRQHandler                 0x08000207   Thumb Code     0  startup_stm32g474xx.o(.text)
    DMA2_Channel3_IRQHandler                 0x08000207   Thumb Code     0  startup_stm32g474xx.o(.text)
    DMA2_Channel4_IRQHandler                 0x08000207   Thumb Code     0  startup_stm32g474xx.o(.text)
    DMA2_Channel5_IRQHandler                 0x08000207   Thumb Code     0  startup_stm32g474xx.o(.text)
    DMA2_Channel6_IRQHandler                 0x08000207   Thumb Code     0  startup_stm32g474xx.o(.text)
    DMA2_Channel7_IRQHandler                 0x08000207   Thumb Code     0  startup_stm32g474xx.o(.text)
    DMA2_Channel8_IRQHandler                 0x08000207   Thumb Code     0  startup_stm32g474xx.o(.text)
    DMAMUX_OVR_IRQHandler                    0x08000207   Thumb Code     0  startup_stm32g474xx.o(.text)
    EXTI0_IRQHandler                         0x08000207   Thumb Code     0  startup_stm32g474xx.o(.text)
    EXTI3_IRQHandler                         0x08000207   Thumb Code     0  startup_stm32g474xx.o(.text)
    EXTI4_IRQHandler                         0x08000207   Thumb Code     0  startup_stm32g474xx.o(.text)
    EXTI9_5_IRQHandler                       0x08000207   Thumb Code     0  startup_stm32g474xx.o(.text)
    FDCAN1_IT0_IRQHandler                    0x08000207   Thumb Code     0  startup_stm32g474xx.o(.text)
    FDCAN1_IT1_IRQHandler                    0x08000207   Thumb Code     0  startup_stm32g474xx.o(.text)
    FDCAN2_IT0_IRQHandler                    0x08000207   Thumb Code     0  startup_stm32g474xx.o(.text)
    FDCAN2_IT1_IRQHandler                    0x08000207   Thumb Code     0  startup_stm32g474xx.o(.text)
    FDCAN3_IT0_IRQHandler                    0x08000207   Thumb Code     0  startup_stm32g474xx.o(.text)
    FDCAN3_IT1_IRQHandler                    0x08000207   Thumb Code     0  startup_stm32g474xx.o(.text)
    FLASH_IRQHandler                         0x08000207   Thumb Code     0  startup_stm32g474xx.o(.text)
    FMAC_IRQHandler                          0x08000207   Thumb Code     0  startup_stm32g474xx.o(.text)
    FMC_IRQHandler                           0x08000207   Thumb Code     0  startup_stm32g474xx.o(.text)
    FPU_IRQHandler                           0x08000207   Thumb Code     0  startup_stm32g474xx.o(.text)
    HRTIM1_FLT_IRQHandler                    0x08000207   Thumb Code     0  startup_stm32g474xx.o(.text)
    HRTIM1_Master_IRQHandler                 0x08000207   Thumb Code     0  startup_stm32g474xx.o(.text)
    HRTIM1_TIMA_IRQHandler                   0x08000207   Thumb Code     0  startup_stm32g474xx.o(.text)
    HRTIM1_TIMB_IRQHandler                   0x08000207   Thumb Code     0  startup_stm32g474xx.o(.text)
    HRTIM1_TIMC_IRQHandler                   0x08000207   Thumb Code     0  startup_stm32g474xx.o(.text)
    HRTIM1_TIMD_IRQHandler                   0x08000207   Thumb Code     0  startup_stm32g474xx.o(.text)
    HRTIM1_TIME_IRQHandler                   0x08000207   Thumb Code     0  startup_stm32g474xx.o(.text)
    HRTIM1_TIMF_IRQHandler                   0x08000207   Thumb Code     0  startup_stm32g474xx.o(.text)
    I2C1_ER_IRQHandler                       0x08000207   Thumb Code     0  startup_stm32g474xx.o(.text)
    I2C1_EV_IRQHandler                       0x08000207   Thumb Code     0  startup_stm32g474xx.o(.text)
    I2C2_ER_IRQHandler                       0x08000207   Thumb Code     0  startup_stm32g474xx.o(.text)
    I2C2_EV_IRQHandler                       0x08000207   Thumb Code     0  startup_stm32g474xx.o(.text)
    I2C3_ER_IRQHandler                       0x08000207   Thumb Code     0  startup_stm32g474xx.o(.text)
    I2C3_EV_IRQHandler                       0x08000207   Thumb Code     0  startup_stm32g474xx.o(.text)
    I2C4_ER_IRQHandler                       0x08000207   Thumb Code     0  startup_stm32g474xx.o(.text)
    I2C4_EV_IRQHandler                       0x08000207   Thumb Code     0  startup_stm32g474xx.o(.text)
    LPTIM1_IRQHandler                        0x08000207   Thumb Code     0  startup_stm32g474xx.o(.text)
    LPUART1_IRQHandler                       0x08000207   Thumb Code     0  startup_stm32g474xx.o(.text)
    PVD_PVM_IRQHandler                       0x08000207   Thumb Code     0  startup_stm32g474xx.o(.text)
    QUADSPI_IRQHandler                       0x08000207   Thumb Code     0  startup_stm32g474xx.o(.text)
    RCC_IRQHandler                           0x08000207   Thumb Code     0  startup_stm32g474xx.o(.text)
    RNG_IRQHandler                           0x08000207   Thumb Code     0  startup_stm32g474xx.o(.text)
    RTC_Alarm_IRQHandler                     0x08000207   Thumb Code     0  startup_stm32g474xx.o(.text)
    RTC_TAMP_LSECSS_IRQHandler               0x08000207   Thumb Code     0  startup_stm32g474xx.o(.text)
    RTC_WKUP_IRQHandler                      0x08000207   Thumb Code     0  startup_stm32g474xx.o(.text)
    SAI1_IRQHandler                          0x08000207   Thumb Code     0  startup_stm32g474xx.o(.text)
    SPI1_IRQHandler                          0x08000207   Thumb Code     0  startup_stm32g474xx.o(.text)
    SPI2_IRQHandler                          0x08000207   Thumb Code     0  startup_stm32g474xx.o(.text)
    SPI4_IRQHandler                          0x08000207   Thumb Code     0  startup_stm32g474xx.o(.text)
    TIM20_BRK_IRQHandler                     0x08000207   Thumb Code     0  startup_stm32g474xx.o(.text)
    TIM20_CC_IRQHandler                      0x08000207   Thumb Code     0  startup_stm32g474xx.o(.text)
    TIM20_TRG_COM_IRQHandler                 0x08000207   Thumb Code     0  startup_stm32g474xx.o(.text)
    TIM20_UP_IRQHandler                      0x08000207   Thumb Code     0  startup_stm32g474xx.o(.text)
    TIM4_IRQHandler                          0x08000207   Thumb Code     0  startup_stm32g474xx.o(.text)
    TIM5_IRQHandler                          0x08000207   Thumb Code     0  startup_stm32g474xx.o(.text)
    TIM8_BRK_IRQHandler                      0x08000207   Thumb Code     0  startup_stm32g474xx.o(.text)
    TIM8_TRG_COM_IRQHandler                  0x08000207   Thumb Code     0  startup_stm32g474xx.o(.text)
    UART4_IRQHandler                         0x08000207   Thumb Code     0  startup_stm32g474xx.o(.text)
    UART5_IRQHandler                         0x08000207   Thumb Code     0  startup_stm32g474xx.o(.text)
    UCPD1_IRQHandler                         0x08000207   Thumb Code     0  startup_stm32g474xx.o(.text)
    USART1_IRQHandler                        0x08000207   Thumb Code     0  startup_stm32g474xx.o(.text)
    USART2_IRQHandler                        0x08000207   Thumb Code     0  startup_stm32g474xx.o(.text)
    USART3_IRQHandler                        0x08000207   Thumb Code     0  startup_stm32g474xx.o(.text)
    USBWakeUp_IRQHandler                     0x08000207   Thumb Code     0  startup_stm32g474xx.o(.text)
    USB_HP_IRQHandler                        0x08000207   Thumb Code     0  startup_stm32g474xx.o(.text)
    USB_LP_IRQHandler                        0x08000207   Thumb Code     0  startup_stm32g474xx.o(.text)
    WWDG_IRQHandler                          0x08000207   Thumb Code     0  startup_stm32g474xx.o(.text)
    __aeabi_memset                           0x08000211   Thumb Code    14  memseta.o(.text)
    __aeabi_memset4                          0x08000211   Thumb Code     0  memseta.o(.text)
    __aeabi_memset8                          0x08000211   Thumb Code     0  memseta.o(.text)
    __aeabi_memclr                           0x0800021f   Thumb Code     4  memseta.o(.text)
    __aeabi_memclr4                          0x0800021f   Thumb Code     0  memseta.o(.text)
    __aeabi_memclr8                          0x0800021f   Thumb Code     0  memseta.o(.text)
    _memset$wrapper                          0x08000223   Thumb Code    18  memseta.o(.text)
    __scatterload                            0x08000235   Thumb Code    28  init.o(.text)
    __scatterload_rt2                        0x08000235   Thumb Code     0  init.o(.text)
    ADC1_2_IRQHandler                        0x08000259   Thumb Code    18  stm32g4xx_it.o(i.ADC1_2_IRQHandler)
    ADC3_IRQHandler                          0x08000275   Thumb Code     6  stm32g4xx_it.o(i.ADC3_IRQHandler)
    ADC5_IRQHandler                          0x08000281   Thumb Code     6  stm32g4xx_it.o(i.ADC5_IRQHandler)
    ADC_ConversionStop                       0x0800028d   Thumb Code   212  stm32g4xx_hal_adc.o(i.ADC_ConversionStop)
    ADC_DMAConvCplt                          0x08000369   Thumb Code   104  stm32g4xx_hal_adc.o(i.ADC_DMAConvCplt)
    ADC_DMAError                             0x080003d1   Thumb Code    26  stm32g4xx_hal_adc.o(i.ADC_DMAError)
    ADC_DMAHalfConvCplt                      0x080003eb   Thumb Code    10  stm32g4xx_hal_adc.o(i.ADC_DMAHalfConvCplt)
    ADC_Disable                              0x080003f5   Thumb Code    98  stm32g4xx_hal_adc.o(i.ADC_Disable)
    ADC_Enable                               0x0800045d   Thumb Code   100  stm32g4xx_hal_adc.o(i.ADC_Enable)
    BusFault_Handler                         0x080004c5   Thumb Code     2  stm32g4xx_it.o(i.BusFault_Handler)
    DMA1_Channel1_IRQHandler                 0x080004c9   Thumb Code     6  stm32g4xx_it.o(i.DMA1_Channel1_IRQHandler)
    DMA1_Channel2_IRQHandler                 0x080004d5   Thumb Code     6  stm32g4xx_it.o(i.DMA1_Channel2_IRQHandler)
    DMA1_Channel3_IRQHandler                 0x080004e1   Thumb Code     6  stm32g4xx_it.o(i.DMA1_Channel3_IRQHandler)
    DMA1_Channel4_IRQHandler                 0x080004ed   Thumb Code     6  stm32g4xx_it.o(i.DMA1_Channel4_IRQHandler)
    DebugMon_Handler                         0x0800059b   Thumb Code     2  stm32g4xx_it.o(i.DebugMon_Handler)
    EXTI15_10_IRQHandler                     0x0800059d   Thumb Code     8  stm32g4xx_it.o(i.EXTI15_10_IRQHandler)
    EXTI1_IRQHandler                         0x080005a5   Thumb Code     6  stm32g4xx_it.o(i.EXTI1_IRQHandler)
    EXTI2_IRQHandler                         0x080005ab   Thumb Code     6  stm32g4xx_it.o(i.EXTI2_IRQHandler)
    Error_Handler                            0x080005b1   Thumb Code     2  main.o(i.Error_Handler)
    HAL_ADCEx_Calibration_Start              0x080005b5   Thumb Code   138  stm32g4xx_hal_adc_ex.o(i.HAL_ADCEx_Calibration_Start)
    HAL_ADCEx_EndOfSamplingCallback          0x08000649   Thumb Code     2  stm32g4xx_hal_adc_ex.o(i.HAL_ADCEx_EndOfSamplingCallback)
    HAL_ADCEx_InjectedConvCpltCallback       0x0800064b   Thumb Code     2  stm32g4xx_hal_adc_ex.o(i.HAL_ADCEx_InjectedConvCpltCallback)
    HAL_ADCEx_InjectedQueueOverflowCallback  0x0800064d   Thumb Code     2  stm32g4xx_hal_adc_ex.o(i.HAL_ADCEx_InjectedQueueOverflowCallback)
    HAL_ADCEx_LevelOutOfWindow2Callback      0x0800064f   Thumb Code     2  stm32g4xx_hal_adc_ex.o(i.HAL_ADCEx_LevelOutOfWindow2Callback)
    HAL_ADCEx_LevelOutOfWindow3Callback      0x08000651   Thumb Code     2  stm32g4xx_hal_adc_ex.o(i.HAL_ADCEx_LevelOutOfWindow3Callback)
    HAL_ADCEx_MultiModeConfigChannel         0x08000655   Thumb Code   318  stm32g4xx_hal_adc_ex.o(i.HAL_ADCEx_MultiModeConfigChannel)
    HAL_ADC_ConfigChannel                    0x080007ad   Thumb Code  1064  stm32g4xx_hal_adc.o(i.HAL_ADC_ConfigChannel)
    HAL_ADC_ConvCpltCallback                 0x08000c15   Thumb Code     2  stm32g4xx_hal_adc.o(i.HAL_ADC_ConvCpltCallback)
    HAL_ADC_ConvHalfCpltCallback             0x08000c17   Thumb Code     2  stm32g4xx_hal_adc.o(i.HAL_ADC_ConvHalfCpltCallback)
    HAL_ADC_ErrorCallback                    0x08000c19   Thumb Code     2  stm32g4xx_hal_adc.o(i.HAL_ADC_ErrorCallback)
    HAL_ADC_IRQHandler                       0x08000c1d   Thumb Code   674  stm32g4xx_hal_adc.o(i.HAL_ADC_IRQHandler)
    HAL_ADC_Init                             0x08000ed5   Thumb Code   516  stm32g4xx_hal_adc.o(i.HAL_ADC_Init)
    HAL_ADC_LevelOutOfWindowCallback         0x08001109   Thumb Code     2  stm32g4xx_hal_adc.o(i.HAL_ADC_LevelOutOfWindowCallback)
    HAL_ADC_MspInit                          0x0800110d   Thumb Code   356  stm32g4xx_hal_msp.o(i.HAL_ADC_MspInit)
    HAL_ADC_Start_DMA                        0x08001299   Thumb Code   238  stm32g4xx_hal_adc.o(i.HAL_ADC_Start_DMA)
    HAL_ADC_Stop_DMA                         0x080013ad   Thumb Code   122  stm32g4xx_hal_adc.o(i.HAL_ADC_Stop_DMA)
    HAL_DMA_Abort                            0x08001427   Thumb Code   106  stm32g4xx_hal_dma.o(i.HAL_DMA_Abort)
    HAL_DMA_Abort_IT                         0x08001491   Thumb Code   120  stm32g4xx_hal_dma.o(i.HAL_DMA_Abort_IT)
    HAL_DMA_IRQHandler                       0x08001509   Thumb Code   186  stm32g4xx_hal_dma.o(i.HAL_DMA_IRQHandler)
    HAL_DMA_Init                             0x080015c5   Thumb Code   178  stm32g4xx_hal_dma.o(i.HAL_DMA_Init)
    HAL_DMA_Start_IT                         0x08001685   Thumb Code   140  stm32g4xx_hal_dma.o(i.HAL_DMA_Start_IT)
    HAL_Delay                                0x08001711   Thumb Code    32  stm32g4xx_hal.o(i.HAL_Delay)
    HAL_GPIO_DeInit                          0x08001735   Thumb Code   302  stm32g4xx_hal_gpio.o(i.HAL_GPIO_DeInit)
    HAL_GPIO_EXTI_Callback                   0x08001881   Thumb Code     2  stm32g4xx_hal_gpio.o(i.HAL_GPIO_EXTI_Callback)
    HAL_GPIO_EXTI_IRQHandler                 0x08001885   Thumb Code    18  stm32g4xx_hal_gpio.o(i.HAL_GPIO_EXTI_IRQHandler)
    HAL_GPIO_Init                            0x0800189d   Thumb Code   422  stm32g4xx_hal_gpio.o(i.HAL_GPIO_Init)
    HAL_GPIO_ReadPin                         0x08001a65   Thumb Code    10  stm32g4xx_hal_gpio.o(i.HAL_GPIO_ReadPin)
    HAL_GPIO_WritePin                        0x08001a6f   Thumb Code    10  stm32g4xx_hal_gpio.o(i.HAL_GPIO_WritePin)
    HAL_GetTick                              0x08001a79   Thumb Code     6  stm32g4xx_hal.o(i.HAL_GetTick)
    HAL_IncTick                              0x08001a85   Thumb Code    12  stm32g4xx_hal.o(i.HAL_IncTick)
    HAL_Init                                 0x08001a95   Thumb Code    30  stm32g4xx_hal.o(i.HAL_Init)
    HAL_InitTick                             0x08001ab5   Thumb Code    58  stm32g4xx_hal.o(i.HAL_InitTick)
    HAL_MspInit                              0x08001af9   Thumb Code    48  stm32g4xx_hal_msp.o(i.HAL_MspInit)
    HAL_NVIC_EnableIRQ                       0x08001b31   Thumb Code    26  stm32g4xx_hal_cortex.o(i.HAL_NVIC_EnableIRQ)
    HAL_NVIC_SetPriority                     0x08001b4d   Thumb Code    60  stm32g4xx_hal_cortex.o(i.HAL_NVIC_SetPriority)
    HAL_NVIC_SetPriorityGrouping             0x08001b8d   Thumb Code    26  stm32g4xx_hal_cortex.o(i.HAL_NVIC_SetPriorityGrouping)
    HAL_OPAMP_DeInit                         0x08001bb1   Thumb Code    60  stm32g4xx_hal_opamp.o(i.HAL_OPAMP_DeInit)
    HAL_OPAMP_Init                           0x08001bf1   Thumb Code   236  stm32g4xx_hal_opamp.o(i.HAL_OPAMP_Init)
    HAL_OPAMP_MspDeInit                      0x08001ce5   Thumb Code    58  stm32g4xx_hal_msp.o(i.HAL_OPAMP_MspDeInit)
    HAL_OPAMP_MspInit                        0x08001d29   Thumb Code   162  stm32g4xx_hal_msp.o(i.HAL_OPAMP_MspInit)
    HAL_OPAMP_SelfCalibrate                  0x08001dd9   Thumb Code   340  stm32g4xx_hal_opamp.o(i.HAL_OPAMP_SelfCalibrate)
    HAL_OPAMP_Start                          0x08001f2d   Thumb Code    44  stm32g4xx_hal_opamp.o(i.HAL_OPAMP_Start)
    HAL_PWREx_ControlVoltageScaling          0x08001f59   Thumb Code   174  stm32g4xx_hal_pwr_ex.o(i.HAL_PWREx_ControlVoltageScaling)
    HAL_RCCEx_PeriphCLKConfig                0x08002015   Thumb Code   758  stm32g4xx_hal_rcc_ex.o(i.HAL_RCCEx_PeriphCLKConfig)
    HAL_RCC_ClockConfig                      0x08002315   Thumb Code   428  stm32g4xx_hal_rcc.o(i.HAL_RCC_ClockConfig)
    HAL_RCC_GetSysClockFreq                  0x080024dd   Thumb Code    80  stm32g4xx_hal_rcc.o(i.HAL_RCC_GetSysClockFreq)
    HAL_RCC_OscConfig                        0x08002535   Thumb Code  1036  stm32g4xx_hal_rcc.o(i.HAL_RCC_OscConfig)
    HAL_SPI_ErrorCallback                    0x08002941   Thumb Code     2  stm32g4xx_hal_spi.o(i.HAL_SPI_ErrorCallback)
    HAL_SPI_IRQHandler                       0x08002945   Thumb Code   246  stm32g4xx_hal_spi.o(i.HAL_SPI_IRQHandler)
    HAL_SPI_Init                             0x08002a41   Thumb Code   182  stm32g4xx_hal_spi.o(i.HAL_SPI_Init)
    HAL_SPI_MspInit                          0x08002af9   Thumb Code   178  stm32g4xx_hal_msp.o(i.HAL_SPI_MspInit)
    HAL_SPI_RxCpltCallback                   0x08002bbd   Thumb Code     2  stm32g4xx_hal_spi.o(i.HAL_SPI_RxCpltCallback)
    HAL_SPI_TransmitReceive_IT               0x08002bc1   Thumb Code   180  stm32g4xx_hal_spi.o(i.HAL_SPI_TransmitReceive_IT)
    HAL_SPI_TxRxCpltCallback                 0x08002c85   Thumb Code    62  main.o(i.HAL_SPI_TxRxCpltCallback)
    HAL_SYSTICK_Config                       0x08002cd1   Thumb Code    40  stm32g4xx_hal_cortex.o(i.HAL_SYSTICK_Config)
    HAL_TIMEx_Break2Callback                 0x08002cf9   Thumb Code     2  stm32g4xx_hal_tim_ex.o(i.HAL_TIMEx_Break2Callback)
    HAL_TIMEx_BreakCallback                  0x08002cfb   Thumb Code     2  stm32g4xx_hal_tim_ex.o(i.HAL_TIMEx_BreakCallback)
    HAL_TIMEx_CommutCallback                 0x08002cfd   Thumb Code     2  stm32g4xx_hal_tim_ex.o(i.HAL_TIMEx_CommutCallback)
    HAL_TIMEx_ConfigBreakDeadTime            0x08002d01   Thumb Code   192  stm32g4xx_hal_tim_ex.o(i.HAL_TIMEx_ConfigBreakDeadTime)
    HAL_TIMEx_ConfigEncoderIndex             0x08002dcd   Thumb Code    80  stm32g4xx_hal_tim_ex.o(i.HAL_TIMEx_ConfigEncoderIndex)
    HAL_TIMEx_DirectionChangeCallback        0x08002e1d   Thumb Code     2  stm32g4xx_hal_tim_ex.o(i.HAL_TIMEx_DirectionChangeCallback)
    HAL_TIMEx_EncoderIndexCallback           0x08002e21   Thumb Code   482  main.o(i.HAL_TIMEx_EncoderIndexCallback)
    HAL_TIMEx_IndexErrorCallback             0x0800301d   Thumb Code     2  stm32g4xx_hal_tim_ex.o(i.HAL_TIMEx_IndexErrorCallback)
    HAL_TIMEx_MasterConfigSynchronization    0x08003021   Thumb Code   150  stm32g4xx_hal_tim_ex.o(i.HAL_TIMEx_MasterConfigSynchronization)
    HAL_TIMEx_TransitionErrorCallback        0x080030d9   Thumb Code     2  stm32g4xx_hal_tim_ex.o(i.HAL_TIMEx_TransitionErrorCallback)
    HAL_TIM_Base_Init                        0x080030db   Thumb Code    98  stm32g4xx_hal_tim.o(i.HAL_TIM_Base_Init)
    HAL_TIM_Base_MspInit                     0x0800313d   Thumb Code   158  stm32g4xx_hal_msp.o(i.HAL_TIM_Base_MspInit)
    HAL_TIM_Base_Start_IT                    0x080031f1   Thumb Code    58  stm32g4xx_hal_tim.o(i.HAL_TIM_Base_Start_IT)
    HAL_TIM_Base_Stop_IT                     0x08003231   Thumb Code    48  stm32g4xx_hal_tim.o(i.HAL_TIM_Base_Stop_IT)
    HAL_TIM_Encoder_Init                     0x08003261   Thumb Code   162  stm32g4xx_hal_tim.o(i.HAL_TIM_Encoder_Init)
    HAL_TIM_Encoder_MspInit                  0x08003309   Thumb Code   570  stm32g4xx_hal_msp.o(i.HAL_TIM_Encoder_MspInit)
    HAL_TIM_Encoder_Start_IT                 0x0800355d   Thumb Code   182  stm32g4xx_hal_tim.o(i.HAL_TIM_Encoder_Start_IT)
    HAL_TIM_Encoder_Stop_IT                  0x08003613   Thumb Code   144  stm32g4xx_hal_tim.o(i.HAL_TIM_Encoder_Stop_IT)
    HAL_TIM_IC_CaptureCallback               0x080036a3   Thumb Code     2  stm32g4xx_hal_tim.o(i.HAL_TIM_IC_CaptureCallback)
    HAL_TIM_IRQHandler                       0x080036a5   Thumb Code   508  stm32g4xx_hal_tim.o(i.HAL_TIM_IRQHandler)
    HAL_TIM_OC_DelayElapsedCallback          0x080038a1   Thumb Code     2  stm32g4xx_hal_tim.o(i.HAL_TIM_OC_DelayElapsedCallback)
    HAL_TIM_PWM_PulseFinishedCallback        0x080038a3   Thumb Code     2  stm32g4xx_hal_tim.o(i.HAL_TIM_PWM_PulseFinishedCallback)
    HAL_TIM_PeriodElapsedCallback            0x080038a5   Thumb Code     2  stm32g4xx_hal_tim.o(i.HAL_TIM_PeriodElapsedCallback)
    HAL_TIM_TriggerCallback                  0x080038a7   Thumb Code     2  stm32g4xx_hal_tim.o(i.HAL_TIM_TriggerCallback)
    HardFault_Handler                        0x080038a9   Thumb Code     2  stm32g4xx_it.o(i.HardFault_Handler)
    KalArm_MODE_2_OPPOSED_CLOSE_ROUTINE      0x080038ad   Thumb Code   158  main.o(i.KalArm_MODE_2_OPPOSED_CLOSE_ROUTINE)
    MemManage_Handler                        0x08004195   Thumb Code     2  stm32g4xx_it.o(i.MemManage_Handler)
    NMI_Handler                              0x08004197   Thumb Code     2  stm32g4xx_it.o(i.NMI_Handler)
    PendSV_Handler                           0x08004199   Thumb Code     2  stm32g4xx_it.o(i.PendSV_Handler)
    SPI3_IRQHandler                          0x0800419d   Thumb Code     6  stm32g4xx_it.o(i.SPI3_IRQHandler)
    SVC_Handler                              0x08004495   Thumb Code     2  stm32g4xx_it.o(i.SVC_Handler)
    SysTick_Handler                          0x08004497   Thumb Code     4  stm32g4xx_it.o(i.SysTick_Handler)
    SystemClock_Config                       0x0800449b   Thumb Code   120  main.o(i.SystemClock_Config)
    SystemInit                               0x08004515   Thumb Code    22  system_stm32g4xx.o(i.SystemInit)
    TIM1_BRK_TIM15_IRQHandler                0x08004531   Thumb Code     6  stm32g4xx_it.o(i.TIM1_BRK_TIM15_IRQHandler)
    TIM1_CC_IRQHandler                       0x0800453d   Thumb Code     6  stm32g4xx_it.o(i.TIM1_CC_IRQHandler)
    TIM1_TRG_COM_TIM17_IRQHandler            0x08004549   Thumb Code    18  stm32g4xx_it.o(i.TIM1_TRG_COM_TIM17_IRQHandler)
    TIM1_UP_TIM16_IRQHandler                 0x08004565   Thumb Code    18  stm32g4xx_it.o(i.TIM1_UP_TIM16_IRQHandler)
    TIM2_IRQHandler                          0x08004581   Thumb Code     6  stm32g4xx_it.o(i.TIM2_IRQHandler)
    TIM3_IRQHandler                          0x0800458d   Thumb Code     6  stm32g4xx_it.o(i.TIM3_IRQHandler)
    TIM6_DAC_IRQHandler                      0x08004599   Thumb Code    30  stm32g4xx_it.o(i.TIM6_DAC_IRQHandler)
    TIM7_DAC_IRQHandler                      0x080045bd   Thumb Code   344  stm32g4xx_it.o(i.TIM7_DAC_IRQHandler)
    TIM8_CC_IRQHandler                       0x08004749   Thumb Code     6  stm32g4xx_it.o(i.TIM8_CC_IRQHandler)
    TIM8_UP_IRQHandler                       0x08004755   Thumb Code     6  stm32g4xx_it.o(i.TIM8_UP_IRQHandler)
    TIM_Base_SetConfig                       0x08004761   Thumb Code   176  stm32g4xx_hal_tim.o(i.TIM_Base_SetConfig)
    TIM_CCxChannelCmd                        0x08004835   Thumb Code    26  stm32g4xx_hal_tim.o(i.TIM_CCxChannelCmd)
    TIM_ETR_SetConfig                        0x0800484f   Thumb Code    20  stm32g4xx_hal_tim.o(i.TIM_ETR_SetConfig)
    UsageFault_Handler                       0x08004863   Thumb Code     2  stm32g4xx_it.o(i.UsageFault_Handler)
    __scatterload_copy                       0x08004885   Thumb Code    14  handlers.o(i.__scatterload_copy)
    __scatterload_null                       0x08004893   Thumb Code     2  handlers.o(i.__scatterload_null)
    __scatterload_zeroinit                   0x08004895   Thumb Code    14  handlers.o(i.__scatterload_zeroinit)
    adaptive_filter                          0x080048a5   Thumb Code   306  main.o(i.adaptive_filter)
    adaptive_routine                         0x080049e1   Thumb Code    44  main.o(i.adaptive_routine)
    calibration_filter                       0x08004a0d   Thumb Code   362  main.o(i.calibration_filter)
    calibration_routine                      0x08004b81   Thumb Code   616  main.o(i.calibration_routine)
    current_sense_init                       0x08004df5   Thumb Code    14  main.o(i.current_sense_init)
    execute_custom_grip                      0x08004e09   Thumb Code   788  main.o(i.execute_custom_grip)
    finger_current_cutoff                    0x08005129   Thumb Code   384  main.o(i.finger_current_cutoff)
    grip_test_1_                             0x080052ad   Thumb Code   802  main.o(i.grip_test_1_)
    grip_test_2_                             0x080055dd   Thumb Code   836  main.o(i.grip_test_2_)
    grip_test_3_                             0x08005935   Thumb Code   668  main.o(i.grip_test_3_)
    grip_test_4_                             0x08005be5   Thumb Code   850  main.o(i.grip_test_4_)
    grip_test_5_                             0x08005f45   Thumb Code   774  main.o(i.grip_test_5_)
    grip_test_6_                             0x0800625d   Thumb Code   478  main.o(i.grip_test_6_)
    grip_test_7_                             0x08006449   Thumb Code   862  main.o(i.grip_test_7_)
    grip_test_8_                             0x080067bd   Thumb Code   758  main.o(i.grip_test_8_)
    main                                     0x08006ac5   Thumb Code  6314  main.o(i.main)
    motor_1_current_config_init              0x08008375   Thumb Code    60  main.o(i.motor_1_current_config_init)
    motor_1_encoder_config_init              0x080083bd   Thumb Code    44  main.o(i.motor_1_encoder_config_init)
    motor_1_reset                            0x080083f1   Thumb Code    64  main.o(i.motor_1_reset)
    motor_1_set                              0x08008435   Thumb Code   156  main.o(i.motor_1_set)
    motor_2_current_config_init              0x080084d5   Thumb Code    60  main.o(i.motor_2_current_config_init)
    motor_2_encoder_config_init              0x0800851d   Thumb Code    44  main.o(i.motor_2_encoder_config_init)
    motor_2_reset                            0x08008551   Thumb Code    62  main.o(i.motor_2_reset)
    motor_2_set                              0x08008599   Thumb Code   154  main.o(i.motor_2_set)
    motor_3_current_config_init              0x0800863d   Thumb Code    60  main.o(i.motor_3_current_config_init)
    motor_3_encoder_config_init              0x08008685   Thumb Code    44  main.o(i.motor_3_encoder_config_init)
    motor_3_reset                            0x080086b9   Thumb Code    62  main.o(i.motor_3_reset)
    motor_3_set                              0x08008701   Thumb Code   166  main.o(i.motor_3_set)
    motor_4_current_config_init              0x080087b1   Thumb Code    60  main.o(i.motor_4_current_config_init)
    motor_4_encoder_config_init              0x080087f9   Thumb Code    46  main.o(i.motor_4_encoder_config_init)
    motor_4_reset                            0x0800882d   Thumb Code    64  main.o(i.motor_4_reset)
    motor_4_set                              0x08008871   Thumb Code   156  main.o(i.motor_4_set)
    motors_init                              0x08008911   Thumb Code    46  main.o(i.motors_init)
    prep_arm                                 0x08008945   Thumb Code    68  main.o(i.prep_arm)
    spi_receive_handler                      0x0800898d   Thumb Code   428  main.o(i.spi_receive_handler)
    AHBPrescTable                            0x08008b44   Data          16  system_stm32g4xx.o(.constdata)
    Region$$Table$$Base                      0x08008b54   Number         0  anon$$obj.o(Region$$Table)
    Region$$Table$$Limit                     0x08008b74   Number         0  anon$$obj.o(Region$$Table)
    KalArm_Calibration_Flag                  0x20000000   Data           1  main.o(.data)
    KalArm_EMG_Flag                          0x20000001   Data           1  main.o(.data)
    KalArm_Calibration_times                 0x20000002   Data           1  main.o(.data)
    thumb_position                           0x20000003   Data           1  main.o(.data)
    integration_state_number                 0x20000004   Data           1  main.o(.data)
    grip_test_1_execute                      0x20000005   Data           1  main.o(.data)
    grip_test_2_execute                      0x20000006   Data           1  main.o(.data)
    grip_test_3_execute                      0x20000007   Data           1  main.o(.data)
    grip_test_4_execute                      0x20000008   Data           1  main.o(.data)
    grip_test_5_execute                      0x20000009   Data           1  main.o(.data)
    grip_test_6_execute                      0x2000000a   Data           1  main.o(.data)
    grip_test_7_execute                      0x2000000b   Data           1  main.o(.data)
    grip_test_8_execute                      0x2000000c   Data           1  main.o(.data)
    cust_grip_test_execute                   0x2000000d   Data           1  main.o(.data)
    KalArm_release                           0x2000000e   Data           1  main.o(.data)
    txData_SPI                               0x2000000f   Data           4  main.o(.data)
    i                                        0x20000014   Data           4  main.o(.data)
    j                                        0x20000018   Data           4  main.o(.data)
    rxData_SPI                               0x2000001c   Data           4  main.o(.data)
    msTicks_T_7                              0x20000020   Data           4  main.o(.data)
    M1_ACCURACY                              0x20000024   Data           4  main.o(.data)
    M2_ACCURACY                              0x20000028   Data           4  main.o(.data)
    M3_ACCURACY                              0x2000002c   Data           4  main.o(.data)
    M4_ACCURACY                              0x20000030   Data           4  main.o(.data)
    KalArm_MODE                              0x20000034   Data           5  main.o(.data)
    KalArm_EMG_OPEN                          0x20000039   Data           6  main.o(.data)
    KalArm_EMG_CLOSE                         0x2000003f   Data           6  main.o(.data)
    KalArm_GEN_GRIP_STAT_RES                 0x20000045   Data           6  main.o(.data)
    uwTickPrio                               0x20000054   Data           4  stm32g4xx_hal.o(.data)
    uwTickFreq                               0x20000058   Data           4  stm32g4xx_hal.o(.data)
    uwTick                                   0x2000005c   Data           4  stm32g4xx_hal.o(.data)
    SystemCoreClock                          0x20000060   Data           4  system_stm32g4xx.o(.data)
    hadc1                                    0x20000064   Data         108  main.o(.bss)
    hadc2                                    0x200000d0   Data         108  main.o(.bss)
    hadc3                                    0x2000013c   Data         108  main.o(.bss)
    hadc5                                    0x200001a8   Data         108  main.o(.bss)
    hopamp1                                  0x20000214   Data          60  main.o(.bss)
    hopamp2                                  0x20000250   Data          60  main.o(.bss)
    hopamp3                                  0x2000028c   Data          60  main.o(.bss)
    hopamp4                                  0x200002c8   Data          60  main.o(.bss)
    hspi3                                    0x20000304   Data         100  main.o(.bss)
    htim1                                    0x20000368   Data          76  main.o(.bss)
    htim2                                    0x200003b4   Data          76  main.o(.bss)
    htim3                                    0x20000400   Data          76  main.o(.bss)
    htim6                                    0x2000044c   Data          76  main.o(.bss)
    htim7                                    0x20000498   Data          76  main.o(.bss)
    htim8                                    0x200004e4   Data          76  main.o(.bss)
    htim16                                   0x20000530   Data          76  main.o(.bss)
    htim17                                   0x2000057c   Data          76  main.o(.bss)
    M1                                       0x200005c8   Data          52  main.o(.bss)
    M2                                       0x200005fc   Data          52  main.o(.bss)
    M3                                       0x20000630   Data          52  main.o(.bss)
    M4                                       0x20000664   Data          52  main.o(.bss)
    KalArm_GRIPS                             0x20000698   Data         288  main.o(.bss)
    KalArm_CUST_GRIP_STAT_RES                0x200007b8   Data          16  main.o(.bss)
    hdma_adc1                                0x200007c8   Data          96  main.o(.bss)
    hdma_adc2                                0x20000828   Data          96  main.o(.bss)
    hdma_adc3                                0x20000888   Data          96  main.o(.bss)
    hdma_adc5                                0x200008e8   Data          96  main.o(.bss)
    __initial_sp                             0x20000d48   Data           0  startup_stm32g474xx.o(STACK)



==============================================================================

Memory Map of the image

  Image Entry point : 0x080001d9

  Load Region LR_IROM1 (Base: 0x08000000, Size: 0x00008bd8, Max: 0x00080000, ABSOLUTE)

    Execution Region ER_IROM1 (Exec base: 0x08000000, Load base: 0x08000000, Size: 0x00008b74, Max: 0x00080000, ABSOLUTE)

    Exec Addr    Load Addr    Size         Type   Attr      Idx    E Section Name        Object

    0x08000000   0x08000000   0x000001d8   Data   RO            3    RESET               startup_stm32g474xx.o
    0x080001d8   0x080001d8   0x00000000   Code   RO         4386  * .ARM.Collect$$$$00000000  mc_w.l(entry.o)
    0x080001d8   0x080001d8   0x00000004   Code   RO         4391    .ARM.Collect$$$$00000001  mc_w.l(entry2.o)
    0x080001dc   0x080001dc   0x00000004   Code   RO         4394    .ARM.Collect$$$$00000004  mc_w.l(entry5.o)
    0x080001e0   0x080001e0   0x00000000   Code   RO         4396    .ARM.Collect$$$$00000008  mc_w.l(entry7b.o)
    0x080001e0   0x080001e0   0x00000000   Code   RO         4398    .ARM.Collect$$$$0000000A  mc_w.l(entry8b.o)
    0x080001e0   0x080001e0   0x00000008   Code   RO         4399    .ARM.Collect$$$$0000000B  mc_w.l(entry9a.o)
    0x080001e8   0x080001e8   0x00000000   Code   RO         4401    .ARM.Collect$$$$0000000D  mc_w.l(entry10a.o)
    0x080001e8   0x080001e8   0x00000000   Code   RO         4403    .ARM.Collect$$$$0000000F  mc_w.l(entry11a.o)
    0x080001e8   0x080001e8   0x00000004   Code   RO         4392    .ARM.Collect$$$$00002712  mc_w.l(entry2.o)
    0x080001ec   0x080001ec   0x00000024   Code   RO            4    .text               startup_stm32g474xx.o
    0x08000210   0x08000210   0x00000024   Code   RO         4389    .text               mc_w.l(memseta.o)
    0x08000234   0x08000234   0x00000024   Code   RO         4405    .text               mc_w.l(init.o)
    0x08000258   0x08000258   0x0000001c   Code   RO          514    i.ADC1_2_IRQHandler  stm32g4xx_it.o
    0x08000274   0x08000274   0x0000000c   Code   RO          515    i.ADC3_IRQHandler   stm32g4xx_it.o
    0x08000280   0x08000280   0x0000000c   Code   RO          516    i.ADC5_IRQHandler   stm32g4xx_it.o
    0x0800028c   0x0800028c   0x000000dc   Code   RO          872    i.ADC_ConversionStop  stm32g4xx_hal_adc.o
    0x08000368   0x08000368   0x00000068   Code   RO          873    i.ADC_DMAConvCplt   stm32g4xx_hal_adc.o
    0x080003d0   0x080003d0   0x0000001a   Code   RO          874    i.ADC_DMAError      stm32g4xx_hal_adc.o
    0x080003ea   0x080003ea   0x0000000a   Code   RO          875    i.ADC_DMAHalfConvCplt  stm32g4xx_hal_adc.o
    0x080003f4   0x080003f4   0x00000068   Code   RO          876    i.ADC_Disable       stm32g4xx_hal_adc.o
    0x0800045c   0x0800045c   0x00000068   Code   RO          877    i.ADC_Enable        stm32g4xx_hal_adc.o
    0x080004c4   0x080004c4   0x00000002   Code   RO          517    i.BusFault_Handler  stm32g4xx_it.o
    0x080004c6   0x080004c6   0x00000002   PAD
    0x080004c8   0x080004c8   0x0000000c   Code   RO          518    i.DMA1_Channel1_IRQHandler  stm32g4xx_it.o
    0x080004d4   0x080004d4   0x0000000c   Code   RO          519    i.DMA1_Channel2_IRQHandler  stm32g4xx_it.o
    0x080004e0   0x080004e0   0x0000000c   Code   RO          520    i.DMA1_Channel3_IRQHandler  stm32g4xx_it.o
    0x080004ec   0x080004ec   0x0000000c   Code   RO          521    i.DMA1_Channel4_IRQHandler  stm32g4xx_it.o
    0x080004f8   0x080004f8   0x00000040   Code   RO         2102    i.DMA_CalcDMAMUXChannelBaseAndMask  stm32g4xx_hal_dma.o
    0x08000538   0x08000538   0x00000024   Code   RO         2103    i.DMA_CalcDMAMUXRequestGenBaseAndMask  stm32g4xx_hal_dma.o
    0x0800055c   0x0800055c   0x0000003e   Code   RO         2104    i.DMA_SetConfig     stm32g4xx_hal_dma.o
    0x0800059a   0x0800059a   0x00000002   Code   RO          522    i.DebugMon_Handler  stm32g4xx_it.o
    0x0800059c   0x0800059c   0x00000008   Code   RO          523    i.EXTI15_10_IRQHandler  stm32g4xx_it.o
    0x080005a4   0x080005a4   0x00000006   Code   RO          524    i.EXTI1_IRQHandler  stm32g4xx_it.o
    0x080005aa   0x080005aa   0x00000006   Code   RO          525    i.EXTI2_IRQHandler  stm32g4xx_it.o
    0x080005b0   0x080005b0   0x00000002   Code   RO           13    i.Error_Handler     main.o
    0x080005b2   0x080005b2   0x00000002   PAD
    0x080005b4   0x080005b4   0x00000094   Code   RO         1110    i.HAL_ADCEx_Calibration_Start  stm32g4xx_hal_adc_ex.o
    0x08000648   0x08000648   0x00000002   Code   RO         1114    i.HAL_ADCEx_EndOfSamplingCallback  stm32g4xx_hal_adc_ex.o
    0x0800064a   0x0800064a   0x00000002   Code   RO         1117    i.HAL_ADCEx_InjectedConvCpltCallback  stm32g4xx_hal_adc_ex.o
    0x0800064c   0x0800064c   0x00000002   Code   RO         1120    i.HAL_ADCEx_InjectedQueueOverflowCallback  stm32g4xx_hal_adc_ex.o
    0x0800064e   0x0800064e   0x00000002   Code   RO         1125    i.HAL_ADCEx_LevelOutOfWindow2Callback  stm32g4xx_hal_adc_ex.o
    0x08000650   0x08000650   0x00000002   Code   RO         1126    i.HAL_ADCEx_LevelOutOfWindow3Callback  stm32g4xx_hal_adc_ex.o
    0x08000652   0x08000652   0x00000002   PAD
    0x08000654   0x08000654   0x00000158   Code   RO         1127    i.HAL_ADCEx_MultiModeConfigChannel  stm32g4xx_hal_adc_ex.o
    0x080007ac   0x080007ac   0x00000468   Code   RO          879    i.HAL_ADC_ConfigChannel  stm32g4xx_hal_adc.o
    0x08000c14   0x08000c14   0x00000002   Code   RO          880    i.HAL_ADC_ConvCpltCallback  stm32g4xx_hal_adc.o
    0x08000c16   0x08000c16   0x00000002   Code   RO          881    i.HAL_ADC_ConvHalfCpltCallback  stm32g4xx_hal_adc.o
    0x08000c18   0x08000c18   0x00000002   Code   RO          883    i.HAL_ADC_ErrorCallback  stm32g4xx_hal_adc.o
    0x08000c1a   0x08000c1a   0x00000002   PAD
    0x08000c1c   0x08000c1c   0x000002b8   Code   RO          887    i.HAL_ADC_IRQHandler  stm32g4xx_hal_adc.o
    0x08000ed4   0x08000ed4   0x00000234   Code   RO          888    i.HAL_ADC_Init      stm32g4xx_hal_adc.o
    0x08001108   0x08001108   0x00000002   Code   RO          889    i.HAL_ADC_LevelOutOfWindowCallback  stm32g4xx_hal_adc.o
    0x0800110a   0x0800110a   0x00000002   PAD
    0x0800110c   0x0800110c   0x0000018c   Code   RO          717    i.HAL_ADC_MspInit   stm32g4xx_hal_msp.o
    0x08001298   0x08001298   0x00000114   Code   RO          896    i.HAL_ADC_Start_DMA  stm32g4xx_hal_adc.o
    0x080013ac   0x080013ac   0x0000007a   Code   RO          900    i.HAL_ADC_Stop_DMA  stm32g4xx_hal_adc.o
    0x08001426   0x08001426   0x0000006a   Code   RO         2105    i.HAL_DMA_Abort     stm32g4xx_hal_dma.o
    0x08001490   0x08001490   0x00000078   Code   RO         2106    i.HAL_DMA_Abort_IT  stm32g4xx_hal_dma.o
    0x08001508   0x08001508   0x000000ba   Code   RO         2110    i.HAL_DMA_IRQHandler  stm32g4xx_hal_dma.o
    0x080015c2   0x080015c2   0x00000002   PAD
    0x080015c4   0x080015c4   0x000000c0   Code   RO         2111    i.HAL_DMA_Init      stm32g4xx_hal_dma.o
    0x08001684   0x08001684   0x0000008c   Code   RO         2115    i.HAL_DMA_Start_IT  stm32g4xx_hal_dma.o
    0x08001710   0x08001710   0x00000024   Code   RO         1326    i.HAL_Delay         stm32g4xx_hal.o
    0x08001734   0x08001734   0x0000014c   Code   RO          806    i.HAL_GPIO_DeInit   stm32g4xx_hal_gpio.o
    0x08001880   0x08001880   0x00000002   Code   RO          807    i.HAL_GPIO_EXTI_Callback  stm32g4xx_hal_gpio.o
    0x08001882   0x08001882   0x00000002   PAD
    0x08001884   0x08001884   0x00000018   Code   RO          808    i.HAL_GPIO_EXTI_IRQHandler  stm32g4xx_hal_gpio.o
    0x0800189c   0x0800189c   0x000001c8   Code   RO          809    i.HAL_GPIO_Init     stm32g4xx_hal_gpio.o
    0x08001a64   0x08001a64   0x0000000a   Code   RO          811    i.HAL_GPIO_ReadPin  stm32g4xx_hal_gpio.o
    0x08001a6e   0x08001a6e   0x0000000a   Code   RO          813    i.HAL_GPIO_WritePin  stm32g4xx_hal_gpio.o
    0x08001a78   0x08001a78   0x0000000c   Code   RO         1330    i.HAL_GetTick       stm32g4xx_hal.o
    0x08001a84   0x08001a84   0x00000010   Code   RO         1333    i.HAL_IncTick       stm32g4xx_hal.o
    0x08001a94   0x08001a94   0x0000001e   Code   RO         1334    i.HAL_Init          stm32g4xx_hal.o
    0x08001ab2   0x08001ab2   0x00000002   PAD
    0x08001ab4   0x08001ab4   0x00000044   Code   RO         1335    i.HAL_InitTick      stm32g4xx_hal.o
    0x08001af8   0x08001af8   0x00000038   Code   RO          718    i.HAL_MspInit       stm32g4xx_hal_msp.o
    0x08001b30   0x08001b30   0x0000001a   Code   RO         2614    i.HAL_NVIC_EnableIRQ  stm32g4xx_hal_cortex.o
    0x08001b4a   0x08001b4a   0x00000002   PAD
    0x08001b4c   0x08001b4c   0x00000040   Code   RO         2620    i.HAL_NVIC_SetPriority  stm32g4xx_hal_cortex.o
    0x08001b8c   0x08001b8c   0x00000024   Code   RO         2621    i.HAL_NVIC_SetPriorityGrouping  stm32g4xx_hal_cortex.o
    0x08001bb0   0x08001bb0   0x00000040   Code   RO         2744    i.HAL_OPAMP_DeInit  stm32g4xx_hal_opamp.o
    0x08001bf0   0x08001bf0   0x000000f4   Code   RO         2747    i.HAL_OPAMP_Init    stm32g4xx_hal_opamp.o
    0x08001ce4   0x08001ce4   0x00000044   Code   RO          719    i.HAL_OPAMP_MspDeInit  stm32g4xx_hal_msp.o
    0x08001d28   0x08001d28   0x000000b0   Code   RO          720    i.HAL_OPAMP_MspInit  stm32g4xx_hal_msp.o
    0x08001dd8   0x08001dd8   0x00000154   Code   RO         2752    i.HAL_OPAMP_SelfCalibrate  stm32g4xx_hal_opamp.o
    0x08001f2c   0x08001f2c   0x0000002c   Code   RO         2753    i.HAL_OPAMP_Start   stm32g4xx_hal_opamp.o
    0x08001f58   0x08001f58   0x000000bc   Code   RO         2370    i.HAL_PWREx_ControlVoltageScaling  stm32g4xx_hal_pwr_ex.o
    0x08002014   0x08002014   0x00000300   Code   RO         1679    i.HAL_RCCEx_PeriphCLKConfig  stm32g4xx_hal_rcc_ex.o
    0x08002314   0x08002314   0x000001c8   Code   RO         1554    i.HAL_RCC_ClockConfig  stm32g4xx_hal_rcc.o
    0x080024dc   0x080024dc   0x00000058   Code   RO         1564    i.HAL_RCC_GetSysClockFreq  stm32g4xx_hal_rcc.o
    0x08002534   0x08002534   0x0000040c   Code   RO         1567    i.HAL_RCC_OscConfig  stm32g4xx_hal_rcc.o
    0x08002940   0x08002940   0x00000002   Code   RO         2859    i.HAL_SPI_ErrorCallback  stm32g4xx_hal_spi.o
    0x08002942   0x08002942   0x00000002   PAD
    0x08002944   0x08002944   0x000000fc   Code   RO         2862    i.HAL_SPI_IRQHandler  stm32g4xx_hal_spi.o
    0x08002a40   0x08002a40   0x000000b6   Code   RO         2863    i.HAL_SPI_Init      stm32g4xx_hal_spi.o
    0x08002af6   0x08002af6   0x00000002   PAD
    0x08002af8   0x08002af8   0x000000c4   Code   RO          722    i.HAL_SPI_MspInit   stm32g4xx_hal_msp.o
    0x08002bbc   0x08002bbc   0x00000002   Code   RO         2869    i.HAL_SPI_RxCpltCallback  stm32g4xx_hal_spi.o
    0x08002bbe   0x08002bbe   0x00000002   PAD
    0x08002bc0   0x08002bc0   0x000000c4   Code   RO         2874    i.HAL_SPI_TransmitReceive_IT  stm32g4xx_hal_spi.o
    0x08002c84   0x08002c84   0x0000004c   Code   RO           14    i.HAL_SPI_TxRxCpltCallback  main.o
    0x08002cd0   0x08002cd0   0x00000028   Code   RO         2625    i.HAL_SYSTICK_Config  stm32g4xx_hal_cortex.o
    0x08002cf8   0x08002cf8   0x00000002   Code   RO         3919    i.HAL_TIMEx_Break2Callback  stm32g4xx_hal_tim_ex.o
    0x08002cfa   0x08002cfa   0x00000002   Code   RO         3920    i.HAL_TIMEx_BreakCallback  stm32g4xx_hal_tim_ex.o
    0x08002cfc   0x08002cfc   0x00000002   Code   RO         3921    i.HAL_TIMEx_CommutCallback  stm32g4xx_hal_tim_ex.o
    0x08002cfe   0x08002cfe   0x00000002   PAD
    0x08002d00   0x08002d00   0x000000cc   Code   RO         3924    i.HAL_TIMEx_ConfigBreakDeadTime  stm32g4xx_hal_tim_ex.o
    0x08002dcc   0x08002dcc   0x00000050   Code   RO         3930    i.HAL_TIMEx_ConfigEncoderIndex  stm32g4xx_hal_tim_ex.o
    0x08002e1c   0x08002e1c   0x00000002   Code   RO         3932    i.HAL_TIMEx_DirectionChangeCallback  stm32g4xx_hal_tim_ex.o
    0x08002e1e   0x08002e1e   0x00000002   PAD
    0x08002e20   0x08002e20   0x000001fc   Code   RO           15    i.HAL_TIMEx_EncoderIndexCallback  main.o
    0x0800301c   0x0800301c   0x00000002   Code   RO         3960    i.HAL_TIMEx_IndexErrorCallback  stm32g4xx_hal_tim_ex.o
    0x0800301e   0x0800301e   0x00000002   PAD
    0x08003020   0x08003020   0x000000b8   Code   RO         3961    i.HAL_TIMEx_MasterConfigSynchronization  stm32g4xx_hal_tim_ex.o
    0x080030d8   0x080030d8   0x00000002   Code   RO         3982    i.HAL_TIMEx_TransitionErrorCallback  stm32g4xx_hal_tim_ex.o
    0x080030da   0x080030da   0x00000062   Code   RO         3205    i.HAL_TIM_Base_Init  stm32g4xx_hal_tim.o
    0x0800313c   0x0800313c   0x000000b4   Code   RO          724    i.HAL_TIM_Base_MspInit  stm32g4xx_hal_msp.o
    0x080031f0   0x080031f0   0x00000040   Code   RO         3210    i.HAL_TIM_Base_Start_IT  stm32g4xx_hal_tim.o
    0x08003230   0x08003230   0x00000030   Code   RO         3213    i.HAL_TIM_Base_Stop_IT  stm32g4xx_hal_tim.o
    0x08003260   0x08003260   0x000000a8   Code   RO         3226    i.HAL_TIM_Encoder_Init  stm32g4xx_hal_tim.o
    0x08003308   0x08003308   0x00000254   Code   RO          726    i.HAL_TIM_Encoder_MspInit  stm32g4xx_hal_msp.o
    0x0800355c   0x0800355c   0x000000b6   Code   RO         3231    i.HAL_TIM_Encoder_Start_IT  stm32g4xx_hal_tim.o
    0x08003612   0x08003612   0x00000090   Code   RO         3234    i.HAL_TIM_Encoder_Stop_IT  stm32g4xx_hal_tim.o
    0x080036a2   0x080036a2   0x00000002   Code   RO         3239    i.HAL_TIM_IC_CaptureCallback  stm32g4xx_hal_tim.o
    0x080036a4   0x080036a4   0x000001fc   Code   RO         3253    i.HAL_TIM_IRQHandler  stm32g4xx_hal_tim.o
    0x080038a0   0x080038a0   0x00000002   Code   RO         3256    i.HAL_TIM_OC_DelayElapsedCallback  stm32g4xx_hal_tim.o
    0x080038a2   0x080038a2   0x00000002   Code   RO         3283    i.HAL_TIM_PWM_PulseFinishedCallback  stm32g4xx_hal_tim.o
    0x080038a4   0x080038a4   0x00000002   Code   RO         3291    i.HAL_TIM_PeriodElapsedCallback  stm32g4xx_hal_tim.o
    0x080038a6   0x080038a6   0x00000002   Code   RO         3296    i.HAL_TIM_TriggerCallback  stm32g4xx_hal_tim.o
    0x080038a8   0x080038a8   0x00000002   Code   RO          526    i.HardFault_Handler  stm32g4xx_it.o
    0x080038aa   0x080038aa   0x00000002   PAD
    0x080038ac   0x080038ac   0x000000a4   Code   RO           16    i.KalArm_MODE_2_OPPOSED_CLOSE_ROUTINE  main.o
    0x08003950   0x08003950   0x0000000c   Code   RO          902    i.LL_ADC_GetOffsetChannel  stm32g4xx_hal_adc.o
    0x0800395c   0x0800395c   0x00000008   Code   RO          903    i.LL_ADC_INJ_IsConversionOngoing  stm32g4xx_hal_adc.o
    0x08003964   0x08003964   0x00000008   Code   RO          904    i.LL_ADC_REG_IsConversionOngoing  stm32g4xx_hal_adc.o
    0x0800396c   0x0800396c   0x00000008   Code   RO         1137    i.LL_ADC_REG_IsConversionOngoing  stm32g4xx_hal_adc_ex.o
    0x08003974   0x08003974   0x00000010   Code   RO          905    i.LL_ADC_REG_IsTriggerSourceSWStart  stm32g4xx_hal_adc.o
    0x08003984   0x08003984   0x0000001e   Code   RO          907    i.LL_ADC_SetChannelSamplingTime  stm32g4xx_hal_adc.o
    0x080039a2   0x080039a2   0x00000010   Code   RO          908    i.LL_ADC_SetOffsetState  stm32g4xx_hal_adc.o
    0x080039b2   0x080039b2   0x00000002   PAD
    0x080039b4   0x080039b4   0x00000080   Code   RO           17    i.MX_ADC1_Init      main.o
    0x08003a34   0x08003a34   0x00000070   Code   RO           18    i.MX_ADC2_Init      main.o
    0x08003aa4   0x08003aa4   0x00000080   Code   RO           19    i.MX_ADC3_Init      main.o
    0x08003b24   0x08003b24   0x00000070   Code   RO           20    i.MX_ADC5_Init      main.o
    0x08003b94   0x08003b94   0x0000006c   Code   RO           21    i.MX_DMA_Init       main.o
    0x08003c00   0x08003c00   0x0000015c   Code   RO           22    i.MX_GPIO_Init      main.o
    0x08003d5c   0x08003d5c   0x00000064   Code   RO           23    i.MX_OPAMP1_Init    main.o
    0x08003dc0   0x08003dc0   0x00000064   Code   RO           24    i.MX_OPAMP2_Init    main.o
    0x08003e24   0x08003e24   0x00000064   Code   RO           25    i.MX_OPAMP3_Init    main.o
    0x08003e88   0x08003e88   0x00000064   Code   RO           26    i.MX_OPAMP4_Init    main.o
    0x08003eec   0x08003eec   0x00000034   Code   RO           27    i.MX_SPI3_Init      main.o
    0x08003f20   0x08003f20   0x00000098   Code   RO           28    i.MX_TIM1_Init      main.o
    0x08003fb8   0x08003fb8   0x0000007c   Code   RO           29    i.MX_TIM2_Init      main.o
    0x08004034   0x08004034   0x00000080   Code   RO           30    i.MX_TIM3_Init      main.o
    0x080040b4   0x080040b4   0x00000048   Code   RO           31    i.MX_TIM6_Init      main.o
    0x080040fc   0x080040fc   0x00000098   Code   RO           32    i.MX_TIM8_Init      main.o
    0x08004194   0x08004194   0x00000002   Code   RO          527    i.MemManage_Handler  stm32g4xx_it.o
    0x08004196   0x08004196   0x00000002   Code   RO          528    i.NMI_Handler       stm32g4xx_it.o
    0x08004198   0x08004198   0x00000002   Code   RO          529    i.PendSV_Handler    stm32g4xx_it.o
    0x0800419a   0x0800419a   0x00000002   PAD
    0x0800419c   0x0800419c   0x0000000c   Code   RO          530    i.SPI3_IRQHandler   stm32g4xx_it.o
    0x080041a8   0x080041a8   0x00000036   Code   RO         2881    i.SPI_2linesRxISR_16BIT  stm32g4xx_hal_spi.o
    0x080041de   0x080041de   0x00000066   Code   RO         2882    i.SPI_2linesRxISR_8BIT  stm32g4xx_hal_spi.o
    0x08004244   0x08004244   0x00000032   Code   RO         2883    i.SPI_2linesTxISR_16BIT  stm32g4xx_hal_spi.o
    0x08004276   0x08004276   0x00000048   Code   RO         2884    i.SPI_2linesTxISR_8BIT  stm32g4xx_hal_spi.o
    0x080042be   0x080042be   0x00000052   Code   RO         2887    i.SPI_CloseRxTx_ISR  stm32g4xx_hal_spi.o
    0x08004310   0x08004310   0x00000012   Code   RO         2890    i.SPI_DMAAbortOnError  stm32g4xx_hal_spi.o
    0x08004322   0x08004322   0x00000048   Code   RO         2901    i.SPI_EndRxTxTransaction  stm32g4xx_hal_spi.o
    0x0800436a   0x0800436a   0x00000096   Code   RO         2906    i.SPI_WaitFifoStateUntilTimeout  stm32g4xx_hal_spi.o
    0x08004400   0x08004400   0x00000094   Code   RO         2907    i.SPI_WaitFlagStateUntilTimeout  stm32g4xx_hal_spi.o
    0x08004494   0x08004494   0x00000002   Code   RO          531    i.SVC_Handler       stm32g4xx_it.o
    0x08004496   0x08004496   0x00000004   Code   RO          532    i.SysTick_Handler   stm32g4xx_it.o
    0x0800449a   0x0800449a   0x00000078   Code   RO           33    i.SystemClock_Config  main.o
    0x08004512   0x08004512   0x00000002   PAD
    0x08004514   0x08004514   0x0000001c   Code   RO         4352    i.SystemInit        system_stm32g4xx.o
    0x08004530   0x08004530   0x0000000c   Code   RO          533    i.TIM1_BRK_TIM15_IRQHandler  stm32g4xx_it.o
    0x0800453c   0x0800453c   0x0000000c   Code   RO          534    i.TIM1_CC_IRQHandler  stm32g4xx_it.o
    0x08004548   0x08004548   0x0000001c   Code   RO          535    i.TIM1_TRG_COM_TIM17_IRQHandler  stm32g4xx_it.o
    0x08004564   0x08004564   0x0000001c   Code   RO          536    i.TIM1_UP_TIM16_IRQHandler  stm32g4xx_it.o
    0x08004580   0x08004580   0x0000000c   Code   RO          537    i.TIM2_IRQHandler   stm32g4xx_it.o
    0x0800458c   0x0800458c   0x0000000c   Code   RO          538    i.TIM3_IRQHandler   stm32g4xx_it.o
    0x08004598   0x08004598   0x00000024   Code   RO          539    i.TIM6_DAC_IRQHandler  stm32g4xx_it.o
    0x080045bc   0x080045bc   0x0000018c   Code   RO          540    i.TIM7_DAC_IRQHandler  stm32g4xx_it.o
    0x08004748   0x08004748   0x0000000c   Code   RO          541    i.TIM8_CC_IRQHandler  stm32g4xx_it.o
    0x08004754   0x08004754   0x0000000c   Code   RO          542    i.TIM8_UP_IRQHandler  stm32g4xx_it.o
    0x08004760   0x08004760   0x000000d4   Code   RO         3298    i.TIM_Base_SetConfig  stm32g4xx_hal_tim.o
    0x08004834   0x08004834   0x0000001a   Code   RO         3299    i.TIM_CCxChannelCmd  stm32g4xx_hal_tim.o
    0x0800484e   0x0800484e   0x00000014   Code   RO         3309    i.TIM_ETR_SetConfig  stm32g4xx_hal_tim.o
    0x08004862   0x08004862   0x00000002   Code   RO          543    i.UsageFault_Handler  stm32g4xx_it.o
    0x08004864   0x08004864   0x00000020   Code   RO         2627    i.__NVIC_SetPriority  stm32g4xx_hal_cortex.o
    0x08004884   0x08004884   0x0000000e   Code   RO         4409    i.__scatterload_copy  mc_w.l(handlers.o)
    0x08004892   0x08004892   0x00000002   Code   RO         4410    i.__scatterload_null  mc_w.l(handlers.o)
    0x08004894   0x08004894   0x0000000e   Code   RO         4411    i.__scatterload_zeroinit  mc_w.l(handlers.o)
    0x080048a2   0x080048a2   0x00000002   PAD
    0x080048a4   0x080048a4   0x0000013c   Code   RO           34    i.adaptive_filter   main.o
    0x080049e0   0x080049e0   0x0000002c   Code   RO           35    i.adaptive_routine  main.o
    0x08004a0c   0x08004a0c   0x00000174   Code   RO           36    i.calibration_filter  main.o
    0x08004b80   0x08004b80   0x00000274   Code   RO           37    i.calibration_routine  main.o
    0x08004df4   0x08004df4   0x00000014   Code   RO           38    i.current_sense_init  main.o
    0x08004e08   0x08004e08   0x00000320   Code   RO           39    i.execute_custom_grip  main.o
    0x08005128   0x08005128   0x00000184   Code   RO           40    i.finger_current_cutoff  main.o
    0x080052ac   0x080052ac   0x00000330   Code   RO           41    i.grip_test_1_      main.o
    0x080055dc   0x080055dc   0x00000358   Code   RO           42    i.grip_test_2_      main.o
    0x08005934   0x08005934   0x000002b0   Code   RO           43    i.grip_test_3_      main.o
    0x08005be4   0x08005be4   0x00000360   Code   RO           44    i.grip_test_4_      main.o
    0x08005f44   0x08005f44   0x00000318   Code   RO           45    i.grip_test_5_      main.o
    0x0800625c   0x0800625c   0x000001ec   Code   RO           46    i.grip_test_6_      main.o
    0x08006448   0x08006448   0x00000374   Code   RO           47    i.grip_test_7_      main.o
    0x080067bc   0x080067bc   0x00000308   Code   RO           48    i.grip_test_8_      main.o
    0x08006ac4   0x08006ac4   0x000018b0   Code   RO           49    i.main              main.o
    0x08008374   0x08008374   0x00000048   Code   RO           54    i.motor_1_current_config_init  main.o
    0x080083bc   0x080083bc   0x00000034   Code   RO           55    i.motor_1_encoder_config_init  main.o
    0x080083f0   0x080083f0   0x00000044   Code   RO           56    i.motor_1_reset     main.o
    0x08008434   0x08008434   0x000000a0   Code   RO           57    i.motor_1_set       main.o
    0x080084d4   0x080084d4   0x00000048   Code   RO           58    i.motor_2_current_config_init  main.o
    0x0800851c   0x0800851c   0x00000034   Code   RO           59    i.motor_2_encoder_config_init  main.o
    0x08008550   0x08008550   0x00000048   Code   RO           60    i.motor_2_reset     main.o
    0x08008598   0x08008598   0x000000a4   Code   RO           61    i.motor_2_set       main.o
    0x0800863c   0x0800863c   0x00000048   Code   RO           62    i.motor_3_current_config_init  main.o
    0x08008684   0x08008684   0x00000034   Code   RO           63    i.motor_3_encoder_config_init  main.o
    0x080086b8   0x080086b8   0x00000048   Code   RO           64    i.motor_3_reset     main.o
    0x08008700   0x08008700   0x000000b0   Code   RO           65    i.motor_3_set       main.o
    0x080087b0   0x080087b0   0x00000048   Code   RO           66    i.motor_4_current_config_init  main.o
    0x080087f8   0x080087f8   0x00000034   Code   RO           67    i.motor_4_encoder_config_init  main.o
    0x0800882c   0x0800882c   0x00000044   Code   RO           68    i.motor_4_reset     main.o
    0x08008870   0x08008870   0x000000a0   Code   RO           69    i.motor_4_set       main.o
    0x08008910   0x08008910   0x00000034   Code   RO           70    i.motors_init       main.o
    0x08008944   0x08008944   0x00000048   Code   RO           71    i.prep_arm          main.o
    0x0800898c   0x0800898c   0x000001b8   Code   RO           72    i.spi_receive_handler  main.o
    0x08008b44   0x08008b44   0x00000010   Data   RO         4353    .constdata          system_stm32g4xx.o
    0x08008b54   0x08008b54   0x00000020   Data   RO         4407    Region$$Table       anon$$obj.o


    Execution Region RW_IRAM1 (Exec base: 0x20000000, Load base: 0x08008b74, Size: 0x00000d48, Max: 0x00020000, ABSOLUTE)

    Exec Addr    Load Addr    Size         Type   Attr      Idx    E Section Name        Object

    0x20000000   0x08008b74   0x0000004b   Data   RW           78    .data               main.o
    0x2000004b   0x08008bbf   0x00000001   PAD
    0x2000004c   0x08008bc0   0x00000008   Data   RW          727    .data               stm32g4xx_hal_msp.o
    0x20000054   0x08008bc8   0x0000000c   Data   RW         1354    .data               stm32g4xx_hal.o
    0x20000060   0x08008bd4   0x00000004   Data   RW         4355    .data               system_stm32g4xx.o
    0x20000064        -       0x00000764   Zero   RW           73    .bss                main.o
    0x200007c8        -       0x00000060   Zero   RW           74    .bss                main.o
    0x20000828        -       0x00000060   Zero   RW           75    .bss                main.o
    0x20000888        -       0x00000060   Zero   RW           76    .bss                main.o
    0x200008e8        -       0x00000060   Zero   RW           77    .bss                main.o
    0x20000948        -       0x00000400   Zero   RW            1    STACK               startup_stm32g474xx.o


==============================================================================

Image component sizes


      Code (inc. data)   RO Data    RW Data    ZI Data      Debug   Object Name

     19942        662          0         75       2276     949557   main.o
        36          8        472          0       1024        840   startup_stm32g474xx.o
       162         24          0         12          0       4361   stm32g4xx_hal.o
      3452        190          0          0          0      86543   stm32g4xx_hal_adc.o
       510         36          0          0          0      72858   stm32g4xx_hal_adc_ex.o
       198         14          0          0          0      33975   stm32g4xx_hal_cortex.o
       906         30          0          0          0       6614   stm32g4xx_hal_dma.o
       834         70          0          0          0       5185   stm32g4xx_hal_gpio.o
      1668        138          0          8          0      14547   stm32g4xx_hal_msp.o
       692         12          0          0          0       4316   stm32g4xx_hal_opamp.o
       188         14          0          0          0        846   stm32g4xx_hal_pwr_ex.o
      1580         58          0          0          0       4754   stm32g4xx_hal_rcc.o
       768         10          0          0          0       1968   stm32g4xx_hal_rcc_ex.o
      1382         22          0          0          0      10894   stm32g4xx_hal_spi.o
      1480         48          0          0          0      12312   stm32g4xx_hal_tim.o
       480         46          0          0          0       6642   stm32g4xx_hal_tim_ex.o
       712        166          0          0          0      14487   stm32g4xx_it.o
        28          6         16          4          0       1147   system_stm32g4xx.o

    ----------------------------------------------------------------------
     35056       1554        520        100       3300    1231846   Object Totals
         0          0         32          0          0          0   (incl. Generated)
        38          0          0          1          0          0   (incl. Padding)

    ----------------------------------------------------------------------

      Code (inc. data)   RO Data    RW Data    ZI Data      Debug   Library Member Name

         0          0          0          0          0          0   entry.o
         0          0          0          0          0          0   entry10a.o
         0          0          0          0          0          0   entry11a.o
         8          4          0          0          0          0   entry2.o
         4          0          0          0          0          0   entry5.o
         0          0          0          0          0          0   entry7b.o
         0          0          0          0          0          0   entry8b.o
         8          4          0          0          0          0   entry9a.o
        30          0          0          0          0          0   handlers.o
        36          8          0          0          0         68   init.o
        36          0          0          0          0        108   memseta.o

    ----------------------------------------------------------------------
       124         16          0          0          0        176   Library Totals
         2          0          0          0          0          0   (incl. Padding)

    ----------------------------------------------------------------------

      Code (inc. data)   RO Data    RW Data    ZI Data      Debug   Library Name

       122         16          0          0          0        176   mc_w.l

    ----------------------------------------------------------------------
       124         16          0          0          0        176   Library Totals

    ----------------------------------------------------------------------

==============================================================================


      Code (inc. data)   RO Data    RW Data    ZI Data      Debug   

     35180       1570        520        100       3300    1213526   Grand Totals
     35180       1570        520        100       3300    1213526   ELF Image Totals
     35180       1570        520        100          0          0   ROM Totals

==============================================================================

    Total RO  Size (Code + RO Data)                35700 (  34.86kB)
    Total RW  Size (RW Data + ZI Data)              3400 (   3.32kB)
    Total ROM Size (Code + RO Data + RW Data)      35800 (  34.96kB)

==============================================================================

